
Memory Configuration

Name             Origin             Length             Attributes
*default*        0x0000000000000000 0xffffffffffffffff

Linker script and memory map

LOAD /home/lixx/ZGCX/S1_Project/IFord_CLD00V2.0.0/SourceCode/S1_Project/sdk/linux/init/isp/../../obj/uclibc/9.1.0/isp.o
LOAD /home/lixx/ZGCX/S1_Project/IFord_CLD00V2.0.0/SourceCode/S1_Project/sdk/linux/init/isp/isp_init.o
LOAD /home/lixx/ZGCX/S1_Project/IFord_CLD00V2.0.0/SourceCode/S1_Project/sdk/linux/init/isp/ispmid_init.o
LOAD /home/lixx/ZGCX/S1_Project/IFord_CLD00V2.0.0/SourceCode/S1_Project/sdk/linux/init/isp/mload_init.o

.interp
 *(.interp)

.note.gnu.build-id
 *(.note.gnu.build-id)

.hash
 *(.hash)

.gnu.hash
 *(.gnu.hash)

.dynsym
 *(.dynsym)

.dynstr
 *(.dynstr)

.gnu.version
 *(.gnu.version)

.gnu.version_d
 *(.gnu.version_d)

.gnu.version_r
 *(.gnu.version_r)

.rel.init
 *(.rel.init)

.rela.init
 *(.rela.init)

.rel.text
 *(.rel.text)

.rela.text
 *(.rela.text)

.rel.fini
 *(.rel.fini)

.rela.fini
 *(.rela.fini)

.rel.rodata
 *(.rel.rodata)

.rela.rodata
 *(.rela.rodata)

.rel.data.rel.ro
 *(.rel.data.rel.ro)

.rela.data.rel.ro
 *(.rela.data.rel.ro)

.rel.data
 *(.rel.data)

.rela.data
 *(.rela.data)

.rel.tdata
 *(.rel.tdata)

.rela.tdata
 *(.rela.tdata)

.rel.tbss
 *(.rel.tbss)

.rela.tbss
 *(.rela.tbss)

.rel.ctors
 *(.rel.ctors)

.rela.ctors
 *(.rela.ctors)

.rel.dtors
 *(.rel.dtors)

.rela.dtors
 *(.rela.dtors)

.rel.got
 *(.rel.got)

.rela.got
 *(.rela.got)

.rel.bss
 *(.rel.bss)

.rela.bss
 *(.rela.bss)

.rel.iplt
 *(.rel.iplt)

.rela.iplt
 *(.rela.iplt)

.rel.plt
 *(.rel.plt)

.rela.plt
 *(.rela.plt)

.init
 *(SORT_NONE(.init))

.plt
 *(.plt)

.iplt
 *(.iplt)

.text           0x0000000000000000    0x55cf8
 *(.text .stub)
 .text          0x0000000000000000    0x55548 /home/lixx/ZGCX/S1_Project/IFord_CLD00V2.0.0/SourceCode/S1_Project/sdk/linux/init/isp/../../obj/uclibc/9.1.0/isp.o
                0x0000000000000000                MI_ISP_IOCTL_CreateDevice
                0x0000000000000070                MI_ISP_IOCTL_DestoryDevice
                0x00000000000000e8                MI_ISP_IOCTL_CreateChannel
                0x0000000000000168                MI_ISP_IOCTL_DestroyChannel
                0x00000000000001ec                MI_ISP_IOCTL_SetInputPortCrop
                0x0000000000000214                MI_ISP_IOCTL_GetInputPortCrop
                0x000000000000023c                MI_ISP_IOCTL_SetChnParam
                0x0000000000000264                MI_ISP_IOCTL_GetChnParam
                0x000000000000028c                MI_ISP_IOCTL_SetSubChnParam
                0x00000000000002b8                MI_ISP_IOCTL_GetSubChnParam
                0x00000000000002e4                MI_ISP_IOCTL_StartChannel
                0x0000000000000308                MI_ISP_IOCTL_StopChannel
                0x000000000000032c                MI_ISP_IOCTL_SetOutputPortParam
                0x0000000000000358                MI_ISP_IOCTL_GetOutputPortParam
                0x0000000000000384                MI_ISP_IOCTL_EnableOutputPort
                0x00000000000003f4                MI_ISP_IOCTL_DisableOutputPort
                0x0000000000000464                MI_ISP_IOCTL_SetInsideLdcParam
                0x0000000000000498                MI_ISP_IOCTL_AiBnrInit
                0x00000000000004bc                MI_ISP_IOCTL_AiBnrDeInit
                0x00000000000004e0                MI_ISP_IOCTL_SetAiBnrAttr
                0x0000000000000508                MI_ISP_IOCTL_SetAiBnrExtAttr
                0x0000000000000540                MI_ISP_IOCTL_GetAiBnrExtAttr
                0x0000000000000580                MI_ISP_IOCTL_AllocIQDataBuf
                0x00000000000005d4                MI_ISP_IOCTL_FreeIQDataBuf
                0x00000000000005f8                MI_ISP_IOCTL_SetIQApiData
                0x0000000000000620                MI_ISP_IOCTL_GetIQApiData
                0x0000000000000648                MI_ISP_IOCTL_CallBackTaskRegister
                0x00000000000006a0                MI_ISP_IOCTL_CallBackTaskUnregister
                0x00000000000006f8                MI_ISP_IOCTL_SkipFrame
                0x0000000000000720                MI_ISP_IOCTL_LoadPortZoomTable
                0x0000000000000748                MI_ISP_IOCTL_StartPortZoom
                0x0000000000000770                MI_ISP_IOCTL_StopPortZoom
                0x0000000000000794                MI_ISP_IOCTL_GetPortCurZoomAttr
                0x00000000000007bc                MI_ISP_IOCTL_GetOverlapAttr
                0x00000000000007e4                MI_ISP_IOCTL_SetOverlapAttr
                0x000000000000080c                MI_ISP_IOCTL_GetAllMhalChnId
                0x0000000000000994                MI_DEVICE_WrapperFunction_isp
                0x00000000000009ac                IS_PRINT_MATCH_isp
                0x0000000000000a14                MI_DEVICE_Instance_isp
                0x0000000000000a1c                MI_DEVICE_GetSelfDir_isp
                0x0000000000000a28                AddUTIoctlTable
                0x0000000000000a2a                isp__module_init
                0x0000000000000af4                isp__module_exit
                0x0000000000000ebc                MI_ISP_PASS_GetPassCommonRes
                0x0000000000000ee0                MI_ISP_TRANS_FuncToPassId
                0x0000000000000f1c                MI_ISP_PASS_IsSkip
                0x0000000000000f30                MI_ISP_PASS_OnGetInputPortNum
                0x0000000000000f34                MI_ISP_PASS_GetOutputPortNum
                0x0000000000000f38                MI_ISP_PASS_OnGetCurPassInnerBindInputPort
                0x0000000000000f44                MI_ISP_PASS_OnGetCurPassInnerBindOutputPort
                0x0000000000000f48                MI_ISP_PASS_RejectCmdq
                0x0000000000000fc0                MI_ISP_PASS_IpuPassGetOutputPortNum
                0x0000000000000fc4                MI_ISP_PASS_IpuPassOnCheckPassSkipMode
                0x0000000000001194                MI_ISP_IMPL_MiSysMap
                0x00000000000013a0                MI_ISP_PASS_OnGetOutputPortBindCapability
                0x0000000000001554                MI_ISP_IMPL_MiSysFree
                0x000000000000162c                MI_ISP_PASS_OnGetInputPortBindCapability
                0x0000000000001662                MI_ISP_IMPL_MiSysFlashCache
                0x0000000000001684                MI_ISP_IMPL_MiSysUnMap
                0x0000000000001c7c                MI_ISP_PASS_OnPmResumeNotify
                0x0000000000001dd0                MI_ISP_PASS_OnPmSuspendNotify
                0x0000000000001efc                MI_ISP_PASS_OnSuspend
                0x0000000000001f6c                MI_ISP_PASS_OnResume
                0x000000000000221c                MI_ISP_IMPL_MiSysAlloc
                0x000000000000258c                MI_ISP_IMPL_LockChn
                0x00000000000025b0                MI_ISP_IMPL_UnLockChn
                0x00000000000025d4                MI_ISP_PASS_OnBindInputPort
                0x00000000000026c0                MI_ISP_PASS_OnUnBindInputPort
                0x0000000000002804                MI_ISP_PASS_PrePassOnCheckPassSkipMode
                0x00000000000029a0                MI_ISP_DEBUG_DumpTaskThread
                0x0000000000002b0e                MI_ISP_PLATFORM_SupportInputCrop
                0x0000000000002b32                MI_ISP_PLATFORM_SupportRot
                0x0000000000002c04                MI_ISP_PLATFORM_SupportFlip
                0x0000000000002cc4                MI_ISP_PLATFORM_SupportHdr
                0x0000000000002d1c                MI_ISP_PLATFORM_SupportHDRFusionType
                0x0000000000002d38                MI_ISP_PLATFORM_SupportHDRExposureType
                0x0000000000002e38                MI_ISP_PLATFORM_SupportMirror
                0x0000000000002eec                MI_ISP_PLATFORM_Support3DNR
                0x0000000000002fb8                MI_ISP_PLATFORM_SupportRgbIr
                0x0000000000002ff4                MI_ISP_PLATFORM_SupportDMA420
                0x0000000000003000                MI_ISP_PLATFORM_RotFlipRelyOn3Dnr
                0x0000000000003024                MI_ISP_PLATFORM_SupportOutputCEMode
                0x0000000000003054                MI_ISP_PLATFORM_SupportInputCEMode
                0x0000000000003098                MI_ISP_PLATFORM_OutputCERelayOnPixel
                0x00000000000030b4                MI_ISP_PLATFORM_SupportPhylayoutType
                0x00000000000030d2                MI_ISP_PLATFORM_SupportCRC
                0x00000000000030e6                MI_ISP_PLATFORM_GetStrideAlign
                0x000000000000312c                MI_ISP_PLATFORM_GetOutputAlign
                0x0000000000003158                MI_ISP_PLATFORM_SupportY2B
                0x000000000000318c                MI_ISP_PLATFORM_MultiDevIdSupport
                0x00000000000031b4                MI_ISP_PLATFORM_GetRotExtraBufferEn
                0x00000000000031f8                MI_ISP_PLATFORM_GetInputMaxWidth
                0x000000000000325c                MI_ISP_PLATFORM_GetInputMinWidth
                0x00000000000032a0                MI_ISP_PLATFORM_GetInputMinHeight
                0x00000000000032d8                MI_ISP_PLATFORM_GetIpuPreBufOrder
                0x00000000000033f8                MI_ISP_TRANS_MiSegToMhal
                0x000000000000342c                MI_ISP_TRANS_SegToFuncNodeMaskAndSkipPass
                0x000000000000381c                MI_ISP_TRANS_RotToMhalType
                0x00000000000038c0                MI_ISP_PLATFORM_GetInputMaxHeight
                0x00000000000039b8                MI_ISP_TRANS_PixelFormatToBayerBitId
                0x0000000000003a88                MI_ISP_PLATFORM_SupportInputPixel
                0x0000000000003b28                MI_ISP_PLATFORM_SupportOutputPixel
                0x0000000000003b68                MI_ISP_PLATFORM_InputCERelayOnPixel
                0x0000000000004248                MI_ISP_TRANS_PixelFormatToMhal
                0x00000000000043bc                MI_ISP_TRANS_PixelToBit
                0x00000000000044b8                MI_ISP_TRANS_SensorBindIdToMhal
                0x0000000000004514                MI_ISP_TRANS_GetMhalInputSensorBind
                0x0000000000004524                MI_ISP_TRANS_MhalIspSensorBindIdToMhalSensor
                0x0000000000004568                MI_ISP_TRANS_FindSnrFlagAndId
                0x000000000000457c                MI_ISP_TRANS_PortToWaitDoneNote
                0x00000000000045b4                MI_ISP_TRANS_OverlapToOffset
                0x00000000000045e0                MI_ISP_TRANS_SysInputTaskToCommonBufferInfo
                0x0000000000004838                MI_ISP_TRANS_GetMhalInputMode
                0x000000000000486a                MI_ISP_TRANS_ImplBufLayout
                0x00000000000048c4                MI_ISP_TRANS_BindTypeToFrameType
                0x00000000000048e4                MI_ISP_TRANS_MIHdrTypeToMhal
                0x0000000000004938                MI_ISP_TRANS_VifMateInfoToMhalType
                0x00000000000049f4                MI_ISP_TRANS_LayOutToExtDmaType
                0x0000000000004c2c                MI_ISP_DEBUG_CallBackEnterFuncDbg
                0x0000000000004d5c                MI_ISP_DEBUG_PrepareInputTask
                0x0000000000004e24                MI_ISP_DEBUG_PrepareOutTaskMetaInfo
                0x0000000000004e40                MI_ISP_DEBUG_EnqueTask
                0x0000000000004eb4                MI_ISP_DEBUG_BarrierInputTask
                0x0000000000004f10                MI_ISP_DEBUG_CheckInputTask
                0x0000000000004f2a                MI_ISP_DEBUG_DequeInputTask
                0x0000000000004f48                MI_ISP_DEBUG_DequeOutputTask
                0x00000000000050c8                MI_ISP_DEBUG_DumpCmdqTimeOutInfo
                0x00000000000051c4                MI_ISP_CHECK_ChnParamValid
                0x0000000000005250                MI_ISP_CHECK_DevChnCreate
                0x0000000000005288                MI_ISP_IMPL_GetChnParam
                0x0000000000005308                MI_ISP_IMPL_SkipFrame
                0x0000000000005370                MI_ISP_CHECK_SubDevChnCreate
                0x00000000000053a4                MI_ISP_CHECK_DevChnCreateOutputPortSupport
                0x00000000000053dc                MI_ISP_CHECK_DevAttr
                0x0000000000005434                MI_ISP_CHECK_ChnAttr
                0x0000000000005470                MI_ISP_CHECK_DestroyDev
                0x000000000000549c                MI_ISP_CHECK_AllOutputUnbind
                0x00000000000054dc                MI_ISP_CHECK_CustSegAttr
                0x0000000000005554                MI_ISP_CHECK_InputBuffValid
                0x000000000000567c                MI_ISP_CHECK_InputSizeValid
                0x0000000000005714                MI_ISP_CHECK_OutputSizeValid
                0x0000000000005730                MI_ISP_CHECK_ModuleOutputParamValid
                0x00000000000057a8                MI_ISP_CHECK_CropValid
                0x0000000000005a30                MI_ISP_CHECK_Y2BChange
                0x0000000000005a6e                MI_ISP_CHECK_ChnParamChange
                0x0000000000005a92                MI_ISP_CHECK_ZoomInfoValid
                0x0000000000005ab0                MI_ISP_CHECK_InputAttrChanged
                0x0000000000005ae0                MI_ISP_CHECK_OutputPortBindType
                0x0000000000005b14                MI_ISP_CHECK_OutputBufferInfo
                0x0000000000005b7c                MI_ISP_CHECK_IsMultiPlane
                0x0000000000005b86                MI_ISP_CHECK_IsWaitDoneIndex
                0x0000000000005ba0                MI_ISP_CHECK_InputModeChanged
                0x0000000000005c00                MI_ISP_DRVCFG_RequestEnableIrq
                0x0000000000005c44                MI_ISP_DRVCFG_Init
                0x0000000000005c70                MI_ISP_DRVCFG_DisableFreeIrq
                0x0000000000005ca0                MI_ISP_DRVCFG_DeInit
                0x0000000000005ccc                MI_ISP_DRVCFG_SetAECrop
                0x0000000000005cda                MI_ISP_DRVCFG_GetSwitchSensorId
                0x0000000000005e3c                MI_ISP_DRVCFG_GetSensorMaxFps
                0x0000000000005ea4                MI_ISP_DRVCFG_SetAck
                0x0000000000005ed8                MI_ISP_DRVCFG_SetSTA
                0x0000000000005f0c                MI_ISP_DRVCFG_SetPDAF
                0x0000000000005f40                MI_ISP_DRVCFG_SetHDRCfg
                0x0000000000005f84                MI_ISP_DRVCFG_NextFramePts
                0x0000000000005fcc                MI_ISP_DRVCFG_ProcessCfg
                0x0000000000006180                MI_ISP_DRVCFG_IspNotifyDone
                0x00000000000061b0                MI_ISP_DRVCFG_WaitDone
                0x0000000000006294                MI_ISP_DRVCFG_ReadFence
                0x0000000000006492                MI_ISP_DRVCFG_VifMask
                0x00000000000064c4                MI_ISP_DRVCFG_SwitchSensor
                0x0000000000006588                MI_ISP_DRVCFG_CreateInstance
                0x0000000000006674                MI_ISP_DRVCFG_DestroyInstance
                0x00000000000066b0                MI_ISP_DRVCFG_LdcPrepare
                0x00000000000066dc                MI_ISP_DRVCFG_LdcProcess
                0x000000000000676c                MI_ISP_DRVCFG_LdcReset
                0x0000000000006788                MI_ISP_DRVCFG_LdcBarrier
                0x00000000000067a4                MI_ISP_DRVCFG_LdcNotifyDone
                0x00000000000067cc                MI_ISP_DRVCFG_LdcStitchBarrier
                0x00000000000067e8                MI_ISP_DRVCFG_VifInputMaskRealtime
                0x00000000000067f8                MI_ISP_DRVCFG_InputCfg
                0x0000000000006940                MI_ISP_DRVCFG_GetSensorId
                0x00000000000069dc                MI_ISP_CHECK_SensorPadIsValid
                0x0000000000006c58                MI_ISP_PASS_Lock
                0x0000000000006ccc                MI_ISP_PASS_UnLock
                0x0000000000006cec                MI_ISP_PASS_OnBarrierInputTask
                0x0000000000006dfc                MI_ISP_PASS_OnCheckInputTaskStatus
                0x0000000000006eb8                MI_ISP_PASS_OnDequeueInputTask
                0x0000000000006f98                MI_ISP_PASS_ModuleonGetInterBindInputPortPassId
                0x000000000000702c                MI_ISP_PASS_ModuleonGetInterBindOutputPortPassId
                0x00000000000070c0                MI_ISP_PASS_ModuleonGetCurPassInnerBindMode
                0x000000000000714c                MI_ISP_PASS_ResetDevPass
                0x0000000000007274                MI_ISP_PASS_IpuPassOnPrepareOutputTaskMetaInfo
                0x0000000000007330                MI_ISP_PASS_IpuPassOnEnqueueInputTask
                0x0000000000007754                MI_ISP_PASS_IpuPassOnBarrierInputTask
                0x00000000000077e8                MI_ISP_PASS_IpuPassOnCheckInputTaskStatus
                0x0000000000007870                MI_ISP_PASS_IpuPassOnDequeueInputTask
                0x00000000000078c8                MI_ISP_PASS_IpuPassOnDequeueOutputTask
                0x000000000000796c                MI_ISP_PASS_GetRealPLaneShfit
                0x00000000000079d4                MI_ISP_PASS_ParseOutPutPortSideBandMsg
                0x0000000000007a68                MI_ISP_PASS_SetEnqueueMsg
                0x0000000000007ab8                MI_ISP_IMPL_StartChannel
                0x0000000000007b8c                MI_ISP_IMPL_StopChannel
                0x0000000000007d44                MI_ISP_PASS_GetPassOutPortRes
                0x0000000000007dac                MI_ISP_PASS_OnBindOutputPort
                0x0000000000007f98                MI_ISP_PASS_OnUnBindOutputPort
                0x0000000000008068                MI_ISP_IMPL_SetOutputPortParam
                0x00000000000081e4                MI_ISP_IMPL_GetOutputPortParam
                0x00000000000082b4                MI_ISP_IMPL_EnableOutputPort
                0x000000000000845c                MI_ISP_IMPL_DisableOutputPort
                0x0000000000008578                MI_ISP_PASS_PostPassOnCheckPassSkipMode
                0x0000000000008582                MI_ISP_PASS_AllotPlaneIndex
                0x00000000000086c0                MI_ISP_PASS_GetSubChnResFromPlaneIndex
                0x0000000000008710                MI_ISP_TRANS_FrameInfo
                0x0000000000008a9c                MI_ISP_DEBUG_CheckOutputTask
                0x0000000000008ae4                MI_ISP_PASS_IpuPassOnCheckOutputTaskStatus
                0x0000000000008d5c                MI_ISP_PASS_OnCheckOutputTaskStatus
                0x0000000000008e68                MI_ISP_TRANS_SysOutputTaskToCommonBufferInfo
                0x0000000000008fc8                MI_ISP_TRANS_MhalChnIdToSubChnId
                0x000000000000904c                MI_ISP_DRVCFG_SetModParamsToSys
                0x00000000000091a0                MI_ISP_DRVCFG_ApiSet
                0x000000000000944c                MI_ISP_PASS_OnPrepareOutputTaskMetaInfo
                0x00000000000095b8                MI_ISP_PASS_OnEnqueueInputTask
                0x0000000000009a44                MI_ISP_PASS_OnDequeueOutputTask
                0x0000000000009b70                MI_ISP_IMPL_SetChnParam
                0x0000000000009cd4                MI_ISP_PASS_CalcOutputAllocSize
                0x0000000000009e88                MI_ISP_PASS_IpuPassOnPreProcessInputTask
                0x000000000000a0c0                MI_ISP_PASS_EffectOverlap
                0x000000000000a208                MI_ISP_PASS_OnPreProcessInputTask
                0x000000000000a70c                MI_ISP_MODPARAM_ModuleDbgParamPrint
                0x000000000000a70e                MI_ISP_MODPARAM_HWOutPortDbgParamInit
                0x000000000000a7b0                MI_ISP_MODPARAM_DevDbgParamInit
                0x000000000000aba8                MI_ISP_MODPARAM_ModuleDbgParamInit
                0x000000000000aca4                MI_ISP_MODPARAM_ModuleDbgInit
                0x000000000000accc                MI_ISP_MODPARAM_ModuleDbgDeInit
                0x000000000000ace8                _MI_ISP_IMPL_TransIspUserBufToKernel
                0x000000000000ad34                _MI_ISP_IMPL_FindIqApiBuffHashEntry
                0x000000000000ad80                mhal_isp_insmod
                0x000000000000ada4                mhal_isp_rmmod
                0x000000000000adb6                MI_ISP_IMPL_Insmod
                0x000000000000b004                MI_ISP_IMPL_Rmmod
                0x000000000000b03c                MI_ISP_IMPL_Init
                0x000000000000b164                MI_ISP_IMPL_CreateDevice
                0x000000000000b420                MI_ISP_IMPL_DestoryDevice
                0x000000000000b584                MI_ISP_IMPL_GetSubChnId
                0x000000000000b650                MI_ISP_IMPL_CreateChannel
                0x000000000000b974                MI_ISP_IMPL_DestroyChannel
                0x000000000000bb94                MI_ISP_IMPL_DeInit
                0x000000000000bce8                MI_ISP_IMPL_SetInputPortCrop
                0x000000000000be14                MI_ISP_IMPL_GetInputPortCrop
                0x000000000000bea0                MI_ISP_IMPL_SetInsideLdcParam
                0x000000000000bf60                MI_ISP_IMPL_AiBnrInit
                0x000000000000bf64                MI_ISP_IMPL_AiBnrDeInit
                0x000000000000bf68                MI_ISP_IMPL_SetAiBnrAttr
                0x000000000000c050                MI_ISP_IMPL_SetAiBnrExtAttr
                0x000000000000c134                MI_ISP_IMPL_GetAiBnrExtAttr
                0x000000000000c1d8                MI_ISP_IMPL_SetSubChnParam
                0x000000000000c32c                MI_ISP_IMPL_GetSubChnParam
                0x000000000000c440                MI_ISP_IMPL_AllocIQDataBuf
                0x000000000000c5fc                MI_ISP_IMPL_FreeIQDataBuf
                0x000000000000c69c                MI_ISP_IMPL_SetIQApiData
                0x000000000000c7b8                MI_ISP_IMPL_GetIQApiData
                0x000000000000c900                MI_ISP_IMPL_CallBackTaskRegister
                0x000000000000ca0c                MI_ISP_IMPL_CallBackTaskUnregister
                0x000000000000cb18                MI_ISP_IMPL_LoadPortZoomTable
                0x000000000000cc8c                MI_ISP_IMPL_StartPortZoom
                0x000000000000cd80                MI_ISP_IMPL_StopPortZoom
                0x000000000000cdfc                MI_ISP_IMPL_GetPortCurZoomAttr
                0x000000000000ce84                MI_ISP_IMPL_SetOverlapAttr
                0x000000000000cf2c                MI_ISP_IMPL_GetOverlapAttr
                0x000000000000cf88                MI_ISP_IMPL_GetAllMhalChnId
                0x000000000000d068                MI_ISP_IMPL_InitCus3a
                0x000000000000d06c                MI_ISP_IMPL_ReleaseCus3a
                0x000000000000d070                MI_ISP_IMPL_Cus3aEnUsrAE
                0x000000000000d074                MI_ISP_IMPL_Cus3aEnUsrAWB
                0x000000000000d078                MI_ISP_IMPL_Cus3aEnUsrAF
                0x000000000000d07c                MI_ISP_IMPL_Cus3aCondUpdate
                0x000000000000d080                MI_ISP_IMPL_Cus3aCondWait
                0x000000000000d084                MI_ISP_IMPL_Cus3aTriggerEvent
                0x000000000000d088                mi_isp_RegisterLdcFuncCB
                0x000000000000d110                mi_isp_UnRegisterLdcFuncCB
                0x000000000000d1a4                DRV_ISP_ApplyShadow
                0x000000000000d44c                DrvIspApplyHdrRatio
                0x000000000000d452                DRV_ISP_ApplyDGain
                0x000000000000d496                DRV_ISP_ApplyAwbGain
                0x000000000000d4a6                DRV_ISP_IsHwPost3dnr
                0x000000000000d4aa                DRV_ISP_GetHwStatisticsBufferSize
                0x000000000000d4b8                DRV_ISP_AssignHwStatisticsBuffer
                0x000000000000d4d6                DRV_ISP_AwbSwitchHwStatsForHdrPipe
                0x000000000000d520                DRV_ISP_HistoSwitchHwStatsForHdrPipe
                0x000000000000d56c                DRV_ISP_GetAllStatsRefBufFromLayout
                0x000000000000d5ea                DRV_ISP_AssignAllStatsRefBuf
                0x000000000000d6ce                DRV_ISP_CopyStatisBufInfo
                0x000000000000d7e4                DRV_ISP_IspMaskIntAll
                0x000000000000d7ea                DRV_ISP_ClrCmdqIrq
                0x000000000000d7f0                DRV_ISP_MaskCmdqIrq
                0x000000000000d7f6                DRV_ISP_ForceCmdqIrq
                0x000000000000d7fc                DRV_ISP_PollCmdqIrq
                0x000000000000d802                DRV_ISP_PollCmdqRegValue
                0x000000000000d808                DRV_ISP_RegisterCallback
                0x000000000000d814                DRV_ISP_GetHandle
                0x000000000000d820                DRV_ISP_Open
                0x000000000000d88c                DRV_ISP_Close
                0x000000000000d8a4                DRV_ISP_ResetByFlag
                0x000000000000d8f4                DRV_ISP_Reset
                0x000000000000d8fc                DRV_ISP_Resume
                0x000000000000d938                DRV_ISP_Suspend
                0x000000000000d968                DRV_ISP_PowerOn
                0x000000000000da28                DRV_ISP_PowerOff
                0x000000000000db08                DRV_ISP_InitHw
                0x000000000000dc2e                DRV_ISP_3aStatisticDisable
                0x000000000000dc6a                DRV_ISP_SetAeWin
                0x000000000000dd68                DRV_ISP_SetAwbWin
                0x000000000000de80                DRV_ISP_SetHistoAttr
                0x000000000000df28                DRV_ISP_SetHistoWins
                0x000000000000df36                DRV_ISP_GetHistoWins
                0x000000000000df44                DRV_ISP_SetAfRoiMode
                0x000000000000df4a                DRV_ISP_GetAfRoiMode
                0x000000000000df50                DRV_ISP_SetAfBnr
                0x000000000000df56                DRV_ISP_GetAfBnr
                0x000000000000df5c                DRV_ISP_SetAfYParam
                0x000000000000df62                DRV_ISP_GetAfYParam
                0x000000000000df68                DRV_ISP_SetAfSource
                0x000000000000df70                DRV_ISP_GetAfSource
                0x000000000000df76                DRV_ISP_SetAeSource
                0x000000000000df7e                DRV_ISP_SetAwbSource
                0x000000000000df86                DrvIspSetHistoSource
                0x000000000000df8e                DRV_ISP_SetAfWin
                0x000000000000e014                DRV_ISP_3aStatisticConfig
                0x000000000000e2b4                DRV_ISP_GetAfWin
                0x000000000000e2c2                DRV_ISP_SetAfFilterAttr
                0x000000000000e2c8                DRV_ISP_GetAfFilterAttr
                0x000000000000e2ce                DRV_ISP_SetAfFilterSq
                0x000000000000e2d4                DRV_ISP_GetAfFilterSq
                0x000000000000e2da                DRV_ISP_SetAfPreFilter
                0x000000000000e2e0                DRV_ISP_GetAfPreFilter
                0x000000000000e2e6                DRV_ISP_SetAfFirFilter
                0x000000000000e2ea                DRV_ISP_GetAfFirFilter
                0x000000000000e2ee                DRV_ISP_SetAfYMap
                0x000000000000e2f4                DRV_ISP_GetAfYMap
                0x000000000000e2fa                DRV_ISP_SetAfLdg
                0x000000000000e300                DRV_ISP_GetAfLdg
                0x000000000000e306                DRV_ISP_SetAfPeakMode
                0x000000000000e30c                DRV_ISP_GetAfPeakMode
                0x000000000000e312                DRV_ISP_SetAfGMode
                0x000000000000e316                DRV_ISP_GetAfGMode
                0x000000000000e31a                DRV_ISP_3dnrManualSwingRounderEnable
                0x000000000000e31e                DRV_ISP_3dnrAutoSwingRounderEnable
                0x000000000000e322                DRV_ISP_TnrGetBufSize
                0x000000000000e338                DRV_ISP_TnrEngineEnable
                0x000000000000e33e                DRV_ISP_TnrEngineUpdate
                0x000000000000e344                DRV_ISP_TnrRingChnSwitch
                0x000000000000e354                DRV_ISP_TnrRingChnInitTry
                0x000000000000e4c4                DRV_ISP_TnrRingChnDeinit
                0x000000000000e4fc                DRV_ISP_TnrRingChnEnable
                0x000000000000e534                DRV_ISP_TnrRingChnDisable
                0x000000000000e570                DRV_ISP_TnrEngineInit
                0x000000000000e616                DRV_ISP_TnrEngineDeInit
                0x000000000000e64a                DRV_ISP_TnrRingChnRingUpdate
                0x000000000000e724                DRV_ISP_TnrRingChnRingUpdateFromHw
                0x000000000000e7f0                DRV_ISP_TnrRingChnRdmaUpdate
                0x000000000000e84c                DRV_ISP_TnrRingChnWdmaUpdate
                0x000000000000e8a8                DRV_ISP_DnrEngineClockEnable
                0x000000000000e8ae                DRV_ISP_DnrEngineTrigger1stFrame
                0x000000000000e8c0                DRV_ISP_DnrEngineAfter1stFrame
                0x000000000000e8ca                DRV_ISP_DnrEngineEnable
                0x000000000000e8d4                DRV_ISP_DnrEngineInit
                0x000000000000e97a                DRV_ISP_DnrEngineDeInit
                0x000000000000e980                DRV_ISP_3dnrGetRefBufSize
                0x000000000000e996                DRV_ISP_3dnrGetHistBufSize
                0x000000000000e9ac                DRV_ISP_RotEngineInit
                0x000000000000ea08                DRV_ISP_RotEngineDeInit
                0x000000000000ea38                DRV_ISP_RotEngineInitEx
                0x000000000000ea70                DRV_ISP_RotCalBufSize
                0x000000000000ea7e                DRV_ISP_RotReleaseBufSize
                0x000000000000ea82                DRV_ISP_MotionCalBufSize
                0x000000000000ea90                DRV_ISP_MotionRdmaGetMiuReqNum
                0x000000000000ea94                DRV_ISP_MotionEngineInit
                0x000000000000eaf4                DRV_ISP_MotionEngineDeInit
                0x000000000000eafc                DRV_ISP_NeIsSupported
                0x000000000000eb00                DRV_ISP_NeCalBufSize
                0x000000000000eb0e                DRV_ISP_NeEngineInit
                0x000000000000eb5a                DRV_ISP_NeEngineDeInit
                0x000000000000eb62                DRV_ISP_WdrGetBigBufSize
                0x000000000000eb70                DrvIspWdrGetSmallLv2BufSize
                0x000000000000eb7e                DrvIspWdrGetSmallLv3BufSize
                0x000000000000eb8c                DRV_ISP_WdrGetSmallBufSize
                0x000000000000eb9a                DRV_ISP_WdrSetBigBaseAddr
                0x000000000000eba0                DRV_ISP_WdrSetSmallBaseAddr
                0x000000000000eba6                DRV_ISP_WdrSetMloadBuffer
                0x000000000000ebac                DRV_ISP_WdrSetLocalSizeEX
                0x000000000000ebbc                DRV_ISP_WdrMultipleFrameEnable
                0x000000000000ebc2                DRV_ISP_WdrTrigger1stFrame
                0x000000000000ebd0                DRV_ISP_GetYuvPipeId
                0x000000000000ebd4                DRV_ISP_VifGetHdrChOffset
                0x000000000000ebd8                DRV_ISP_VifGetInputMask
                0x000000000000ebde                DRV_ISP_VifSetInputMask
                0x000000000000ebea                DRV_ISP_GetIspInputMask
                0x000000000000ebf4                DRV_ISP_SetIspInputMask
                0x000000000000ec90                DRV_ISP_WdrClkEnable
                0x000000000000ec98                DRV_ISP_EnableHwRegShadow
                0x000000000000eca0                DRV_ISP_HdrEngineEnable
                0x000000000000eca6                DRV_ISP_HdrConfig
                0x000000000000ecaa                DRV_ISP_AwbStatsEnable
                0x000000000000ecb0                DRV_ISP_AwbGetStatsEnable
                0x000000000000ecb6                DRV_ISP_AwbSetSourceSelect
                0x000000000000ecbc                DRV_ISP_AwbGetSourceSelect
                0x000000000000ecc2                DRV_ISP_AwbStatisticConfigHdr
                0x000000000000ed10                DRV_ISP_HistoStatsEnable
                0x000000000000ed16                DRV_ISP_HistoGetStatsEnable
                0x000000000000ed1c                DRV_ISP_HistoGetSourceSelect
                0x000000000000ed22                DRV_ISP_HistoStatisticConfigHdr
                0x000000000000ed60                DRV_ISP_RdmaGetMiuReqParam
                0x000000000000ed64                DRV_ISP_WdmaGetMiuReqParam
                0x000000000000ed68                DRV_ISP_InsideLdcInit
                0x000000000000edbc                DRV_ISP_InsideLdcDeinit
                0x000000000000edd4                DRV_ISP_InsideLdcConfig
                0x000000000000ee36                DRV_ISP_InsideLdcSetEn
                0x000000000000ee4e                DRV_ISP_InsideLdcGetParamCur
                0x000000000000ee5a                DRV_ISP_DatagenConfig
                0x000000000000ee70                DRV_ISP_ModulePrepare
                0x000000000000eee8                DRV_ISP_ModuleConfirm
                0x000000000000ef3e                DRV_ISP_ModuleDown
                0x000000000000efe8                DRV_ISP_DMA_RawStorePipeConfig
                0x000000000000f0fc                DRV_ISP_DMA_RawStorePipeDisable
                0x000000000000f164                DRV_ISP_DMA_RawStorePipeEnable
                0x000000000000f1ac                DRV_ISP_DMA_RawFetchPipeConfig
                0x000000000000f2fc                DRV_ISP_DMA_RawFetchPipeDisable
                0x000000000000f34c                DRV_ISP_DMA_RawFetchPipeEnable
                0x000000000000f3a0                DRV_ISP_DMA_RawStorePipeUpdateAddr
                0x000000000000f3ec                DRV_ISP_DMA_RawFetchPipeUpdateAddr
                0x000000000000f438                DRV_ISP_DMA_RawStorePipeTrigger
                0x000000000000f47c                DRV_ISP_DMA_RawFetchPipeTrigger
                0x000000000000f4c0                DRV_ISP_DMA_RdmaMiuSel
                0x000000000000f504                DRV_ISP_DMA_RdmaUpdateBaseAddrEx
                0x000000000000f554                DRV_ISP_DMA_RdmaSetFrameIndexMode
                0x000000000000f598                DRV_ISP_DMA_WdmaMiuSel
                0x000000000000f5dc                DRV_ISP_DMA_WdmaUpdateBaseAddrEx
                0x000000000000f62c                DRV_ISP_DMA_WdmaSetFrameIndexMode
                0x000000000000f670                DRV_ISP_DMA_IsExtWdma420
                0x000000000000f674                DRV_ISP_DMA_IsSegExtDma
                0x000000000000f678                DRV_ISP_DMA_ExtWdmaActConfig
                0x000000000000f7a6                DRV_ISP_DMA_ExtWdmaActDisable
                0x000000000000f7ce                DRV_ISP_DMA_IsExtWdmaActEnable
                0x000000000000f7d4                DRV_ISP_DMA_SegExtRdmaConfig
                0x000000000000f7d8                DRV_ISP_DMA_SegExtRdmaRawFetchBaseAddr
                0x000000000000f7dc                DRV_ISP_DMA_SetSegEnable
                0x000000000000f7e0                DRV_ISP_DMA_SetSegWidthHeight
                0x000000000000f7e4                DRV_ISP_DMA_SegRawFetchMode
                0x000000000000f7e8                DRV_ISP_DMA_SetSegBayerFmt
                0x000000000000f7ec                DRV_ISP_DMA_SetSegRgbirFmt
                0x000000000000f7f0                DRV_ISP_DMA_SetSegOutputLineCountInt
                0x000000000000f7f4                DRV_ISP_DMA_SetSegRdma2StaEnable
                0x000000000000f7f8                DRV_ISP_DMA_FpnSetRdmaConfig
                0x000000000000f7fc                DRV_ISP_DMA_WdmaSwResetByPipe
                0x000000000000f808                DRV_ISP_DMA_DmaRingBufferEnable
                0x000000000000f850                DRV_ISP_DMA_DmaSetRingBufferSize
                0x000000000000f894                DRV_ISP_DMA_DmaFetchRingBufferEnable
                0x000000000000f8dc                DRV_ISP_DMA_DmaFetchSetRingBufferSize
                0x000000000000f920                DRV_ISP_DMA_DmaFbcEnable
                0x000000000000f964                DRV_ISP_DMA_RawStorePitchAddrConfig
                0x000000000000fad0                DRV_ISP_DMA_DmaFbdEnable
                0x000000000000fb14                DRV_ISP_DMA_RawFetchPitchAddrConfig
                0x000000000000fc48                DRV_ISP_DMA_DmaWdmaFifoConfig
                0x000000000000fc4e                DRV_ISP_DMA_DmaFbcVsyncSelection
                0x000000000000fc54                DRV_ISP_DMA_DmaFbdFrameWidth
                0x000000000000fc98                DRV_ISP_DMA_DmaFbcInit
                0x000000000000fc9c                DRV_ISP_DMA_SegResetById
                0x000000000000fca0                DRV_ISP_DMA_DmaDoubleBuffEnable
                0x000000000000fce4                DRV_ISP_ISR_ForceIpReset
                0x000000000000fd70                DRV_ISP_PROXY_IpReset
                0x000000000000fd88                DRV_ISP_ISR_EnableIrq
                0x000000000000fda2                DRV_ISP_ISR_GetIrqsCnt
                0x000000000000fda6                DRV_ISP_ISR_GetFrameDoneIrqsCnt
                0x000000000000fdaa                DRV_ISP_ISR_Isr
                0x000000000000ffc8                DRV_ISP_WORK_ThreadWqAdd
                0x000000000001003e                DRV_ISP_WORK_ThreadWqGet
                0x00000000000100a8                DRV_ISP_WORK_ThreadWqProc
                0x0000000000010144                DRV_ISP_WORK_ThreadWqClean
                0x0000000000010194                DRV_ISP_WORK_ThreadWqInit
                0x0000000000010234                DRV_ISP_WORK_ThreadWqDeinit
                0x0000000000010274                DRV_ISP_WORK_ThreadWqFlush
                0x00000000000102b4                DRV_ISP_WORK_ThreadWqAddInIsr
                0x00000000000102c8                DRV_ISP_WORK_ThreadWqStatusNumWorks
                0x00000000000102dc                DRV_ISP_WORK_ThreadWqStatusWorkCounter
                0x00000000000102ec                DRV_ISP_WORK_ThreadWqStatusFuncCounter
                0x00000000000102fc                DRV_ISP_WORK_ThreadWqStatusTimeoutCounter
                0x000000000001030c                DRV_ISP_WORK_EarlyInit
                0x0000000000010340                DRV_ISP_WORK_FinalRelease
                0x0000000000010350                DRV_ISP_CLK_GetNodeRate
                0x0000000000010384                DRV_ISP_CLK_GetRateByIdx
                0x00000000000103b0                DRV_ISP_CLK_GetClkDfs
                0x00000000000103d8                DRV_ISP_CLK_GetCurrentIdx
                0x0000000000010454                DRV_ISP_CLK_GetNodeIdx
                0x0000000000010484                DRV_ISP_CLK_GetStatus
                0x0000000000010494                DRV_ISP_CLK_ClkOnOff
                0x00000000000104b8                _DRV_ISP_CLK_AutoSetDscRate
                0x00000000000104f0                DRV_ISP_CLK_SetRate2IspPll
                0x0000000000010520                DRV_ISP_CLK_SetParent
                0x0000000000010550                _DRV_IS_CLK_SetDefaultSource
                0x0000000000010566                DRV_ISP_CLK_Register
                0x00000000000105f4                DRV_ISP_CLK_Unregister
                0x0000000000010620                DRV_ISP_CLK_DeInit
                0x000000000001062e                DRV_ISP_CLK_PreSetClkRate
                0x0000000000010638                DRV_ISP_CLK_SetRate
                0x00000000000106a4                DRV_ISP_CLK_Init
                0x0000000000010740                DRV_ISP_CLK_GetPreClkRate
                0x000000000001074c                DRV_ISP_CLK_PreSetClkIdx
                0x0000000000010758                DRV_ISP_CLK_GetPreClkIdx
                0x0000000000010764                DRV_ISP_CLK_GetClkRate
                0x000000000001076a                DRV_ISP_CLK_SetClkRate
                0x0000000000010770                DRV_ISRCB_EarlyInit
                0x000000000001079c                DRV_ISRCB_RegisterCallback
                0x00000000000107fc                DRV_ISRCB_UnRegisterCallback
                0x0000000000010806                DRV_ISRCB_Proc
                0x0000000000010834                HalClkgenCtrl
                0x000000000001088c                HalClkgenGetFreq
                0x00000000000108f8                HalIspClkgenToId
                0x0000000000010960                HalIspSetClockRate
                0x00000000000109b4                HalIspGetDefaultClock
                0x00000000000109c4                HalIspGetClockRateByIdx
                0x00000000000109d4                HalIspGetSupportClockNum
                0x0000000000010ad0                IspHalDbgWdrSetParam
                0x0000000000010aec                HalIspMcgGateCtrl
                0x0000000000010b58                HalIspMcgMoudleClkSetEn
                0x0000000000010bba                HalIspMcgWdmaClkSetEn
                0x0000000000010bf2                HalIspMcgRdmaClkSetEn
                0x0000000000010c1c                HalIspRdmaEnable
                0x0000000000010c42                HalIspRdmaAuto
                0x0000000000010c70                HalIspRdmaSwTrig
                0x0000000000010c98                HalIspRdmaReqThd
                0x0000000000010c9c                HalIspRdmaReqHighPriThd
                0x0000000000010cca                HalIspRdmaReqBustNum
                0x0000000000010ccc                HalIspRdmaReqBlank
                0x0000000000010cfa                HalIspRdmaBaseAddr
                0x0000000000010d5c                HalIspGenericRdmaReset
                0x0000000000010e8c                HalIspRdmaReset
                0x0000000000010eb6                HalIspRdmaDataPrecision
                0x0000000000010f10                HalIspRdmaSetPitch
                0x00000000000111a4                HalIspRdma0Y2BEnable
                0x00000000000111a8                HalIspRdma0Y2BDiEnable
                0x00000000000111aa                HalIspRdma0Y2BSwapYC
                0x00000000000111ac                HalIspRdma0Y2BSwapUV
                0x00000000000111ae                HalIspRdma0Y2B422to444Mode
                0x00000000000111b2                HalIspRdmaBypassDe
                0x00000000000111dc                HalIspRdmaEnableDe
                0x00000000000111e0                HalIspRdmaSetFifoSize
                0x0000000000011238                HalIspRdmaSetCrcMode
                0x000000000001125e                HalIspDmaFetchRingBufferEnable
                0x00000000000112be                HalIspDmaFetchSetRingBufferSize
                0x00000000000112e6                HalIspWdmaAuto
                0x0000000000011314                HalIspWdmaSwTrig
                0x000000000001133c                HalIspWdmaSetHighPri
                0x0000000000011340                HalIspWdmaReqThd
                0x0000000000011344                HalIspWdmaReqHighPriThd
                0x0000000000011348                HalIspWdmaReqBustNum
                0x000000000001134c                HalIspWdmaStatusClear
                0x0000000000011372                HalIspWdmaBaseAddr
                0x00000000000113d4                HalIspWdmaDataPrecision
                0x000000000001146e                HalIspDmaRingBufferEnable
                0x00000000000114ce                HalIspDmaSetRingBufferSize
                0x00000000000114f6                HalIspWdmaSetPitch
                0x000000000001167a                HalIspWdmaSetFifoSize
                0x000000000001170e                HalIspGenericWdmaReset
                0x000000000001183e                HalIspWdmaReset
                0x0000000000011868                HalIspWdmaSetLineCnt
                0x0000000000011896                HalIspDmaFbcEnable
                0x00000000000118dc                HalIspDmaFbdEnable
                0x0000000000011922                HalIspWdmaFifoConfig
                0x0000000000011926                HalIspDmaFbcVsyncSelection
                0x000000000001195c                HalIspDmaFbdFrameWidth
                0x00000000000119a4                HalIspDmaDbfEnable
                0x00000000000119ce                HalIspRgbIrDmaGetId
                0x00000000000119d2                HalIspIsExtWdmaEnable
                0x00000000000119ea                HalIspExtWdmaGetLineCnt
                0x00000000000119fe                HalIspExtWdmaEnable
                0x0000000000011aa4                HalIspExtWdmaReset
                0x0000000000011b7e                HalIspExtWdmaMiuConfig
                0x0000000000011b8c                HalIspExtWdmaGetDomainInfo
                0x0000000000011bd0                HalIspExtWdmaSetModeConfig
                0x0000000000011e14                HalIspExtWdmaGetDomainSize
                0x0000000000011e7e                HalIspExtWdmaSetBaseAddr
                0x0000000000012054                HalIspExtWdmaSetSize
                0x0000000000012506                HalIspExtWdmaSetCrop
                0x00000000000125be                HalIspHandShake2LDCConfig
                0x0000000000012672                HalIspExtWdmaFifoPush
                0x0000000000012848                HalIspExtWdmaSetCrcMode
                0x0000000000012908                HalIspExtWdmaActConfig
                0x0000000000012a80                HalIspSetSegEnable
                0x0000000000012a84                HalIspSegRawFetchMode
                0x0000000000012a88                HalIspSetSegWidthHeight
                0x0000000000012a8c                HalIspSetSegBayerFmt
                0x0000000000012a90                HalIspSetSegRGBIRFmt
                0x0000000000012a94                HalIspSetSegOutputLineCountInt
                0x0000000000012aa0                HalIspSegExtWdmaEnable
                0x0000000000012aa4                HalIspSegExtWdmaSetPitch
                0x0000000000012aa8                HalIspSegExtWdmaRawStoreEnable
                0x0000000000012aac                HalIspSegExtWdmaDataMode
                0x0000000000012ab0                HalIspSegExtWdmaHdrOutDataMode
                0x0000000000012ab4                HalIspSegExtWdmaAuto
                0x0000000000012ab8                HalIspSegExtWdmaStatusClear
                0x0000000000012abc                HalIspSegExtWdmaSetFrameIndexMode
                0x0000000000012ac0                HalIspSegExtWdmaBaseAddr
                0x0000000000012ac4                HalIspSegExtWdmaSetLineCnt
                0x0000000000012ac8                HalIspSegExtWdmaSwTrig
                0x0000000000012acc                HalIspSegExtWdmaConfig
                0x0000000000012ada                HalIspSegExtRdmaEnable
                0x0000000000012ade                HalIspSegExtRdmaSetPitch
                0x0000000000012ae2                HalIspSegExtRdmaDataMode
                0x0000000000012ae6                HalIspSegExtRdmaAuto
                0x0000000000012aea                HalIspSegExtRdmaSetFrameIndexMode
                0x0000000000012aee                HalIspSegExtRdmaBaseAddr
                0x0000000000012af2                HalIspSegExtRdmaSwTrig
                0x0000000000012af6                HalIspSegExtRdmaConfig
                0x0000000000012afa                HalIspConfigIspPipeSrcMux
                0x0000000000012ce0                HalIspSenDataType
                0x0000000000012d1a                HalIspSenDataPrecision
                0x0000000000012d9a                HalIspSenFmtConv
                0x0000000000012dba                HalIspSenBayerFmt
                0x0000000000012dec                HalIspSenRgbirFmt
                0x0000000000012e0e                HalIspSenYcOrder
                0x0000000000012e34                HalIspGetYuvPipeId
                0x0000000000012e38                HalIspIcpAckTieEnable
                0x0000000000012e50                HalIspLdcAckTieEnable
                0x0000000000012e6a                HalIspInsideLdcSetEn
                0x0000000000012e84                HalIspInsideLdcGetInfoSize
                0x0000000000012e8c                HalIspInsideLdcSetSize
                0x0000000000012f18                HalIspInsideLdcGetParamCur
                0x0000000000012f64                HalIspInsideLdcSetParam
                0x0000000000013034                HalIspInsideLdcSetCrop
                0x000000000001308a                HalIspIqEnable
                0x000000000001308e                HalIspEnableIsp
                0x000000000001314e                HalIspSwReset
                0x00000000000131d8                HalIspIrqResetSwIf
                0x0000000000013200                HalIspDscReset
                0x00000000000132b4                _HalIspForceSetMaskAfifo
                0x000000000001379c                _HalIspCheckRstSgdma
                0x0000000000013a18                _HalIspCheckRstRotDma
                0x0000000000013abc                HalIspIrqResetIp
                0x0000000000014438                HalIspGetWDMA5Misc
                0x0000000000014456                HalIspWdmaSwReset
                0x000000000001445a                HalIspDma420SwReset
                0x000000000001448a                HalIspRotationSwReset
                0x00000000000144ba                HalIspRotationReset
                0x0000000000014564                HalIspTnrSwReset
                0x00000000000145d8                HalIspEnableDblBuf
                0x0000000000014616                HalIspIsp2SclEnable
                0x0000000000014634                HalIspIsp12SclEnable
                0x000000000001464c                HalIspDpcClkEnable
                0x000000000001473c                HalIspWdrClkEnable
                0x0000000000014770                HalIspInterfaceClkEnable
                0x00000000000147a6                HalIspAeSetIntBlockRowNum
                0x00000000000147ce                HalIspAeSetDgainP0
                0x0000000000014810                HalIspAeSetDgainP1
                0x0000000000014852                HalIspAeSetDgainP2
                0x0000000000014856                HalIspAeSetDgainPost
                0x0000000000014898                HalIspAeStatsEnable
                0x00000000000148b0                HalIspAeSourceSelect
                0x00000000000148f8                HalIspAeSetWin
                0x0000000000014aa4                HalIspAeSetStatsBuf
                0x0000000000014ad8                HalIspAwbStatsEnable
                0x0000000000014af0                HalIspAwbGetStatsEnable
                0x0000000000014afe                HalIspAeAwbStatsMode
                0x0000000000014b5e                HalIspAwbSetWin
                0x0000000000014d2a                HalIspAwbSourceSelect
                0x0000000000014d8c                HalIspAwbGetSourceSelect
                0x0000000000014d9a                HalIspAwbSetStatsBuf
                0x0000000000014dce                HalIspAfStatsEnable
                0x000000000001511e                HalIspAfSourceSelect
                0x0000000000015164                HalIspAfGetSourceSelect
                0x0000000000015174                HalIspAfSetRoiMode
                0x00000000000151f0                HalIspAfGetRoiMode
                0x000000000001520c                HalIspAfSetBnr
                0x0000000000015238                HalIspAfGetBnr
                0x0000000000015254                HalIspAfSetYParam
                0x00000000000152aa                HalIspAfGetYParam
                0x00000000000152c2                HalIspAfSetPreFilter
                0x0000000000015392                HalIspAfGetPreFilter
                0x0000000000015422                HalIspAfSetFirFilter
                0x00000000000154b6                HalIspAfGetFirFilter
                0x00000000000154de                HalIspAfSetYMap
                0x0000000000015628                HalIspAfGetYMap
                0x000000000001562c                HalIspAfSetLdg
                0x000000000001595e                HalIspAfGetLdg
                0x0000000000015962                HalIspAfSetPeakMode
                0x00000000000159ae                HalIspAfGetPeakMode
                0x00000000000159da                HalIspAfSetGMode
                0x00000000000159f4                HalIspAfGetGMode
                0x0000000000015a02                HalIspAfGetNumWins
                0x0000000000015a08                HalIspAfSetWins
                0x0000000000015b6c                HalIspAfGetWins
                0x0000000000016038                HalIspAfSetStatsBuf
                0x000000000001606c                HalIspAfSetFilterAttr
                0x0000000000016438                HalIspAfGetFilterAttr
                0x00000000000168a2                HalIspAfSetFilterSq
                0x0000000000016df4                HalIspAfGetFilterSq
                0x00000000000171e0                HalIspHistoStatsEnable
                0x0000000000017218                HalIspHistoSourceSelect
                0x000000000001725c                HalIspHistoGetStatsEnable
                0x0000000000017280                HalIspHistoGetSourceSelect
                0x000000000001728e                HalIspHistoSetAttr
                0x0000000000017404                HalIspHistoSetWins
                0x00000000000174c2                HalIspHistoGetWins
                0x0000000000017504                HalIspHistoSetStatsBuf
                0x0000000000017538                HalIspRgbirStatsEnable
                0x0000000000017582                HalIspRgbirSetWins
                0x000000000001761a                HalIspRgbirSetStatsBuf
                0x000000000001764e                HalIspRgbirSetMonitorEnable
                0x0000000000017666                HalIspLatchMode
                0x000000000001767e                HalIspGetFifoMaxValid
                0x00000000000176b2                HalIspSetIspOutputLineCountInt
                0x00000000000176e0                HalIspSetLineCountInt0
                0x0000000000017704                HalIspSetHdrBufLineCountY
                0x0000000000017724                HalIspSetHdrCoreLineCountY
                0x0000000000017744                HalIspGetDbgOut
                0x0000000000017782                HalIspGetDbgOutLineCnt
                0x000000000001778a                HalIspGetDbgOutPixelCnt
                0x0000000000017792                HalIspGetDbgInputPixelCnt
                0x000000000001779a                HalIspGetDbgInputLineCnt
                0x00000000000177ae                HalIspGetDbgSclAck
                0x00000000000177c0                HalIspGetDbgRotBaseAddr
                0x00000000000177c4                HalIspGetDbg3dnrRingIndex
                0x00000000000177c8                HalIspGetDbgMiscDone
                0x00000000000177d0                HalIspDeinitSwIfWdma
                0x0000000000017812                HalIspIsFrameMode
                0x000000000001781e                HalIspWdmaEnable
                0x0000000000017860                HalIspIrWdmaPathEnable
                0x00000000000178a8                HalIspWmuxSrc
                0x00000000000178fe                HalIspRawStoreMode
                0x0000000000017a04                HalIspRawFetchMode
                0x0000000000017a3a                HalIsp4PixelDataPakAtMsbToWdma
                0x0000000000017a78                HalIspGamma16to12Enable
                0x0000000000017a7c                HalIspHdrEnable
                0x0000000000017ab4                HalIspRdmaMiuSel
                0x0000000000017ab8                HalIspRdmaBaseAddrEx
                0x0000000000017b40                HalIspRdmaSetFrameIndexMode
                0x0000000000017b44                HalIspRdmaVsyncFromLineOrExt
                0x0000000000017b48                HalIspRdmaAutoTriggerModeSelect
                0x0000000000017ba0                HalIspWdmaMiuSel
                0x0000000000017ba4                HalIspWdmaBaseAddrEx
                0x0000000000017c50                HalIspWdmaSetFrameIndexMode
                0x0000000000017c54                HalIspWdmaGenVsyncLineToRdma
                0x0000000000017c58                HalIspInputImageResolution
                0x0000000000017cbc                ISP_DNR_ConvertBpp
                0x0000000000017cc6                _ISP_DNR_CalRefReqNum
                0x0000000000017d14                _ISP_DNR_CalHistReqNum
                0x0000000000017d48                HalIspDnrPreHistDsSelect
                0x0000000000017d6e                HalIspDnrSetRdmaConfig
                0x0000000000017f0c                HalIspDnrSetWdmaConfig
                0x00000000000180aa                HalIspDnrSetInputImageResolution
                0x00000000000180ae                HalIspDnrSetBayerFmt
                0x00000000000180b2                HalIspDnrSetHistoryFrameAddress
                0x000000000001812e                HalIspDnrSetReferenceFrameAddress
                0x00000000000181ce                HalIspDnrTrigger1stFrame
                0x0000000000018230                HalIspDnrGet1stFrameStatus
                0x000000000001823c                HalIspDnrAfter1stFrame
                0x0000000000018240                HalIspDnrEngineClockEnable
                0x0000000000018264                HalIspDnrEngineEnable
                0x00000000000182a4                HalIspDnrEngineSwReset
                0x00000000000182f8                HalIspDnrReadIqNoiseEst
                0x0000000000018312                HalIspHdrReadDynamicAlignEst
                0x0000000000018438                HalIspApplyHdrRatio
                0x000000000001851c                HalIspDnrRdmaMiuSel
                0x0000000000018520                HalIspDnrWdmaMiuSel
                0x0000000000018524                HalIspDnrCompressBitDepth
                0x0000000000018580                HalIspDnrDataArrangeMode
                0x0000000000018584                HalIsp3dnrGetRefBufSizeByLevel
                0x000000000001859a                HalIsp3dnrGetRefBufSize
                0x000000000001859e                HalIsp3dnrGetHistBufSize
                0x00000000000185b4                HalIsp3dnrPvEnable
                0x00000000000185b8                HalIsp3dnrManualSwingRounderEnable
                0x00000000000185bc                HalIsp3dnrAutoSwingRounderEnable
                0x00000000000185c0                HalIspDnrSetCompressRounder
                0x00000000000185c4                ISP_TNR_ConvertBitDepth
                0x00000000000185dc                ISP_TNR_ConvertYuvFmt
                0x0000000000018606                HalIspDscIsUsed
                0x0000000000018618                ISP_TNR_ConvertDscBpp
                0x0000000000018630                HalIspDscCalReqNum
                0x0000000000018728                _ISP_TNR_CalReqNum
                0x0000000000018788                HalIspTnrRingGetDataFramePitch
                0x0000000000018794                HalIspTnrRingGetDataFrameHeight
                0x00000000000187a6                ceil_log2
                0x00000000000187b4                ceil_isp
                0x00000000000187c8                putbits
                0x0000000000018838                getbits
                0x0000000000018898                Qp2Qlevel
                0x0000000000018970                compute_offset
                0x0000000000018a00                compute_rc_parameters
                0x0000000000018d40                check_qp_for_overflow
                0x0000000000018d42                write_pps
                0x000000000001904c                set_defaults_iq_tunning
                0x0000000000019440                set_defaults
                0x000000000001960c                dump_dsc
                0x000000000001960e                init_dsc
                0x000000000001992c                HalIspDnrDscConfigPPS
                0x000000000001a868                HalIspTnrRingGetExtHeight
                0x000000000001a86c                HalIspTnrRingFrameConfig
                0x000000000001aafe                HalIspTnrGetBufSize
                0x000000000001ab92                HalIspTnrSetFrameAddress
                0x000000000001ab96                HalIspTnrRingRdmaSetRingEn
                0x000000000001abca                HalIspTnrRingRdmaSetConfig
                0x000000000001ac8c                HalIspTnrRdmaSetEn
                0x000000000001aca6                HalIspTnrSetRdmaConfig
                0x000000000001ae30                HalIspTnrRingWdmaSetRingEn
                0x000000000001ae64                HalIspTnrRingWdmaSetConfig
                0x000000000001af26                HalIspTnrRingGetResetFlag
                0x000000000001af52                HalIspTnrWdmaSetEn
                0x000000000001af6c                HalIspTnrSetWdmaConfig
                0x000000000001b0f4                HalIspTnrEngineConfig
                0x000000000001b1d0                HalIspTnrEngineEnable
                0x000000000001b1ea                HalIspTnrEngineReset
                0x000000000001b286                HalIspDnrEngineReset
                0x000000000001b394                HalIspTnrEngineUpdate
                0x000000000001b460                HalIspImiEnable
                0x000000000001b464                HalIspImiReservedSize
                0x000000000001b468                HalIspImiGetWidthLimit
                0x000000000001b46c                HalIspRotEngineEnable
                0x000000000001b490                HalIspRotEngineSwReset
                0x000000000001b494                HalIspRotRdmaEnable
                0x000000000001b498                HalIspRotSetRdmaRingMode
                0x000000000001b49c                HalIspRotBitDepth
                0x000000000001b4a0                HalIspRotSetRdmaBaseAddr
                0x000000000001b4a4                HalIspRotRdmaHBlanking
                0x000000000001b4a8                HalIspRotSetFramePeriod
                0x000000000001b4ac                HalIspRotGetInputImageResolution
                0x000000000001b4b0                HalIspRotRdmaMiuReqNum
                0x000000000001b4b4                HalIspRotRdmaMiuReqCycle
                0x000000000001b4b8                HalIspRotGetOutputLineCnt
                0x000000000001b4cc                _HalIspRotIsRotType
                0x000000000001b4e6                _HalIspRotIsFlipType
                0x000000000001b4f6                HalIspRotConfig
                0x000000000001bcb0                HalIspRotDmaMiuReqParam
                0x000000000001bcf6                HalIspRotEngineMode
                0x000000000001bd02                HalIspRotDirection
                0x000000000001be00                HalIspRotCalBufSize
                0x000000000001c564                HalIspRotReleaseBufSize
                0x000000000001c590                HalIspMotionEnable
                0x000000000001c594                HalIspMotionSetBaseAddr
                0x000000000001c598                HalIspMotionWdmaMiuReqNum
                0x000000000001c59c                HalIspMotionWdmaMiuReqCycle
                0x000000000001c5a0                HalIspMotionRdmaMiuReqNum
                0x000000000001c5a4                HalIspMotionRdmaMiuReqCycle
                0x000000000001c5a8                HalIspMotionCalRefBufSize
                0x000000000001c5ac                HalIspNeSetStatsBuf
                0x000000000001c5b0                HalIspNeIsSupported
                0x000000000001c5b4                HalIspNeCalRefBufSize
                0x000000000001c5ba                HalIspNeEnable
                0x000000000001c5be                HalIspWdrGetBigBufSize
                0x000000000001c5c4                HalIspWdrGetSmallLv2BufSize
                0x000000000001c5cc                HalIspWdrGetSmallLv3BufSize
                0x000000000001c5d4                HalIspWdrGetSmallBufSize
                0x000000000001c5e4                HalIspWdrReset
                0x000000000001c6da                HalIspWdrSetBigBaseAddr
                0x000000000001c77c                HalIspWdrSetSmallBaseAddr
                0x000000000001c884                HalIspWdrSetMloadBuffer
                0x000000000001c886                ISP_WDRSetWdrGlobalSize
                0x000000000001c888                HalIspWdrSetLocalSizeEX
                0x000000000001c88a                HalIspWdrMultipleFrameEnable
                0x000000000001c88e                HalIspWdrTrigger1stFrame
                0x000000000001c8a6                HalIspWdrSetWdmaConfig
                0x000000000001cb28                HalIspWdrSetRdmaConfig
                0x000000000001cd88                HalIspSaveDebugValue
                0x000000000001cd8a                HalIspWriteRegWithBankAddr
                0x000000000001cda4                HalIspReadRegWithBankAddr
                0x000000000001cdbc                HalIspVifGetHdrChOffset
                0x000000000001cdc0                HalIspVifGetSensorMask
                0x000000000001ce50                HalIspVifSensorMask
                0x000000000001cea6                HalIspTnrIsEnablePingPong
                0x000000000001ceaa                HalIsp3DnrRotEngineIsTrue
                0x000000000001ceae                HalIspGetRawIspIdle
                0x000000000001ceba                HalIspGetInputMask
                0x000000000001cee4                HalIspInputMask
                0x000000000001cf70                HalIspInitReg
                0x000000000001d8c6                HalIspInitHw
                0x000000000001d954                HalIspInitSwIfWdma
                0x000000000001d9d4                HalIspInputMaskRegShadow
                0x000000000001da06                HalIspChangeRegCmdqIf
                0x000000000001da12                HalIspClrCmdqIrq
                0x000000000001db3c                HalIspMaskCmdqIrq
                0x000000000001dc94                HalIspForceCmdqIrq
                0x000000000001ddf0                HalIspPollCmdqIrq
                0x000000000001def8                HalIspGetMaskCmdqIrq
                0x000000000001df00                HalIspGetCmdqBuffSizePerFrame
                0x000000000001df06                HalIspGetIspCmdqTrigBusId
                0x000000000001df58                HalIspGetRdmaFenceID
                0x000000000001df76                HalIspSetRdmaFenceID
                0x000000000001dfac                HalIspGetDebugFenceID
                0x000000000001e02e                HalIspSetDebugFenceID
                0x000000000001e0e0                HalIspPollCmdqRegValue
                0x000000000001e122                HalIspIsPreRotMode
                0x000000000001e12e                HalIspIsHwPreRotSupported
                0x000000000001e132                HalIspIsHwPost3DNR
                0x000000000001e136                HalIspIsExtWdma420
                0x000000000001e13a                HalIspIsSegExtDma
                0x000000000001e13e                HalIspHwStatisticsMemSize
                0x000000000001e148                HalIspHwStatisticsBuffAddrAssign
                0x000000000001e19e                HalIspHwStatisticsGetSizeAE
                0x000000000001e1a4                HalIspHwStatisticsGetSizeAWB
                0x000000000001e1aa                HalIspHwStatisticsGetSizeHisto
                0x000000000001e1b0                HalIspHwStatisticsGetSizeAF
                0x000000000001e1b6                HalIspHwStatisticsGetSizeRgbir
                0x000000000001e1ba                HalIspHwStatisticsGetSizeNE
                0x000000000001e1be                HalIspExtWdmaGetId
                0x000000000001e1c2                HalIspHwStatisticsGetBuffInfoAE
                0x000000000001e1d2                HalIspHwStatisticsGetBuffInfoAWB
                0x000000000001e1ea                HalIspHwStatisticsGetBuffInfoHisto
                0x000000000001e20c                HalIspHwStatisticsGetBuffInfoAF
                0x000000000001e21a                HalIspHwStatisticsGetBuffInfoRgbir
                0x000000000001e228                HalIspHwStatisticsGetBuffInfoNE
                0x000000000001e22c                HalIspHwStatisticsGetOffsetAE
                0x000000000001e230                HalIspHwStatisticsGetOffsetAWB
                0x000000000001e23e                HalIspHwStatisticsGetOffsetHisto
                0x000000000001e256                HalIspHwStatisticsGetOffsetAF
                0x000000000001e25c                HalIspHwStatisticsGetOffsetRgbir
                0x000000000001e262                HalIspHwStatisticsGetOffsetNE
                0x000000000001e266                HalIspAwbStatisticSrcConfig
                0x000000000001e282                HalIspHistoStatisticSrcConfig
                0x000000000001e2a2                HalIsp3AStatisticConfig
                0x000000000001e3fe                HalIspAfFilterAttrConfig
                0x000000000001e434                HalIspAfFilterSqConfig
                0x000000000001e464                HalIspAfBnrConfig
                0x000000000001e46c                HalIspAfYParamConfig
                0x000000000001e4a0                HalIspAfPreFilterConfig
                0x000000000001e4a8                HalIspAfFirFilterConfig
                0x000000000001e4dc                HalIspAfYMapConfig
                0x000000000001e51c                HalIspAfLdgConfig
                0x000000000001e550                HalIspAfPeakModeConfig
                0x000000000001e558                HalIspAfGModeConfig
                0x000000000001e560                HalIspReadDramId
                0x000000000001e580                HalIspReadResolutionId
                0x000000000001e594                HalIspCheckChipCapability
                0x000000000001e5d8                HalIspCheckHdrCapability
                0x000000000001e5dc                HalIspCheckRotationCapability
                0x000000000001e5e6                HalIspCheckLineBufferCapability
                0x000000000001e5f6                HalIspGetVpeCmdqFenceId
                0x000000000001e604                HalIspRotGetMiuReqNum
                0x000000000001e608                HalIspRdmaGetMiuReqParam
                0x000000000001e636                HalIspWdmaGetMiuReqParam
                0x000000000001e656                HalIspMotionRdmaGetMiuReqNum
                0x000000000001e660                HalIspDatagenConfig
                0x000000000001e77c                HalIspInit
                0x000000000001ed64                HalIspDeinit
                0x000000000001ed6e                HalIspDumpReg
                0x000000000001ee3c                HalIspDumpRegByAddr
                0x000000000001ef14                HalIspIsModuleDomainSupported
                0x000000000001ef3a                HalIspRiuBankConvertIqShadowLayout
                0x000000000001ef3e                HalIspDumpIqShadowByRiuAddr
                0x000000000001f024                HalIspIsModuleAfterRot
                0x000000000001f030                HalIspIsRotEngineType
                0x000000000001f048                HalIspDebug2
                0x000000000001f07e                HalIspDebug
                0x000000000001f48c                HalIspAeAwbIntWorkaround
                0x000000000001f5a4                HalIspPowerOnOffSram
                0x000000000001f5d8                HalIspWorkingStatus
                0x000000000001f5f2                HalIspTnrRingRdmaGetHeight
                0x000000000001f610                HalIspTnrRingWdmaGetHeight
                0x000000000001f928                HalIspApplyOBCb
                0x000000000001f95c                HalIspApplyOBC
                0x000000000001f990                HalIspApplyDPC
                0x000000000001f9f4                HalIspApplySpikeNR
                0x000000000001fa14                HalIspApplyBSNR
                0x000000000001fa18                HalIspApplyDM
                0x000000000001fa4c                HalIspApplyGammaC2A
                0x000000000001fa70                HalIspApplyGE
                0x000000000001fa72                HalIspApplyANTICT
                0x000000000001fa90                HalIspApplyRgbir
                0x000000000001fab0                HalIspApplyFalseColor
                0x000000000001fab2                HalIspApplyDECOMP
                0x000000000001fae8                HalIspApplyFPN
                0x000000000001faea                HalIspApplyFPNP1
                0x000000000001faec                HalIspApplyOBCP1
                0x000000000001fb08                HalIspApplyOBCP2
                0x000000000001fb0a                HalIspApplyGama16to16Isp
                0x000000000001fb0c                HalIspApplyGamaC2CP1
                0x000000000001fb0e                HalIspApplyLSC
                0x000000000001fb74                HalIspApplyLSCP1
                0x000000000001fb76                HalIspApplyALSC
                0x000000000001fbbc                HalIspApplyALSCP1
                0x000000000001fbbe                HalIspApplyHDR
                0x000000000001fc9c                HalIspApplyHDR16to12
                0x000000000001fc9e                HalIspApplySDC
                0x000000000001fca0                HalIspApplyNM
                0x000000000001fca2                HalIspApplyPostDN
                0x000000000001fca4                HalIspApplyWdrLoc
                0x000000000001fe00                HalIspSetWdrTbl
                0x000000000001fe04                HalIspGetWdrTbl
                0x000000000001fe06                HalIspApplyWdrTbl
                0x000000000001fe08                HalIspReadWdrTbl
                0x000000000001fe0c                HalIspApply3DNR
                0x0000000000020094                HalIspApply3dnrNe
                0x0000000000020098                HalIspApplyCCM
                0x00000000000200bc                HalIspApplyHSV
                0x0000000000020284                HalIspApplyYCCT
                0x00000000000202a8                HalIspApplyROI
                0x00000000000203c8                HalIspApplyR2Y
                0x00000000000203ec                HalIspApplyXNR
                0x0000000000020410                HalIspApplyYEE
                0x0000000000020878                HalIspApplyYEE1
                0x0000000000020b48                HalIspApplySIIR
                0x0000000000020b9c                HalIspApplyPFC
                0x0000000000020bbc                HalIspApplyLCE
                0x0000000000020bc0                HalIspApplyDLC
                0x0000000000020bc4                HalIspApplyUVC
                0x0000000000020bc8                HalIspApplyIXC
                0x0000000000020bcc                HalIspApplyFCC
                0x0000000000020bd0                HalIspApplyACK
                0x0000000000020bd4                HalIspApplyAdjUv
                0x0000000000020bf8                HalIspApplyMXNR
                0x0000000000020bfc                HalIspApplyYuvGama
                0x0000000000020c20                HalIspApplyYCUVM10
                0x0000000000020c44                HalIspApplyColorTrans
                0x0000000000020c68                HalIspApplyLOG
                0x0000000000020c6c                HalIspApplyGama16to12
                0x0000000000020cd4                HalIspApplyGama12to16
                0x0000000000020cd8                HalIspApplyBnr
                0x0000000000020cdc                HalIspApplyGnr
                0x0000000000020e84                HalIspApplyUVM
                0x0000000000020e88                HalIspApplyDS
                0x0000000000020eac                HalIspApplyDEFOG
                0x0000000000020ecc                HalIspApplyYCLPF
                0x0000000000020ed0                HalIspIqInitCfg
                0x0000000000020fa4                HalIspApplyIspBypassMode
                0x0000000000021260                HalIspDisableIqMotionMode
                0x000000000002128a                HalIspIqWbgCfg
                0x00000000000212c6                HalIspIqWbgLscAlscSrcSel
                0x00000000000212ca                HalIspIqInitCfgCameraOpen
                0x00000000000212fc                IspRegW
                0x0000000000021334                RegBitShift
                0x000000000002134c                IspRegWM
                0x00000000000213ac                IspRegIndexTableWM
                0x0000000000021470                IspRegValueTableWM
                0x0000000000021520                IspRegPoll
                0x0000000000021594                IspRegDelay
                0x00000000000215d4                HalIspMaskIntAll
                0x0000000000021788                HalIspGetIntStatus1
                0x0000000000021798                HalIspGetIntStatus2
                0x00000000000217a8                HalIspGetIntStatus3
                0x00000000000217b8                HalIspGetIntStatus4
                0x00000000000217c8                HalIspGetIntStatus5
                0x00000000000217d8                HalIspGetIntStatus6
                0x00000000000217e8                HalIspGetIntStatus7
                0x00000000000217f8                HalIspMaskClear1
                0x0000000000021838                HalIspMaskClear2
                0x0000000000021878                HalIspMaskClear3
                0x00000000000218b8                HalIspMaskClear4
                0x00000000000218f8                HalIspMaskClear5
                0x0000000000021938                HalIspMaskClear6
                0x0000000000021978                HalIspMaskClear7
                0x00000000000219b8                HalIspMaskInt1
                0x00000000000219d0                HalIspMaskInt2
                0x00000000000219e8                HalIspMaskInt3
[...]
                0x0000000000000000                cleanup_module

.fini
 *(SORT_NONE(.fini))

.rodata         0x0000000000000000     0x3e35
 *(.rodata)
 .rodata        0x0000000000000000     0x3d7a /home/lixx/ZGCX/S1_Project/IFord_CLD00V2.0.0/SourceCode/S1_Project/sdk/linux/init/isp/../../obj/uclibc/9.1.0/isp.o
                0x0000000000000960                QuantOffset
                0x00000000000009a4                QuantDivisor
 *fill*         0x0000000000003d7a        0x2 
 .rodata        0x0000000000003d7c       0x5c /home/lixx/ZGCX/S1_Project/IFord_CLD00V2.0.0/SourceCode/S1_Project/sdk/linux/init/isp/isp_init.o
 .rodata        0x0000000000003dd8       0x5d /home/lixx/ZGCX/S1_Project/IFord_CLD00V2.0.0/SourceCode/S1_Project/sdk/linux/init/isp/ispmid_init.o

.rodata.cst4    0x0000000000000000      0x4c8
 .rodata.cst4   0x0000000000000000      0x4c0 /home/lixx/ZGCX/S1_Project/IFord_CLD00V2.0.0/SourceCode/S1_Project/sdk/linux/init/isp/../../obj/uclibc/9.1.0/isp.o
 .rodata.cst4   0x00000000000004c0        0x4 /home/lixx/ZGCX/S1_Project/IFord_CLD00V2.0.0/SourceCode/S1_Project/sdk/linux/init/isp/isp_init.o
 .rodata.cst4   0x00000000000004c4        0x4 /home/lixx/ZGCX/S1_Project/IFord_CLD00V2.0.0/SourceCode/S1_Project/sdk/linux/init/isp/ispmid_init.o

.rodata.str1.1  0x0000000000000000     0x7715
 .rodata.str1.1
                0x0000000000000000     0x759f /home/lixx/ZGCX/S1_Project/IFord_CLD00V2.0.0/SourceCode/S1_Project/sdk/linux/init/isp/../../obj/uclibc/9.1.0/isp.o
 *fill*         0x000000000000759f        0x1 
 .rodata.str1.1
                0x00000000000075a0       0xd9 /home/lixx/ZGCX/S1_Project/IFord_CLD00V2.0.0/SourceCode/S1_Project/sdk/linux/init/isp/isp_init.o
 .rodata.str1.1
                0x0000000000007679       0x9c /home/lixx/ZGCX/S1_Project/IFord_CLD00V2.0.0/SourceCode/S1_Project/sdk/linux/init/isp/ispmid_init.o

__ksymtab_strings
                0x0000000000000000       0x17
 __ksymtab_strings
                0x0000000000000000       0x17 /home/lixx/ZGCX/S1_Project/IFord_CLD00V2.0.0/SourceCode/S1_Project/sdk/linux/init/isp/isp_init.o

.ARM.extab.init.text
                0x0000000000000000        0x0
 .ARM.extab.init.text
                0x0000000000000000        0x0 /home/lixx/ZGCX/S1_Project/IFord_CLD00V2.0.0/SourceCode/S1_Project/sdk/linux/init/isp/isp_init.o

.ARM.exidx.init.text
                0x0000000000000000        0x8
 .ARM.exidx.init.text
                0x0000000000000000        0x8 /home/lixx/ZGCX/S1_Project/IFord_CLD00V2.0.0/SourceCode/S1_Project/sdk/linux/init/isp/isp_init.o

.ARM.extab.exit.text
                0x0000000000000000        0x0
 .ARM.extab.exit.text
                0x0000000000000000        0x0 /home/lixx/ZGCX/S1_Project/IFord_CLD00V2.0.0/SourceCode/S1_Project/sdk/linux/init/isp/isp_init.o

.ARM.exidx.exit.text
                0x0000000000000000        0x8
 .ARM.exidx.exit.text
                0x0000000000000000        0x8 /home/lixx/ZGCX/S1_Project/IFord_CLD00V2.0.0/SourceCode/S1_Project/sdk/linux/init/isp/isp_init.o

.modinfo        0x0000000000000000       0x81
 .modinfo       0x0000000000000000       0x81 /home/lixx/ZGCX/S1_Project/IFord_CLD00V2.0.0/SourceCode/S1_Project/sdk/linux/init/isp/isp_init.o

___ksymtab+g_mi_isp_internal_api
                0x0000000000000000        0xc
 ___ksymtab+g_mi_isp_internal_api
                0x0000000000000000        0xc /home/lixx/ZGCX/S1_Project/IFord_CLD00V2.0.0/SourceCode/S1_Project/sdk/linux/init/isp/isp_init.o

__param         0x0000000000000000       0x3c
 __param        0x0000000000000000       0x3c /home/lixx/ZGCX/S1_Project/IFord_CLD00V2.0.0/SourceCode/S1_Project/sdk/linux/init/isp/isp_init.o

.rodata1
 *(.rodata1)

.ARM.extab      0x0000000000000000      0xa14
 *(.ARM.extab)
 .ARM.extab     0x0000000000000000      0x9f0 /home/lixx/ZGCX/S1_Project/IFord_CLD00V2.0.0/SourceCode/S1_Project/sdk/linux/init/isp/../../obj/uclibc/9.1.0/isp.o
 .ARM.extab     0x00000000000009f0       0x18 /home/lixx/ZGCX/S1_Project/IFord_CLD00V2.0.0/SourceCode/S1_Project/sdk/linux/init/isp/isp_init.o
 .ARM.extab     0x0000000000000a08        0xc /home/lixx/ZGCX/S1_Project/IFord_CLD00V2.0.0/SourceCode/S1_Project/sdk/linux/init/isp/ispmid_init.o
 .ARM.extab     0x0000000000000a14        0x0 /home/lixx/ZGCX/S1_Project/IFord_CLD00V2.0.0/SourceCode/S1_Project/sdk/linux/init/isp/mload_init.o

.ARM.exidx      0x0000000000000000     0x4708
 *(.ARM.exidx)
 .ARM.exidx     0x0000000000000000     0x45e8 /home/lixx/ZGCX/S1_Project/IFord_CLD00V2.0.0/SourceCode/S1_Project/sdk/linux/init/isp/../../obj/uclibc/9.1.0/isp.o
 .ARM.exidx     0x00000000000045e8       0x78 /home/lixx/ZGCX/S1_Project/IFord_CLD00V2.0.0/SourceCode/S1_Project/sdk/linux/init/isp/isp_init.o
 .ARM.exidx     0x0000000000004660       0x98 /home/lixx/ZGCX/S1_Project/IFord_CLD00V2.0.0/SourceCode/S1_Project/sdk/linux/init/isp/ispmid_init.o
 .ARM.exidx     0x00000000000046f8       0x10 /home/lixx/ZGCX/S1_Project/IFord_CLD00V2.0.0/SourceCode/S1_Project/sdk/linux/init/isp/mload_init.o

.eh_frame_hdr
 *(.eh_frame_hdr)

.eh_frame
 *(.eh_frame)

.gcc_except_table
 *(.gcc_except_table)

.gnu_extab
 *(.gnu_extab*)

.exception_ranges
 *(.exception_ranges)

.eh_frame
 *(.eh_frame)

.gnu_extab
 *(.gnu_extab)

.gcc_except_table
 *(.gcc_except_table)

.exception_ranges
 *(.exception_ranges)

.tdata
 *(.tdata)

.tbss
 *(.tbss)

.jcr
 *(.jcr)

.dynamic
 *(.dynamic)

.got
 *(.got)

.data           0x0000000000000000    0x13640
 *(.data)
 .data          0x0000000000000000    0x1333c /home/lixx/ZGCX/S1_Project/IFord_CLD00V2.0.0/SourceCode/S1_Project/sdk/linux/init/isp/../../obj/uclibc/9.1.0/isp.o
                0x00000000000001d8                isp_debug_level
                0x00000000000003a8                g_mi_isp_internal_api
                0x00000000000003b0                g_u8WdrEnable
                0x00000000000003b8                qlevel_luma_8bpc
                0x00000000000003f8                qlevel_luma_10bpc
                0x0000000000000448                qlevel_luma_12bpc
                0x00000000000004a8                qlevel_luma_14bpc
                0x0000000000000518                qlevel_luma_16bpc
                0x0000000000000598                qlevel_chroma_8bpc
                0x00000000000005d8                qlevel_chroma_10bpc
                0x0000000000000628                qlevel_chroma_12bpc
                0x0000000000000688                qlevel_chroma_14bpc
                0x00000000000006f8                qlevel_chroma_16bpc
                0x0000000000000870                g_u32IspHalTnrDscRingLines
                0x0000000000000874                g_u32IspRstDelay
                0x0000000000001a1c                g_u32IspCmdqLoaclAvailableID
                0x0000000000001a28                g_tShadIdToSramIdTable
                0x0000000000001a70                iq_bin
                0x000000000000cfd2                Dbg_Items
                0x0000000000010594                strHDRWdrCurve
                0x0000000000010748                strLDRWdrCurve
                0x000000000001083c                Regmap
 .data          0x000000000001333c      0x1f4 /home/lixx/ZGCX/S1_Project/IFord_CLD00V2.0.0/SourceCode/S1_Project/sdk/linux/init/isp/isp_init.o
                0x00000000000133a4                g_s32PreSetClkIdx
                0x00000000000133a8                __mod_of__g_stIsp0DeviceTableIds_device_table
 .data          0x0000000000013530      0x110 /home/lixx/ZGCX/S1_Project/IFord_CLD00V2.0.0/SourceCode/S1_Project/sdk/linux/init/isp/ispmid_init.o
                0x0000000000013540                g_stIspFeFops
                0x00000000000135c0                g_stIspFeFops1
 .data          0x0000000000013640        0x0 /home/lixx/ZGCX/S1_Project/IFord_CLD00V2.0.0/SourceCode/S1_Project/sdk/linux/init/isp/mload_init.o

.data1
 *(.data1)

.bss            0x0000000000000000     0x7e40
 *(.bss)
 .bss           0x0000000000000000     0x7d7c /home/lixx/ZGCX/S1_Project/IFord_CLD00V2.0.0/SourceCode/S1_Project/sdk/linux/init/isp/../../obj/uclibc/9.1.0/isp.o
                0x0000000000000004                isp_debug_file
                0x0000000000000104                isp_debug_func
                0x0000000000000208                g_stIspModRes
                0x0000000000000438                g_IspRoot
                0x00000000000004f8                gp_stIspModDbgParams
                0x0000000000000500                g_stDrvIspHnd
                0x00000000000005c0                g_u8GenIspClk
                0x00000000000005c4                g_stIspClkCfg
                0x00000000000005d4                g_cbInfo
                0x0000000000002bb8                g_u32IspHalLogFlag
                0x0000000000002bc0                g_u32IspWdrBg1Xnum
                0x0000000000002bc4                g_u32IspWdrBg1Ynum
                0x0000000000002bc8                g_u32IspWdrBg2Ly2S
                0x0000000000002bcc                g_u32IspWdrBg2Ly3S
                0x0000000000002bd4                g_tDscCmdArgs
                0x0000000000002d64                g_tDscCodec
                0x0000000000002f0c                g_u32IspHalRotHblk
                0x0000000000002f10                g_u64FrameClockTotalCosted
                0x0000000000002f18                g_tIspCmdqRegMultiWriteMaskBuffer
                0x00000000000033d0                g_stIspIrqTS
                0x0000000000003ad0                g_stIspFrameIntervalInfo
                0x0000000000003e50                g_u32IspIrqLineCnt
                0x0000000000004010                g_stIspInts
                0x00000000000041d4                g_u32IspFrameDoneIntCnt
                0x00000000000041ec                g_u16IspFrameModeEn
                0x00000000000041ee                g_u16IspChMap
                0x00000000000041f0                g_uRdmaDoneStatus
                0x00000000000041f4                g_u32IspFrameDonePeriod
                0x0000000000004204                g_u32IspIrqLineCntStats
                0x0000000000005e04                g_pDrvIspHandle
                0x0000000000005e08                g_stChipInfo
                0x0000000000005e28                g_stIspAlgoInputHnd
                0x0000000000005fa8                g_Ispmid_globallock_Inited
                0x00000000000061b8                g_stCommonIspDev
                0x0000000000006318                g_nIspDbgSkipFuncFlag
                0x000000000000632c                g_u32Wdma2IspDevIdMap
                0x000000000000635c                g_stCommonIspSysInfo
                0x00000000000073e0                g_s32IspIsrNum
                0x00000000000076e8                ispinfo_output
                0x0000000000007bb0                fw_ver
                0x0000000000007c34                iq_ver
                0x0000000000007cb8                als_value
                0x0000000000007cbc                ir_led
                0x0000000000007cc0                ir_cut
                0x0000000000007ccc                hdr_dbg
                0x0000000000007cd0                g_stIspmidFsLock
                0x0000000000007cf0                gp_pIoBase
                0x0000000000007cf4                g_tBakMloadHandle
 .bss           0x0000000000007d7c       0x10 /home/lixx/ZGCX/S1_Project/IFord_CLD00V2.0.0/SourceCode/S1_Project/sdk/linux/init/isp/isp_init.o
                0x0000000000007d88                g_u32PreSetClkRate
 *fill*         0x0000000000007d8c        0x4 
 .bss           0x0000000000007d90       0xb0 /home/lixx/ZGCX/S1_Project/IFord_CLD00V2.0.0/SourceCode/S1_Project/sdk/linux/init/isp/ispmid_init.o
                0x0000000000007d90                g_stCus3aChStatus
                0x0000000000007df0                g_stIspFeDev
 .bss           0x0000000000007e40        0x0 /home/lixx/ZGCX/S1_Project/IFord_CLD00V2.0.0/SourceCode/S1_Project/sdk/linux/init/isp/mload_init.o

.stab
 *(.stab)

.stabstr
 *(.stabstr)

.stab.excl
 *(.stab.excl)

.stab.exclstr
 *(.stab.exclstr)

.stab.index
 *(.stab.index)

.stab.indexstr
 *(.stab.indexstr)

.comment        0x0000000000000000      0x5d8
 *(.comment)
 .comment       0x0000000000000000      0x572 /home/lixx/ZGCX/S1_Project/IFord_CLD00V2.0.0/SourceCode/S1_Project/sdk/linux/init/isp/../../obj/uclibc/9.1.0/isp.o
 .comment       0x0000000000000572       0x22 /home/lixx/ZGCX/S1_Project/IFord_CLD00V2.0.0/SourceCode/S1_Project/sdk/linux/init/isp/isp_init.o
 .comment       0x0000000000000594       0x22 /home/lixx/ZGCX/S1_Project/IFord_CLD00V2.0.0/SourceCode/S1_Project/sdk/linux/init/isp/ispmid_init.o
 .comment       0x00000000000005b6       0x22 /home/lixx/ZGCX/S1_Project/IFord_CLD00V2.0.0/SourceCode/S1_Project/sdk/linux/init/isp/mload_init.o

.note.GNU-stack
                0x0000000000000000        0x0
 .note.GNU-stack
                0x0000000000000000        0x0 /home/lixx/ZGCX/S1_Project/IFord_CLD00V2.0.0/SourceCode/S1_Project/sdk/linux/init/isp/../../obj/uclibc/9.1.0/isp.o
 .note.GNU-stack
                0x0000000000000000        0x0 /home/lixx/ZGCX/S1_Project/IFord_CLD00V2.0.0/SourceCode/S1_Project/sdk/linux/init/isp/isp_init.o
 .note.GNU-stack
                0x0000000000000000        0x0 /home/lixx/ZGCX/S1_Project/IFord_CLD00V2.0.0/SourceCode/S1_Project/sdk/linux/init/isp/ispmid_init.o
 .note.GNU-stack
                0x0000000000000000        0x0 /home/lixx/ZGCX/S1_Project/IFord_CLD00V2.0.0/SourceCode/S1_Project/sdk/linux/init/isp/mload_init.o

.ARM.attributes
                0x0000000000000000       0x31
 .ARM.attributes
                0x0000000000000000       0x31 /home/lixx/ZGCX/S1_Project/IFord_CLD00V2.0.0/SourceCode/S1_Project/sdk/linux/init/isp/../../obj/uclibc/9.1.0/isp.o
 .ARM.attributes
                0x0000000000000031       0x2f /home/lixx/ZGCX/S1_Project/IFord_CLD00V2.0.0/SourceCode/S1_Project/sdk/linux/init/isp/isp_init.o
 .ARM.attributes
                0x0000000000000060       0x2f /home/lixx/ZGCX/S1_Project/IFord_CLD00V2.0.0/SourceCode/S1_Project/sdk/linux/init/isp/ispmid_init.o
 .ARM.attributes
                0x000000000000008f       0x2f /home/lixx/ZGCX/S1_Project/IFord_CLD00V2.0.0/SourceCode/S1_Project/sdk/linux/init/isp/mload_init.o

.gnu.build.attributes
 *(.gnu.build.attributes)

.debug
 *(.debug)

.line
 *(.line)

.debug_srcinfo
 *(.debug_srcinfo)

.debug_sfnames
 *(.debug_sfnames)

.debug_aranges  0x0000000000000000      0x570
 *(.debug_aranges)
 .debug_aranges
                0x0000000000000000      0x500 /home/lixx/ZGCX/S1_Project/IFord_CLD00V2.0.0/SourceCode/S1_Project/sdk/linux/init/isp/../../obj/uclibc/9.1.0/isp.o
 .debug_aranges
                0x0000000000000500       0x30 /home/lixx/ZGCX/S1_Project/IFord_CLD00V2.0.0/SourceCode/S1_Project/sdk/linux/init/isp/isp_init.o
 .debug_aranges
                0x0000000000000530       0x20 /home/lixx/ZGCX/S1_Project/IFord_CLD00V2.0.0/SourceCode/S1_Project/sdk/linux/init/isp/ispmid_init.o
 .debug_aranges
                0x0000000000000550       0x20 /home/lixx/ZGCX/S1_Project/IFord_CLD00V2.0.0/SourceCode/S1_Project/sdk/linux/init/isp/mload_init.o

.debug_pubnames
 *(.debug_pubnames)

.debug_info     0x0000000000000000   0x3c4e66
 *(.debug_info)
 .debug_info    0x0000000000000000   0x39a21e /home/lixx/ZGCX/S1_Project/IFord_CLD00V2.0.0/SourceCode/S1_Project/sdk/linux/init/isp/../../obj/uclibc/9.1.0/isp.o
 .debug_info    0x000000000039a21e     0xe600 /home/lixx/ZGCX/S1_Project/IFord_CLD00V2.0.0/SourceCode/S1_Project/sdk/linux/init/isp/isp_init.o
 .debug_info    0x00000000003a881e     0xfa29 /home/lixx/ZGCX/S1_Project/IFord_CLD00V2.0.0/SourceCode/S1_Project/sdk/linux/init/isp/ispmid_init.o
 .debug_info    0x00000000003b8247     0xcc1f /home/lixx/ZGCX/S1_Project/IFord_CLD00V2.0.0/SourceCode/S1_Project/sdk/linux/init/isp/mload_init.o

.debug_abbrev   0x0000000000000000     0xbe1f
 *(.debug_abbrev)
 .debug_abbrev  0x0000000000000000     0xa789 /home/lixx/ZGCX/S1_Project/IFord_CLD00V2.0.0/SourceCode/S1_Project/sdk/linux/init/isp/../../obj/uclibc/9.1.0/isp.o
 .debug_abbrev  0x000000000000a789      0x846 /home/lixx/ZGCX/S1_Project/IFord_CLD00V2.0.0/SourceCode/S1_Project/sdk/linux/init/isp/isp_init.o
 .debug_abbrev  0x000000000000afcf      0x8d3 /home/lixx/ZGCX/S1_Project/IFord_CLD00V2.0.0/SourceCode/S1_Project/sdk/linux/init/isp/ispmid_init.o
 .debug_abbrev  0x000000000000b8a2      0x57d /home/lixx/ZGCX/S1_Project/IFord_CLD00V2.0.0/SourceCode/S1_Project/sdk/linux/init/isp/mload_init.o

.debug_line     0x0000000000000000    0x67a7a
 *(.debug_line)
 .debug_line    0x0000000000000000    0x64c35 /home/lixx/ZGCX/S1_Project/IFord_CLD00V2.0.0/SourceCode/S1_Project/sdk/linux/init/isp/../../obj/uclibc/9.1.0/isp.o
 .debug_line    0x0000000000064c35      0xf29 /home/lixx/ZGCX/S1_Project/IFord_CLD00V2.0.0/SourceCode/S1_Project/sdk/linux/init/isp/isp_init.o
 .debug_line    0x0000000000065b5e     0x14f6 /home/lixx/ZGCX/S1_Project/IFord_CLD00V2.0.0/SourceCode/S1_Project/sdk/linux/init/isp/ispmid_init.o
 .debug_line    0x0000000000067054      0xa26 /home/lixx/ZGCX/S1_Project/IFord_CLD00V2.0.0/SourceCode/S1_Project/sdk/linux/init/isp/mload_init.o

.debug_frame    0x0000000000000000    0x12ef8
 *(.debug_frame)
 .debug_frame   0x0000000000000000    0x12a0c /home/lixx/ZGCX/S1_Project/IFord_CLD00V2.0.0/SourceCode/S1_Project/sdk/linux/init/isp/../../obj/uclibc/9.1.0/isp.o
 .debug_frame   0x0000000000012a0c      0x1ac /home/lixx/ZGCX/S1_Project/IFord_CLD00V2.0.0/SourceCode/S1_Project/sdk/linux/init/isp/isp_init.o
 .debug_frame   0x0000000000012bb8      0x304 /home/lixx/ZGCX/S1_Project/IFord_CLD00V2.0.0/SourceCode/S1_Project/sdk/linux/init/isp/ispmid_init.o
 .debug_frame   0x0000000000012ebc       0x3c /home/lixx/ZGCX/S1_Project/IFord_CLD00V2.0.0/SourceCode/S1_Project/sdk/linux/init/isp/mload_init.o

.debug_str      0x0000000000000000   0x344a67
 *(.debug_str)
 .debug_str     0x0000000000000000   0x32a9e1 /home/lixx/ZGCX/S1_Project/IFord_CLD00V2.0.0/SourceCode/S1_Project/sdk/linux/init/isp/../../obj/uclibc/9.1.0/isp.o
 .debug_str     0x000000000032a9e1     0x9093 /home/lixx/ZGCX/S1_Project/IFord_CLD00V2.0.0/SourceCode/S1_Project/sdk/linux/init/isp/isp_init.o
 .debug_str     0x0000000000333a74     0x97dc /home/lixx/ZGCX/S1_Project/IFord_CLD00V2.0.0/SourceCode/S1_Project/sdk/linux/init/isp/ispmid_init.o
 .debug_str     0x000000000033d250     0x7817 /home/lixx/ZGCX/S1_Project/IFord_CLD00V2.0.0/SourceCode/S1_Project/sdk/linux/init/isp/mload_init.o

.debug_loc      0x0000000000000000    0x94cf3
 *(.debug_loc)
 .debug_loc     0x0000000000000000    0x939f6 /home/lixx/ZGCX/S1_Project/IFord_CLD00V2.0.0/SourceCode/S1_Project/sdk/linux/init/isp/../../obj/uclibc/9.1.0/isp.o
 .debug_loc     0x00000000000939f6      0x517 /home/lixx/ZGCX/S1_Project/IFord_CLD00V2.0.0/SourceCode/S1_Project/sdk/linux/init/isp/isp_init.o
 .debug_loc     0x0000000000093f0d      0xde6 /home/lixx/ZGCX/S1_Project/IFord_CLD00V2.0.0/SourceCode/S1_Project/sdk/linux/init/isp/ispmid_init.o

.debug_macinfo
 *(.debug_macinfo)

.debug_weaknames
 *(.debug_weaknames)

.debug_funcnames
 *(.debug_funcnames)

.debug_typenames
 *(.debug_typenames)

.debug_varnames
 *(.debug_varnames)

.debug_pubtypes
 *(.debug_pubtypes)

.debug_ranges   0x0000000000000000     0x2538
 *(.debug_ranges)
 .debug_ranges  0x0000000000000000     0x2370 /home/lixx/ZGCX/S1_Project/IFord_CLD00V2.0.0/SourceCode/S1_Project/sdk/linux/init/isp/../../obj/uclibc/9.1.0/isp.o
 .debug_ranges  0x0000000000002370       0x38 /home/lixx/ZGCX/S1_Project/IFord_CLD00V2.0.0/SourceCode/S1_Project/sdk/linux/init/isp/isp_init.o
 .debug_ranges  0x00000000000023a8      0x190 /home/lixx/ZGCX/S1_Project/IFord_CLD00V2.0.0/SourceCode/S1_Project/sdk/linux/init/isp/ispmid_init.o

.debug_macro
 *(.debug_macro)

.debug_addr
 *(.debug_addr)

.gnu.attributes
 *(.gnu.attributes)

.note.gnu.arm.ident
 *(.note.gnu.arm.ident)
OUTPUT(/home/lixx/ZGCX/S1_Project/IFord_CLD00V2.0.0/SourceCode/S1_Project/sdk/linux/init/isp/mi_isp.o elf32-littlearm)
