
Memory Configuration

Name             Origin             Length             Attributes
*default*        0x0000000000000000 0xffffffffffffffff

Linker script and memory map

LOAD /home/lixx/ZGCX/S1_Project/IFord_CLD00V2.0.0/SourceCode/S1_Project/sdk/linux/init/sys/../../obj/uclibc/9.1.0/sys.o
LOAD /home/lixx/ZGCX/S1_Project/IFord_CLD00V2.0.0/SourceCode/S1_Project/sdk/linux/init/sys/sys_init.o
LOAD /home/lixx/ZGCX/S1_Project/IFord_CLD00V2.0.0/SourceCode/S1_Project/sdk/linux/init/sys/cmdq_export.o
LOAD /home/lixx/ZGCX/S1_Project/IFord_CLD00V2.0.0/SourceCode/S1_Project/sdk/linux/init/sys/cmdq_init.o

.interp
 *(.interp)

.note.gnu.build-id
 *(.note.gnu.build-id)

.hash
 *(.hash)

.gnu.hash
 *(.gnu.hash)

.dynsym
 *(.dynsym)

.dynstr
 *(.dynstr)

.gnu.version
 *(.gnu.version)

.gnu.version_d
 *(.gnu.version_d)

.gnu.version_r
 *(.gnu.version_r)

.rel.init
 *(.rel.init)

.rela.init
 *(.rela.init)

.rel.text
 *(.rel.text)

.rela.text
 *(.rela.text)

.rel.fini
 *(.rel.fini)

.rela.fini
 *(.rela.fini)

.rel.rodata
 *(.rel.rodata)

.rela.rodata
 *(.rela.rodata)

.rel.data.rel.ro
 *(.rel.data.rel.ro)

.rela.data.rel.ro
 *(.rela.data.rel.ro)

.rel.data
 *(.rel.data)

.rela.data
 *(.rela.data)

.rel.tdata
 *(.rel.tdata)

.rela.tdata
 *(.rela.tdata)

.rel.tbss
 *(.rel.tbss)

.rela.tbss
 *(.rela.tbss)

.rel.ctors
 *(.rel.ctors)

.rela.ctors
 *(.rela.ctors)

.rel.dtors
 *(.rel.dtors)

.rela.dtors
 *(.rela.dtors)

.rel.got
 *(.rel.got)

.rela.got
 *(.rela.got)

.rel.bss
 *(.rel.bss)

.rela.bss
 *(.rela.bss)

.rel.iplt
 *(.rel.iplt)

.rela.iplt
 *(.rela.iplt)

.rel.plt
 *(.rel.plt)

.rela.plt
 *(.rela.plt)

.init
 *(SORT_NONE(.init))

.plt
 *(.plt)

.iplt
 *(.iplt)

.text           0x0000000000000000    0x25398
 *(.text .stub)
 .text          0x0000000000000000    0x24b2c /home/lixx/ZGCX/S1_Project/IFord_CLD00V2.0.0/SourceCode/S1_Project/sdk/linux/init/sys/../../obj/uclibc/9.1.0/sys.o
                0x000000000000146c                MI_DEVICE_WrapperFunction_sys
                0x0000000000001484                IS_PRINT_MATCH_sys
                0x00000000000014ec                MI_DEVICE_Instance_sys
                0x00000000000014f4                MI_DEVICE_GetSelfDir_sys
                0x0000000000001538                AddUTIoctlTable
                0x000000000000153a                sys__module_init
                0x0000000000001604                sys__module_exit
                0x0000000000001c74                _MI_SYS_IMPL_OutputUsrBufOnBufRefRelFunc
                0x0000000000001ca8                _MI_SYS_IMPL_UserPutInputPortBufRefCB
                0x0000000000001f78                MI_SYS_IMPL_HwTimer
                0x00000000000030d4                MI_SYS_IMPL_bInternalBusExchgmode
                0x00000000000030dc                MI_SYS_IMPL_bLowLatencyKickOff
                0x00000000000030e4                MI_SYS_IMPL_GetChnBufInfo
                0x0000000000003280                MI_SYS_IMPL_ChnGetBufHandleType
                0x00000000000032c8                MI_SYS_IMPL_ChnGetBufHandleInfo
                0x0000000000003310                MI_SYS_IMPL_ChnDupBufHandle
                0x00000000000034a8                MI_SYS_IMPL_MmapBufToMultiUserVirAddr
                0x0000000000003528                MI_SYS_IMPL_UnmapBufToMultiUserVirAddr
                0x000000000000358c                MI_SYS_IMPL_FlushRealTimeOutputBuf
                0x00000000000036a4                _MI_SYS_IMPL_InitChannel
                0x0000000000003764                _MI_SYS_IMPL_GetInputPortInfo
                0x00000000000038d0                MI_SYS_Mma_GetOutputPortInfo
                0x0000000000003a60                _MI_SYS_IMPL_GetModDevInfoById
                0x0000000000003ac0                MI_SYS_IMPL_GetChnBufInfo2
                0x0000000000003ada                MI_SYS_IMPL_GetDevChnInfo
                0x0000000000003b50                _MI_SYS_IMPL_UserGetOutputPortBuf
                0x0000000000003bac                _MI_SYS_IMPL_MemCacheCreate
                0x0000000000003c80                _MI_SYS_IMPL_MemCacheDestroy
                0x0000000000003cf0                _MI_SYS_IMPL_UserGetInputPortBuf
                0x0000000000003ef0                MI_SYS_IMPL_CheckExitReady
                0x0000000000003f80                MI_SYS_IMPL_Exit
                0x00000000000040e4                MI_SYS_IMPL_UserSetChnOutPortBufExtConf
                0x000000000000416c                MI_SYS_IMPL_SetChnOutputPortUserFrc
                0x0000000000004224                MI_SYS_IMPL_GetInputPortFrc
                0x00000000000042cc                MI_SYS_IMPL_SetInputPortFrc
                0x00000000000043bc                MI_SYS_IMPL_QueryDevChnPortState
                0x00000000000044cc                MI_SYS_IMPL_InjectBuf
                0x0000000000004600                MI_SYS_IMPL_GetVersion
                0x000000000000462c                MI_SYS_IMPL_Init
                0x0000000000004884                MI_SYS_IMPL_GetCurPts
                0x0000000000004a04                MI_SYS_IMPL_InitPtsBase
                0x0000000000004a64                MI_SYS_IMPL_SyncPts
                0x0000000000004a68                MI_SYS_IMPL_SetReg
                0x0000000000004af4                MI_SYS_IMPL_GetReg
                0x0000000000004b6c                MI_SYS_IMPL_SetChnMMAConf
                0x0000000000004cbc                MI_SYS_IMPL_GetChnMMAConf
                0x0000000000004db8                _MI_SYS_IMPL_GetInputportPeer
                0x0000000000004dfe                MI_SYS_IMPL_GetBindbyDest
                0x0000000000004e4c                MI_SYS_IMPL_SetChnOutputPortDepth
                0x0000000000004f28                MI_SYS_IMPL_GetChnOutputPortDepth
                0x0000000000004f7c                MI_SYS_IMPL_EnableChnOutputPortLowLatency
                0x0000000000004fdc                MI_SYS_IMPL_ChnOutputPortGetBuf
                0x00000000000051dc                MI_SYS_IMPL_ChnOutputPortPutBuf
                0x00000000000052b0                MI_SYS_IMPL_ChnInputPortGetBuf
                0x0000000000005474                MI_SYS_IMPL_ChnInputPortPutBuf
                0x00000000000055a8                MI_SYS_IMPL_EnableUserPicture
                0x00000000000056e4                MI_SYS_IMPL_ChnInputPortSetUserPicture
                0x0000000000005900                MI_SYS_IMPL_DisableUserPicture
                0x0000000000005b44                _MI_SYS_IMPL_DeInitInputPort
                0x0000000000005e28                _MI_SYS_IMPL_DeInitOutputPort
                0x0000000000006168                _MI_SYS_IMPL_DeinitChannel
                0x0000000000006204                MI_SYS_IMPL_FreeUsrProcessBufByModule
                0x00000000000063ac                MI_SYS_IMPL_RegisterDev
                0x0000000000006620                MI_SYS_IMPL_RegisterDevRel
                0x00000000000066e0                MI_SYS_Mprotect_IsEnableMiuProtect
                0x00000000000066ec                MI_SYS_IMPL_FlushInputPortTasks
                0x0000000000006828                _MI_SYS_IMPL_BindChannelPort
                0x0000000000006d28                _MI_SYS_IMPL_UnBindChannelPort
                0x00000000000072d8                MI_SYS_IMPL_UnRegisterDev
                0x0000000000007404                MI_SYS_IMPL_EnableOutputPort
                0x0000000000007418                MI_SYS_IMPL_DisableOutputPort
                0x0000000000007514                MI_SYS_IMPL_SetMaxEnqueueTasks
                0x000000000000757c                MI_SYS_IMPL_SetOutputPortBufExtConf
                0x00000000000075fc                MI_SYS_IMPL_GetOutputPortBufExtConf
                0x00000000000076f0                MI_SYS_IMPL_SetOutputPortBufClearConf
                0x0000000000007778                MI_SYS_IMPL_SetInputPortBufExtConf
                0x0000000000007808                MI_SYS_IMPL_GetInputPortBufExtConf
                0x000000000000792c                MI_SYS_IMPL_SetInputPortBufClearConf
                0x00000000000079b4                MI_SYS_IMPL_EnableInputPort
                0x00000000000079c4                MI_SYS_IMPL_BindAndEnableAllInnerPasses
                0x0000000000007bbc                MI_SYS_IMPL_SetInputPortSidebandMsg
                0x0000000000007c38                MI_SYS_IMPL_GetOutputPortSidebandMsg
                0x0000000000007de0                MI_SYS_IMPL_DisableInputPort
                0x0000000000008010                MI_SYS_IMPL_UnBindAndDisableAllInnerPasses
                0x000000000000810c                MI_SYS_IMPL_BindChnPortWithParam
                0x0000000000008278                MI_SYS_IMPL_BindChnPort
                0x00000000000082a8                MI_SYS_IMPL_UnBindChnPort
                0x0000000000008474                MI_SYS_IMPL_EnableChannel
                0x0000000000008508                MI_SYS_IMPL_DisableChannel
                0x0000000000008594                MI_SYS_IMPL_SetInputPortUsrAllocator
                0x00000000000085bc                MI_SYS_IMPL_SetPeerOutputPortCusAllocator
                0x000000000000863c                MI_SYS_IMPL_ReadUuid
                0x0000000000008660                MI_SYS_IMPL_GetPollData
                0x00000000000086b4                MI_SYS_IMPL_GetModuleMMaHeapName
                0x00000000000087d8                MI_SYS_IMPL_GetDeviceBaseAddr
                0x0000000000008810                MI_SYS_IMPL_FreeMMAPReservedArea
                0x0000000000008888                MI_SYS_IMPL_GetPeerInputPortsBufExtConf
                0x0000000000008944                MI_SYS_IMPL_EarlyInitConfig
                0x000000000000898c                generic_allocation_on_ref
                0x00000000000089d4                generic_allocator_on_ref
                0x0000000000008a0c                generic_allocation_on_unref
                0x0000000000008a60                generic_allocator_on_unref
                0x00000000000091f0                generic_allocation_on_release
                0x00000000000092f8                generic_allocation_init
                0x0000000000009344                generic_allocator_init
                0x000000000000938c                MI_SYS_Buf_MgrFillBufinfo
                0x000000000000968c                MI_SYS_Buf_IsBufInfoMeetBufExtraConfigRequire
                0x0000000000009708                MI_SYS_Buf_CreateBufref
                0x00000000000097a0                MI_SYS_Buf_CreateRealtimeBufref
                0x000000000000999c                MI_SYS_Buf_MgrFillHwRingBufinfo
                0x0000000000009b20                MI_SYS_Buf_ReleaseBufref
                0x0000000000009b90                MI_SYS_Buf_DupBufref
                0x0000000000009c38                MI_SYS_Buf_InitBufQueue
                0x0000000000009c6a                MI_SYS_Buf_DeinitBufQueue
                0x0000000000009c8a                MI_SYS_Buf_AddToQueueHead
                0x0000000000009cf0                MI_SYS_Buf_AddToQueueTail
                0x0000000000009d56                MI_SYS_Buf_RemoveFromQueueHead
                0x0000000000009dbe                MI_SYS_Buf_RemoveFromQueueTail
                0x0000000000009e26                MI_SYS_Buf_RemoveFromQueue
                0x0000000000009e9a                MI_SYS_Buf_MgrGetSize
                0x0000000000009f8c                MI_SYS_GetFrameBufSize
                0x000000000000a01c                MI_SYS_Buf_ClearFramebufPadingArea
                0x000000000000a300                MI_SYS_Buf_ClearFbcbufPadingArea
                0x000000000000a3ec                MI_SYS_PutModParaInfoArray
                0x000000000000a430                MI_SYS_GetModParaInfoArray
                0x000000000000a61e                MI_SYS_Mma_AllocatorSuitBufconfig
                0x000000000000a668                MI_SYS_Mma_AllocationVunmapKern
                0x000000000000a87c                MI_SYS_Mma_MmuCallback
                0x000000000000aa0e                MI_SYS_Mma_AllocatorOnRelease
                0x000000000000ab6c                MI_SYS_Mma_AllocationUnmapUser
                0x000000000000ac88                MI_SYS_Mma_AllocationOnRelease
                0x000000000000ae48                MI_SYS_Mma_AllocationMapUser
                0x000000000000b014                MI_SYS_Mma_AllocationVmapKern
                0x000000000000b056                MI_SYS_Mma_AllocatorAlloc
                0x000000000000b438                MI_SYS_Mma_CheckMmuListCoherence
                0x000000000000b4d8                MI_SYS_Mma_IsEnableMMU
                0x000000000000b4f4                MI_SYS_Mma_GetMainMmuAllocator
                0x000000000000b500                MI_SYS_Mma_MapVpaToPa
                0x000000000000b530                MI_SYS_Mma_UnMapVpaToPa
                0x000000000000b560                MI_SYS_Mma_MmapTotalSize
                0x000000000000b59c                MI_SYS_Mma_AllocatorCreate
                0x000000000000bd44                MI_SYS_Mma_AllocatorDestory
                0x000000000000be00                MI_SYS_Mma_AllocatorAssignEarlyInitOps
                0x000000000000be02                MI_SYS_Mma_FindAllocationByPa
                0x000000000000bf14                MI_SYS_Mma_FindAllocatorByPa
                0x000000000000c084                MI_SYS_Mma_Pa2Vpa
                0x000000000000c128                MI_SYS_Mma_ExchangeBufInfo
                0x000000000000c18e                MI_SYS_Mma_AllocFromMmaAllocators
                0x000000000000c360                MI_SYS_Mma_IsEnableDebugMMU
                0x000000000000c608                MI_SYS_Chunk_StatMemoryUsagePrintk
                0x000000000000c864                MI_SYS_Chunk_Init
                0x000000000000c92c                MI_SYS_Chunk_DeInit
                0x000000000000c9ec                MI_SYS_Chunk_Alloc
                0x000000000000cd48                MI_SYS_Chunk_Free
                0x000000000000cffc                MI_SYS_Chunk_ExchangeBufinfo
                0x000000000000d390                MI_SYS_Mprotect_CpuBusAddrToMiuOffset
                0x000000000000d3cc                MI_SYS_Mprotect_GetIdleBlockIndx
                0x000000000000d3d6                MI_SYS_Mprotect_SetAccessFromVpaOnly
                0x000000000000d3da                MI_SYS_Mprotect_SetMiuProtectIdList
                0x000000000000d5a8                MI_SYS_Mprotect_SetMiuProtect
                0x000000000000d694                MI_SYS_Mprotect_setMiuProtectMMa
                0x000000000000d954                MI_SYS_Mprotect_ResumeMiuProtect
                0x000000000000da10                MI_SYS_Mprotect_DeleteKRange
                0x000000000000dcb8                MI_SYS_Mprotect_AddKRange
                0x000000000000e024                MI_SYS_Mprotect_InitGlobMiuKranges
                0x000000000000e17c                MI_SYS_Mprotect_ExitGlobMiuKranges
                0x000000000000e1f4                MI_SYS_MProtect_GetMiuInfo
                0x000000000000ea30                _MI_SYS_InferGraph_PosInList
                0x000000000000ea46                MI_SYS_InferGraph_ProcessChnPassNextInqueueTasks
                0x000000000000ea64                MI_SYS_InferGraph_EnsureInputPortFifoEmpty
                0x000000000000ec9c                MI_SYS_InferGraph_PmSyncChnPassDescent
                0x000000000000ed48                MI_SYS_InferGraph_KickoffRealTimeOutputTasks
                0x000000000000ed84                MI_SYS_InferGraph_KickoffDMABasedLowLatencyOutputTasks
                0x000000000000edc0                MI_SYS_InferGraph_Finish_Output_Task
                0x000000000000ee24                MI_SYS_InferGraph_ProcessChnPassNotifyReset
                0x000000000000ee40                MI_SYS_InferGraph_InitDevPassDAGInfo
                0x000000000000ee64                MI_SYS_InferGraph_DeInitDevPassDAGInfo
                0x000000000000ee7e                MI_SYS_InferGraph_InitStaticInfo
                0x000000000000eeaa                MI_SYS_InferGraph_InitChnPassDAGInfo
                0x000000000000eed4                MI_SYS_InferGraph_DeInitChnPassDAGInfo
                0x000000000000eed6                MI_SYS_InferGraph_InitInputPortDAGInfo
                0x000000000000eee2                MI_SYS_InferGraph_DeInitInputPortDAGInfo
                0x000000000000eeea                MI_SYS_InferGraph_UpdateStatTimeInfo
                0x000000000000ef44                MI_SYS_InferGraph_RecAction
                0x000000000000f044                MI_SYS_InferGraph_DetermineDevRoleForCmdq
                0x000000000000f0c6                MI_SYS_InferGraph_OnBind
                0x000000000000f158                MI_SYS_InferGraph_OnUnBind
                0x000000000000f260                MI_SYS_Cmdq_AllocMma
                0x000000000000f2d0                MI_SYS_Cmdq_FreeMma
                0x000000000000f484                MI_SYS_Cmdq_DoneNotify
                0x000000000000f4e8                MI_SYS_Cmdq_ResetIsrNotify
                0x000000000000f554                MI_SYS_Cmdq_AllocateBuffer
                0x000000000000f61c                MI_SYS_Cmdq_GetBufMap
                0x000000000000f638                MI_SYS_Cmdq_FreeBuffer
                0x000000000000f6ac                MI_SYS_Cmdq_InitMmapInfo
                0x000000000000f6d4                MI_SYS_Cmdq_ExitMmapInfo
                0x000000000000f700                MI_SYS_Cmdq_GetFreeCMDQ
                0x000000000000f736                MI_SYS_Cmdq_DupCMDQ
                0x000000000000f744                MI_SYS_Cmdq_PutCMDQ
                0x000000000000f74a                MI_SYS_Cmdq_KickOffCMDQ
                0x000000000000f7fc                MI_SYS_Cmdq_IsSWFenceDone
                0x000000000000f8b8                _MI_SYS_Cmdq_RegisterIsrCallBack
                0x000000000000f8f8                MI_SYS_Cmdq_GetCMDQ
                0x000000000000fa9c                MI_SYS_Cmdq_Reset
                0x000000000000fac0                MI_SYS_Cmdq_Suspend
                0x000000000000fad8                MI_SYS_Cmdq_Resume
                0x00000000000101d8                MI_SYS_Ringpool_Create
                0x0000000000010388                MI_SYS_Ringpool_FindRingPoolByRecord
                0x00000000000103be                MI_SYS_Ringpool_RingPoolUnref
                0x00000000000104b4                MI_SYS_Ringpool_Destory
                0x00000000000104ec                MI_SYS_Ringpool_GetTotalSpace
                0x000000000001053c                MI_SYS_Ringpool_EnsureTailSpace
                0x0000000000010604                MI_SYS_Ringpool_EnsureTailSpaceInISR
                0x0000000000010612                MI_SYS_Ringpool_EnsureTailSpaceTimeout
                0x00000000000106b2                MI_SYS_Ringpool_DumpRecordInfo
                0x00000000000106e6                MI_SYS_Ringpool_GetHeadRecordInISR
                0x00000000000106fa                MI_SYS_Ringpool_GetHeadRecordTimeout
                0x00000000000107a0                MI_SYS_Ringpool_PutHeadRecordTimeout
                0x000000000001084c                MI_SYS_Ringpool_PutHeadRecordWithPATimeout
                0x00000000000108ec                MI_SYS_Ringpool_GetHeadRecordUnrelease
                0x0000000000010990                MI_SYS_Ringpool_ReleaseHeadRecord
                0x0000000000010ae8                MI_SYS_Ringpool_GetRecordTotalNum
                0x0000000000010b84                MI_SYS_Ringpool_GetRecordUnreadNum
                0x0000000000010c30                MI_SYS_Ringpool_GetHeadRecordTotalNum
                0x0000000000010cd4                MI_SYS_Ringpool_AppendTailContentTailRecord
                0x0000000000010f64                MI_SYS_Ringpool_CancelUnFinishedTailRecord
                0x0000000000011178                MI_SYS_Ringpool_ReleaseTailRecord
                0x00000000000112c8                MI_SYS_Ringpool_SetRecordMinAllocSize
                0x0000000000011328                MI_SYS_Ringpool_ModifyStreamStartPa
                0x00000000000116f0                MI_SYS_Frc_ResetInputPort
                0x0000000000011778                MI_SYS_Frc_ResetOutputPort
                0x00000000000117c8                MI_SYS_Frc_InitInputPort
                0x00000000000117cc                MI_SYS_Frc_InitOutputPort
                0x00000000000117d0                MI_SYS_Frc_SetFrameRate
                0x0000000000011864                MI_SYS_Frc_StopReceivedFrame
                0x000000000001186c                MI_SYS_Frc_StartReceivedFrame
                0x0000000000011894                MI_SYS_Frc_SetFrcAttr
                0x000000000001192c                MI_SYS_Frc_GetFrcAttr
                0x0000000000011960                MI_SYS_Frc_RcAcceptBufDispatch
                0x0000000000011a18                MI_SYS_Frc_StepRcBufDispatch
                0x0000000000011aa0                MI_SYS_Frc_RcAcceptBufAlloc
                0x0000000000011bdc                MI_SYS_Frc_StepRcBufAlloc
                0x0000000000011c64                _MI_SYS_Frc_UpdateLastPeriodFR
                0x0000000000011cdc                MI_SYS_Frc_CalcInputPortFrameRate
                0x0000000000011d68                MI_SYS_Frc_CalcOutputPortFrameRate
                0x0000000000011f04                MI_SYS_Proc_StripFileName
                0x0000000000011fdc                MI_SYS_Proc_FuncName
                0x0000000000011fe4                MI_SYS_Proc_BugOn
                0x00000000000120ec                MI_SYS_Proc_Print
                0x00000000000121cc                MI_SYS_Proc_CommonRealGetSelfDir
                0x00000000000121ce                MI_SYS_Proc_GetModuleOpsDelay
                0x0000000000012240                MI_SYS_Proc_AllocatorCreate
                0x00000000000122f0                MI_SYS_Proc_AllocatorRemove
                0x000000000001236c                MI_SYS_Proc_DrvInit
                0x00000000000123c4                MI_SYS_Proc_DrvExit
                0x0000000000012404                MI_SYS_Debug_GetRefDbgParam
                0x000000000001240c                MI_SYS_Proc_DebugRegister
                0x000000000001249c                MI_SYS_Proc_DebugUnRegister
                0x00000000000124d0                MI_SYS_Proc_DevCommonReg
                0x0000000000012594                MI_SYS_Proc_DevCommonUnReg
                0x0000000000012610                MI_SYS_Proc_Debug_InitMod
                0x0000000000012620                _MI_SYS_Timer_IrqHandler
                0x000000000001267c                MI_SYS_Timer_Register
                0x0000000000012798                MI_SYS_Timer_Mod
                0x00000000000127cc                MI_SYS_Timer_Enable
                0x0000000000012820                MI_SYS_Timer_Disable
                0x000000000001287c                MI_SYS_Timer_UnRegister
                0x00000000000128f0                MI_SYS_Directbuf_HeapProcExecCmd
                0x0000000000012904                MI_SYS_Directbuf_HeapAlloc
                0x00000000000129ac                MI_SYS_Directbuf_HeapProcDumpAttr
                0x0000000000012a90                MI_SYS_Directbuf_HeapAllocatorCreate
                0x0000000000012b68                MI_SYS_Dma_MemsetPa
                0x0000000000012c04                MI_SYS_Dma_MemcpyPa
                0x0000000000012c94                MI_SYS_Dma_MemcpyPaEx
                0x0000000000012d38                MI_SYS_Dma_BufFillPa
                0x0000000000013390                __min
                0x0000000000013398                MI_SYS_Dma_BufBlitPa
                0x0000000000013a70                MI_SYS_Sram_PreAllocBuf
                0x0000000000013bbc                MI_SYS_Sram_FreeBuf
                0x0000000000013db8                MI_SYS_Mma_ConfigModDevRingPrivateHeap
                0x0000000000013f60                MI_SYS_Mma_ConfigEarlyInitPrivateHeap
                0x0000000000013f64                MI_SYS_Mma_ConfigEarlyInitChnPortBufPrivateHeap
                0x0000000000013f68                MI_SYS_Mma_AllocByChn
                0x000000000001415c                MI_SYS_Mma_Alloc
                0x0000000000014172                MI_SYS_Mma_Free
                0x0000000000014214                MI_SYS_Mma_ConfigDevChnPrivateHeap
                0x0000000000014630                MI_SYS_Mma_PrivateDevChnHeapFree
                0x00000000000147a8                MI_SYS_Mma_PrivateDevChnHeapAlloc
                0x0000000000014a68                MI_SYS_Mma_PrivateDevChnHeapAlloc2
                0x0000000000014aac                MI_SYS_Mma_PrivateDevChnHeapFree2
                0x0000000000014cc0                MI_SYS_Mma_ConfigChnPortBufPrivateHeap
                0x0000000000014d98                MI_SYS_Mma_ConfigPrivatePool
                0x0000000000014eb0                MI_SYS_Mma_AllocSubHeap
                0x0000000000014fc4                MI_SYS_Mma_PhyAddrIsInMmaHeapRange
                0x0000000000015298                MI_SYS_Vma_DoGetTrueVa
                0x000000000001529a                MI_SYS_Vma_FlushInvCache
                0x000000000001530c                MI_SYS_Vma_MmapToUserVirAddr
                0x0000000000015500                MI_SYS_Vma_UnMmapUserVirAddr
                0x000000000001565a                MI_SYS_Vma_DoMapUser
                0x0000000000015660                MI_SYS_Vma_Mmap
                0x0000000000015720                MI_SYS_Vma_MmapBufToUser
                0x0000000000015a74                MI_SYS_Vma_DoUnmapUser
                0x0000000000015a8a                MI_SYS_Vma_Munmap
                0x0000000000015ae4                MI_SYS_Vma_MunmapBufToUser
                0x0000000000015d7c                MI_SYS_Vma_UserMap
                0x0000000000015e4c                MI_SYS_Vma_UserUnmap
                0x0000000000015e4e                MI_SYS_Vma_VmapKern
                0x0000000000015f38                MI_SYS_Vma_VunmapKern
                0x0000000000015f5a                MI_SYS_Vma_Vmap
                0x0000000000015f9c                MI_SYS_Vma_UnVmap
                0x0000000000015fa0                MI_SYS_Vma_MapKernVa
                0x0000000000016976                MI_SYS_Pass_OutputPortOnBufRefRelFunc
                0x00000000000169cc                MI_SYS_Pass_InputPortOnUserInjectBufRefRelFunc
                0x0000000000016a18                MI_SYS_Pass_InputPortOnPipeInBufRefRelFunc
                0x0000000000017c90                MI_SYS_Pass_GetCurWorkingFifoInputQueueCnt
                0x0000000000017ce2                MI_SYS_Pass_GetWorkingInputTaskCnt
                0x0000000000017d26                MI_SYS_Pass_GetLazzyRewindInputTaskCnt
                0x0000000000017d6a                MI_SYS_Pass_GetWorkingOutputTaskCnt
                0x0000000000017dae                MI_SYS_Pass_GetFinishedOutputTaskCnt
                0x0000000000017df2                MI_SYS_Pass_DupBufrefIntoOutputDrvBkRefQueue
                0x0000000000017e9c                MI_SYS_Pass_DupBufrefIntoInputDrvBkRefQueue
                0x0000000000018030                MI_SYS_Pass_DupBufrefIntoOutputFifoQueue
                0x00000000000182f0                MI_SYS_Pass_DupBufrefIntoBindInQueue
                0x00000000000183c8                MI_SYS_Pass_DupBufrefIntoInjectQueue
                0x00000000000185a8                MI_SYS_Pass_InputPortRewindBuf
                0x0000000000018b28                MI_SYS_Pass_OnAllocationFreeCB
                0x0000000000018d2c                MI_SYS_Pass_AllocBufDefaultPolicy
                0x0000000000018e60                MI_SYS_Pass_EnsureOutportBKRefFifoDepth
                0x0000000000018ec8                MI_SYS_Pass_EnsureInportBKRefFifoDepth
                0x0000000000018f06                MI_SYS_Pass_SetBufClearFlag
                0x0000000000019bb4                MI_SYS_Pass_FindDirectBufInfoByAddr
                0x000000000001a05c                MI_SYS_Pass_DoDirectBufTask
                0x000000000001a250                MI_SYS_Pass_ExchangeBufInfo
                0x000000000001a314                MI_SYS_Pass_DropAndReleaseOutputTask
                0x000000000001a9b0                MI_SYS_Pass_FinishOutputTasks
                0x000000000001aa64                MI_SYS_Pass_EnqueueBufToInputPort
                0x000000000001ac24                MI_SYS_Pass_SyncDevConfig
                0x000000000001acc8                MI_SYS_Pass_RescursivelyResetDropInputOutputTasks
                0x000000000001ad3c                MI_SYS_Pass_DequeueInputOutputTasks
                0x000000000001b998                MI_SYS_Pass_KickOffSyncInferencedDevPassInputBufs
                0x000000000001bd40                MI_SYS_Pass_TryProcessAsyncOutputTask
                0x000000000001c430                MI_SYS_Pass_InternalAsyncOutputWorkerThread
                0x000000000001c65e                MI_SYS_Pass_InternalMainWorkerThread
                0x000000000001cd40                MI_SYS_Pass_NotifySyncDevConfig
                0x000000000001ce74                MI_SYS_Pass_NotifyWakeupISREvent
                0x000000000001cf08                MI_SYS_Pass_NotifyWakeupForceCheck
                0x000000000001cf54                MI_SYS_ModParam_Init
                0x000000000001d802                MHal_cmdq_DumpIrqErr
                0x000000000001d880                MHal_cmdq_AnalysisCrashCommand
                0x000000000001da88                MHal_cmdq_PrintfCrashCommand
                0x000000000001db74                CMDQ_Log_Get
                0x000000000001db80                MHal_cmdq_SetBuffer
                0x000000000001dea8                MHal_cmdq_CheckBufferAvailTimeout
                0x000000000001df5e                MHal_cmdq_GetAvailCmdqNumber
                0x000000000001e074                MHal_cmdq_InsertOneCommand
                0x000000000001e16c                MHal_cmdq_WriteCommandMask
                0x000000000001e260                MHal_cmdq_WriteX32CommandMask
                0x000000000001ebf8                MHal_cmdq_ServiceAllocBuf
                0x000000000001ed6c                MHal_cmdq_PollEqCommandMaskByTime
                0x000000000001f968                MHal_cmdq_GetCmdqHWNumber
                0x000000000001f96c                MHal_cmdq_GetFreeId
                0x000000000001f974                MHal_cmdq_GetBridgeFreeId
                0x000000000001f9e0                MHal_cmdq_GetSpecificId
                0x000000000001f9e4                MHal_cmdq_ReleaseId
                0x000000000001fa2c                MHal_cmdq_InitCmdqMmapInfo
                0x000000000001fa64                MHal_cmdq_DeinitCmdqMmapInfo
                0x000000000001fad8                MHal_cmdq_GetSysCmdqService
                0x000000000001fc0c                MHal_cmdq_GetSysCmdqServiceBufferDirectMode
                0x000000000001fce0                MHal_cmdq_ReleaseSysCmdqService
                0x000000000001fdcc                MHal_cmdq_CreateMemoryScriptCmdq
                0x000000000001ffd0                MHal_cmdq_DestoryMemoryScriptCmdq
                0x00000000000200d0                MHal_cmdq_GetMemCmdqBufAddr
                0x00000000000200f4                MHal_cmdq_ReleaseSysCmdqServiceBufferDirectMode
                0x00000000000201dc                MHal_cmdq_HostControlSlave
                0x0000000000020314                MHal_cmdq_HostAddWaitSlaveIdle
                0x000000000002034c                MHal_cmdq_GetEarlyRunStatus
                0x0000000000020374                MHal_cmdq_DirectModeEarlyRun
                0x00000000000204b0                MHal_cmdq_DirectModeEarlyRunStop
                0x0000000000020518                MHal_cmdq_DirectModeByteModeCmd
                0x00000000000205b0                MHal_cmdq_WriteCommandMaskMulti
                0x0000000000020678                MHal_cmdq_WriteX32CommandMaskMulti
                0x0000000000020734                MHal_cmdq_MemWriteCommandMaskMulti
                0x00000000000208bc                MHal_cmdq_SetTimeoutByPriv
                0x000000000002096a                MHal_cmdq_EnableRunCmdInt
                0x000000000002099c                MHal_cmdq_WriteRegCmdqMaskWithInt
                0x0000000000020a54                MHal_cmdq_SetImiMode
                0x0000000000020a64                MHal_cmdq_Suspend
                0x0000000000020b40                MHal_cmdq_Resume
                0x0000000000020c8c                DrvCmdqStatInit
                0x0000000000020cd0                DrvCmdqStatClear
                0x0000000000020d04                DrvCmdqStatKickInfoPut
                0x0000000000020d64                DrvCmdqStatCmdCountIncrease
                0x0000000000020d84                CmdqReg32R
                0x0000000000020d8e                Hal_cmdq_GetBank
                0x0000000000020db4                Hal_cmdq_Enable
                0x0000000000020e1c                Hal_cmdq_EnableTriggerBusSample
                0x0000000000020e70                Hal_cmdq_Stop
                0x0000000000020ec0                Hal_cmdq_Reset
                0x0000000000020f44                Hal_cmdq_ResetAll
                0x0000000000020fa0                Hal_cmdq_GetEngineNumber
                0x0000000000020fc8                Hal_cmdq_SetEngineNumber
                0x0000000000021080                Hal_cmdq_SetMode
                0x0000000000021198                Hal_cmdq_SetStartPointer
                0x00000000000211ec                Hal_cmdq_SetEndPointer
                0x0000000000021240                Hal_cmdq_SetTimer
                0x00000000000212b4                Hal_cmdq_SetRatio
                0x000000000002132c                Hal_cmdq_SetTimeout
                0x00000000000213a4                Hal_cmdq_SetIsrMsk
                0x00000000000213f8                Hal_cmdq_GetIsrMsk
                0x0000000000021430                Hal_cmdq_SetIsrMsk2
                0x0000000000021484                Hal_cmdq_ResetSoftInterrupt
                0x00000000000214dc                Hal_cmdq_ReadIdleDone
                0x0000000000021514                Hal_cmdq_EnableIdleNotify
                0x000000000002157c                Hal_cmdq_ReadFinalIrq2
                0x00000000000215b8                Hal_cmdq_ByIdClrGroupIrq2
                0x000000000002161c                Hal_cmdq_ClearIrqByFlag
                0x00000000000216a8                Hal_cmdq_ReadIrqStatus
                0x000000000002171c                Hal_cmdq_ReadFinalIrqStatus
                0x0000000000021798                Hal_cmdq_Start
                0x00000000000217e8                Hal_cmdq_PrintAll
                0x0000000000021a9c                Hal_cmdq_ReadDummyRegister
                0x0000000000021ad4                Hal_cmdq_WriteDummyRegister
                0x0000000000021b2c                Hal_cmdq_ClearHwDummyRegister
                0x0000000000021b68                Hal_cmdq_GetDummyRegisterRiuAddr
                0x0000000000021b94                Hal_cmdq_GetDummy2RegisterRiuAddr
                0x0000000000021bc0                Hal_cmdq_GetCmdqRiuAddr
                0x0000000000021be8                Hal_cmdq_ErrorCommand
                0x0000000000021cc4                Hal_cmdq_WritePointer
                0x0000000000021cfc                Hal_cmdq_ReadPointer
                0x0000000000021d58                Hal_cmdq_BuffReadPointer
                0x0000000000021d8c                Hal_cmdq_Reset2
                0x0000000000021de4                Hal_cmdq_GetHWDummyRegAddr
                0x0000000000021df4                Hal_cmdq_GetSWDummyRegAddr
                0x0000000000021e04                Hal_cmdq_GetRegBridge
                0x0000000000021e40                Hal_cmdq_SetWeight
                0x0000000000021f48                Hal_cmdq_GetPhyTrigEvnt
                0x00000000000220a8                Hal_cmdq_ReleaseTrigBus
                0x00000000000220dc                Hal_cmdq_GetTrigEventStr
                0x000000000002216c                Hal_cmdq_PrintfTrigEvent
                0x00000000000221c8                Hal_cmdq_GetDyTrigEventUsedNum
                0x0000000000022208                Hal_cmdq_EnableRunCmdInt
                0x0000000000022270                Hal_cmdq_SetImiMode
                0x00000000000222f0                HAL_CMDQ_GetInternalApis
                0x00000000000222f8                SsHtDefaultHash
                0x00000000000222fc                SsHtDefaultCompare
                0x0000000000022300                SsHtIsEmpty
                0x0000000000022312                SsHtIsInitialized
                0x000000000002231e                SsHtMove
                0x0000000000022348                SsHtIntSwap
                0x0000000000022352                SsHtPointerSwap
                0x000000000002235c                SsHtSwap
                0x00000000000223bc                SsHtHash
                0x00000000000223d2                SsHtEqual
                0x00000000000223e8                SsHtContains
                0x0000000000022422                SsHtLookup
                0x0000000000022454                SsHtConstLookup
                0x0000000000022458                SsHtShouldGrow
                0x0000000000022464                SsHtShouldShrink
                0x000000000002246e                SsHtCreateNode
                0x00000000000224cc                SsHtPushFront
                0x00000000000224f4                SsHtDestroyNode
                0x000000000002251e                SsHtDestroy
                0x0000000000022554                SsHtAllocate
                0x000000000002257e                SsHtSetup
                0x00000000000225b8                SsHtCopy
                0x000000000002261c                SsHtClear
                0x000000000002263e                SsHtReHash
                0x0000000000022678                SsHtReSize
                0x00000000000226a8                SsHtReserve
                0x00000000000226dc                SsHtAdjustCapacity
                0x00000000000226e4                SsHtInsert
                0x0000000000022758                SsHtErase
                0x00000000000227d0                Hal_cmdq_SetBank
                0x00000000000228a4                Hal_cmdq_GetBridgeGroup
                0x000000000002326c                MI_SYS_PM_PostSuspendDevPass
                0x0000000000023276                MI_SYS_PM_StrTryToFreeze
                0x000000000002333c                MI_SYS_PM_StrSuspend
                0x0000000000023364                MI_SYS_PM_StrSuspendLate
                0x00000000000233c4                MI_SYS_PM_StrResumeEarly
                0x0000000000023450                MI_SYS_PM_StrResume
                0x0000000000023480                MI_SYS_PM_StrSuspendPrepare
                0x00000000000235b0                MI_SYS_PM_StrPostSuspend
                0x0000000000023686                MI_COMMON_Release
                0x0000000000023764                MI_COMMON_WakeUpClient
                0x00000000000237ac                MI_COMMON_ReleasePollFd
                0x000000000002380c                MI_COMMON_GetPoll
                0x00000000000238d0                MI_SYS_Poll_CreatePollDev
                0x0000000000023964                MI_SYS_Poll_DestoryPollDev
                0x000000000002399c                _MI_SYS_Ringbuf_HeapFillBufInfo
                0x0000000000023bf4                _MI_SYS_Ringbuf_HeapPostModifyBufConf
                0x0000000000023c58                mi_sys_ringheap_allocator_create
                0x0000000000023d90                MI_SYS_Adaptor_AllocatorSuitBufconfig
                0x0000000000023dd0                MI_SYS_Adaptor_AllocationVunmapKern
                0x0000000000023dfc                MI_SYS_Adaptor_AllocatorAlloc
                0x0000000000023fb0                MI_SYS_Adaptor_AllocatorOnRelease
                0x0000000000024084                MI_SYS_Adaptor_AllocationUnmapUser
                0x0000000000024168                MI_SYS_Adaptor_AllocationOnRelease
                0x0000000000024248                MI_SYS_Adaptor_AllocationMapUser
                0x0000000000024308                MI_SYS_Adaptor_AllocationVMapKern
                0x0000000000024340                MI_SYS_Adaptor_AllocatorCreate
                0x000000000002441c                MI_SYS_Adaptor_AllocatorGetPrivateData
                0x00000000000244a0                MI_SYS_Meta_AllocatorSuitBufconfig
                0x0000000000024528                MI_SYS_Meta_AllocationUnmapUser
                0x0000000000024560                mi_sys_meta_allocation_on_map_kern
                0x0000000000024590                MI_SYS_Meta_AllocationOnUnmapKern
                0x000000000002459c                mi_sys_meta_allocator_alloc
                0x00000000000246b8                MI_SYS_Meta_AllocatorOnRelease
                0x00000000000247f8                MI_SYS_Meta_AllocationOnRelease
                0x00000000000248ec                mi_sys_meta_allocation_map_user
                0x0000000000024924                mi_sys_meta_allocator_create
                0x0000000000024aec                MI_SYS_Buf_GetGlobalMetaAllocator
                0x0000000000024b14                MI_SYS_Buf_DestroyGlobalMetaAllocator
 .text          0x0000000000024b2c      0x754 /home/lixx/ZGCX/S1_Project/IFord_CLD00V2.0.0/SourceCode/S1_Project/sdk/linux/init/sys/sys_init.o
                0x0000000000024b32                MI_SYS_GetPid
                0x0000000000024b50                MI_SYS_GetIrqNum
                0x0000000000024bcc                MI_SYS_SetFreezable
                0x0000000000024bd0                MI_SYS_TryToFreeze
                0x0000000000024bd4                MI_SYS_IMPL_InitPmNotify
                0x0000000000024be0                MI_SYS_IMPL_DeInitPmNotify
                0x0000000000024bec                MI_SYS_FreeReservedArea
                0x0000000000024c0a                MI_SYS_Buf_GetCurUserMapCtx
                0x0000000000024c1c                MI_SYS_ShowTask
                0x0000000000024ca0                parese_Cmdline
                0x0000000000024da4                MI_SYS_IMPL_ProcessFilePrivate
                0x0000000000024ddc                _MI_SYS_IMPL_FreeMMAPReservedArea
                0x0000000000024e50                MI_SYS_Is_Va_Invalid
                0x0000000000024f6c                MI_SYS_Vma_Is_Va_Invalid
                0x0000000000025074                MI_SYS_Is_KernVa_Invalid
                0x00000000000250bc                MI_SYS_Pass_IsUnmapVmallocAddr
                0x0000000000025110                MI_SYS_IMPL_Va2Pa
                0x0000000000025254                MI_SYS_FileGet
                0x0000000000025258                MI_SYS_FilePrivGet
                0x000000000002525e                MI_SYS_FilePut
                0x0000000000025262                sys_mod_init
                0x0000000000025270                sys_mod_exit
 .text          0x0000000000025280        0x0 /home/lixx/ZGCX/S1_Project/IFord_CLD00V2.0.0/SourceCode/S1_Project/sdk/linux/init/sys/cmdq_export.o
 .text          0x0000000000025280      0x118 /home/lixx/ZGCX/S1_Project/IFord_CLD00V2.0.0/SourceCode/S1_Project/sdk/linux/init/sys/cmdq_init.o
                0x0000000000025280                DrvCmdqGetIrqNum
                0x00000000000252fc                DrvCmdqGetClk
 *(.gnu.warning)

.text.unlikely  0x0000000000000000       0x48
 .text.unlikely
                0x0000000000000000       0x48 /home/lixx/ZGCX/S1_Project/IFord_CLD00V2.0.0/SourceCode/S1_Project/sdk/linux/init/sys/sys_init.o
                0x0000000000000000                MI_SYS_ShowAllTask

.init.text      0x0000000000000000        0x4
 .init.text     0x0000000000000000        0x4 /home/lixx/ZGCX/S1_Project/IFord_CLD00V2.0.0/SourceCode/S1_Project/sdk/linux/init/sys/sys_init.o
                0x0000000000000000                init_module

.exit.text      0x0000000000000000        0x4
 .exit.text     0x0000000000000000        0x4 /home/lixx/ZGCX/S1_Project/IFord_CLD00V2.0.0/SourceCode/S1_Project/sdk/linux/init/sys/sys_init.o
                0x0000000000000000                cleanup_module

.fini
 *(SORT_NONE(.fini))

.rodata         0x0000000000000000     0x103a
 *(.rodata)
 .rodata        0x0000000000000000      0xf44 /home/lixx/ZGCX/S1_Project/IFord_CLD00V2.0.0/SourceCode/S1_Project/sdk/linux/init/sys/../../obj/uclibc/9.1.0/sys.o
                0x0000000000000df9                g_stCmdMappingTrigEvt
 .rodata        0x0000000000000f44       0xe8 /home/lixx/ZGCX/S1_Project/IFord_CLD00V2.0.0/SourceCode/S1_Project/sdk/linux/init/sys/sys_init.o
 .rodata        0x000000000000102c        0xe /home/lixx/ZGCX/S1_Project/IFord_CLD00V2.0.0/SourceCode/S1_Project/sdk/linux/init/sys/cmdq_init.o

.rodata.cst4    0x0000000000000000      0x274
 .rodata.cst4   0x0000000000000000      0x264 /home/lixx/ZGCX/S1_Project/IFord_CLD00V2.0.0/SourceCode/S1_Project/sdk/linux/init/sys/../../obj/uclibc/9.1.0/sys.o
 .rodata.cst4   0x0000000000000264        0x8 /home/lixx/ZGCX/S1_Project/IFord_CLD00V2.0.0/SourceCode/S1_Project/sdk/linux/init/sys/sys_init.o
 .rodata.cst4   0x000000000000026c        0x8 /home/lixx/ZGCX/S1_Project/IFord_CLD00V2.0.0/SourceCode/S1_Project/sdk/linux/init/sys/cmdq_init.o

.rodata.str1.1  0x0000000000000000     0x723a
 .rodata.str1.1
                0x0000000000000000     0x6d42 /home/lixx/ZGCX/S1_Project/IFord_CLD00V2.0.0/SourceCode/S1_Project/sdk/linux/init/sys/../../obj/uclibc/9.1.0/sys.o
 .rodata.str1.1
                0x0000000000006d42      0x4a0 /home/lixx/ZGCX/S1_Project/IFord_CLD00V2.0.0/SourceCode/S1_Project/sdk/linux/init/sys/sys_init.o
 .rodata.str1.1
                0x00000000000071e2       0x58 /home/lixx/ZGCX/S1_Project/IFord_CLD00V2.0.0/SourceCode/S1_Project/sdk/linux/init/sys/cmdq_init.o

__ksymtab_strings
                0x0000000000000000      0x109
 __ksymtab_strings
                0x0000000000000000       0xef /home/lixx/ZGCX/S1_Project/IFord_CLD00V2.0.0/SourceCode/S1_Project/sdk/linux/init/sys/sys_init.o
 __ksymtab_strings
                0x00000000000000ef       0x1a /home/lixx/ZGCX/S1_Project/IFord_CLD00V2.0.0/SourceCode/S1_Project/sdk/linux/init/sys/cmdq_export.o

.pv_table       0x0000000000000000        0x4
 .pv_table      0x0000000000000000        0x4 /home/lixx/ZGCX/S1_Project/IFord_CLD00V2.0.0/SourceCode/S1_Project/sdk/linux/init/sys/sys_init.o

.ARM.extab.text.unlikely
                0x0000000000000000        0x0
 .ARM.extab.text.unlikely
                0x0000000000000000        0x0 /home/lixx/ZGCX/S1_Project/IFord_CLD00V2.0.0/SourceCode/S1_Project/sdk/linux/init/sys/sys_init.o

.ARM.exidx.text.unlikely
                0x0000000000000000        0x8
 .ARM.exidx.text.unlikely
                0x0000000000000000        0x8 /home/lixx/ZGCX/S1_Project/IFord_CLD00V2.0.0/SourceCode/S1_Project/sdk/linux/init/sys/sys_init.o

.ARM.extab.init.text
                0x0000000000000000        0x0
 .ARM.extab.init.text
                0x0000000000000000        0x0 /home/lixx/ZGCX/S1_Project/IFord_CLD00V2.0.0/SourceCode/S1_Project/sdk/linux/init/sys/sys_init.o

.ARM.exidx.init.text
                0x0000000000000000        0x8
 .ARM.exidx.init.text
                0x0000000000000000        0x8 /home/lixx/ZGCX/S1_Project/IFord_CLD00V2.0.0/SourceCode/S1_Project/sdk/linux/init/sys/sys_init.o

.ARM.extab.exit.text
                0x0000000000000000        0x0
 .ARM.extab.exit.text
                0x0000000000000000        0x0 /home/lixx/ZGCX/S1_Project/IFord_CLD00V2.0.0/SourceCode/S1_Project/sdk/linux/init/sys/sys_init.o

.ARM.exidx.exit.text
                0x0000000000000000        0x8
 .ARM.exidx.exit.text
                0x0000000000000000        0x8 /home/lixx/ZGCX/S1_Project/IFord_CLD00V2.0.0/SourceCode/S1_Project/sdk/linux/init/sys/sys_init.o

.modinfo        0x0000000000000000       0x9c
 .modinfo       0x0000000000000000       0x9c /home/lixx/ZGCX/S1_Project/IFord_CLD00V2.0.0/SourceCode/S1_Project/sdk/linux/init/sys/sys_init.o

___ksymtab+MI_COMMON_GetPoll
                0x0000000000000000        0xc
 ___ksymtab+MI_COMMON_GetPoll
                0x0000000000000000        0xc /home/lixx/ZGCX/S1_Project/IFord_CLD00V2.0.0/SourceCode/S1_Project/sdk/linux/init/sys/sys_init.o

___ksymtab+MI_COMMON_ReleasePollFd
                0x0000000000000000        0xc
 ___ksymtab+MI_COMMON_ReleasePollFd
                0x0000000000000000        0xc /home/lixx/ZGCX/S1_Project/IFord_CLD00V2.0.0/SourceCode/S1_Project/sdk/linux/init/sys/sys_init.o

___ksymtab+MI_COMMON_WakeUpClient
                0x0000000000000000        0xc
 ___ksymtab+MI_COMMON_WakeUpClient
                0x0000000000000000        0xc /home/lixx/ZGCX/S1_Project/IFord_CLD00V2.0.0/SourceCode/S1_Project/sdk/linux/init/sys/sys_init.o

___ksymtab+MI_SYS_GetIrqNum
                0x0000000000000000        0xc
 ___ksymtab+MI_SYS_GetIrqNum
                0x0000000000000000        0xc /home/lixx/ZGCX/S1_Project/IFord_CLD00V2.0.0/SourceCode/S1_Project/sdk/linux/init/sys/sys_init.o

___ksymtab+MI_SYS_GetPid
                0x0000000000000000        0xc
 ___ksymtab+MI_SYS_GetPid
                0x0000000000000000        0xc /home/lixx/ZGCX/S1_Project/IFord_CLD00V2.0.0/SourceCode/S1_Project/sdk/linux/init/sys/sys_init.o

___ksymtab+MI_SYS_Proc_BugOn
                0x0000000000000000        0xc
 ___ksymtab+MI_SYS_Proc_BugOn
                0x0000000000000000        0xc /home/lixx/ZGCX/S1_Project/IFord_CLD00V2.0.0/SourceCode/S1_Project/sdk/linux/init/sys/sys_init.o

___ksymtab+MI_SYS_Proc_CommonRealGetSelfDir
                0x0000000000000000        0xc
 ___ksymtab+MI_SYS_Proc_CommonRealGetSelfDir
                0x0000000000000000        0xc /home/lixx/ZGCX/S1_Project/IFord_CLD00V2.0.0/SourceCode/S1_Project/sdk/linux/init/sys/sys_init.o

___ksymtab+MI_SYS_Proc_FuncName
                0x0000000000000000        0xc
 ___ksymtab+MI_SYS_Proc_FuncName
                0x0000000000000000        0xc /home/lixx/ZGCX/S1_Project/IFord_CLD00V2.0.0/SourceCode/S1_Project/sdk/linux/init/sys/sys_init.o

___ksymtab+MI_SYS_Proc_Print
                0x0000000000000000        0xc
 ___ksymtab+MI_SYS_Proc_Print
                0x0000000000000000        0xc /home/lixx/ZGCX/S1_Project/IFord_CLD00V2.0.0/SourceCode/S1_Project/sdk/linux/init/sys/sys_init.o

___ksymtab+MI_SYS_ShowAllTask
                0x0000000000000000        0xc
 ___ksymtab+MI_SYS_ShowAllTask
                0x0000000000000000        0xc /home/lixx/ZGCX/S1_Project/IFord_CLD00V2.0.0/SourceCode/S1_Project/sdk/linux/init/sys/sys_init.o

___ksymtab+g_mi_sys_internal_apis
                0x0000000000000000        0xc
 ___ksymtab+g_mi_sys_internal_apis
                0x0000000000000000        0xc /home/lixx/ZGCX/S1_Project/IFord_CLD00V2.0.0/SourceCode/S1_Project/sdk/linux/init/sys/sys_init.o

__param         0x0000000000000000       0x3c
 __param        0x0000000000000000       0x3c /home/lixx/ZGCX/S1_Project/IFord_CLD00V2.0.0/SourceCode/S1_Project/sdk/linux/init/sys/sys_init.o

___ksymtab+HAL_CMDQ_GetInternalApis
                0x0000000000000000        0xc
 ___ksymtab+HAL_CMDQ_GetInternalApis
                0x0000000000000000        0xc /home/lixx/ZGCX/S1_Project/IFord_CLD00V2.0.0/SourceCode/S1_Project/sdk/linux/init/sys/cmdq_export.o

.rodata1
 *(.rodata1)

.ARM.extab      0x0000000000000000      0x30c
 *(.ARM.extab)
 .ARM.extab     0x0000000000000000      0x2f4 /home/lixx/ZGCX/S1_Project/IFord_CLD00V2.0.0/SourceCode/S1_Project/sdk/linux/init/sys/../../obj/uclibc/9.1.0/sys.o
 .ARM.extab     0x00000000000002f4       0x18 /home/lixx/ZGCX/S1_Project/IFord_CLD00V2.0.0/SourceCode/S1_Project/sdk/linux/init/sys/sys_init.o
 .ARM.extab     0x000000000000030c        0x0 /home/lixx/ZGCX/S1_Project/IFord_CLD00V2.0.0/SourceCode/S1_Project/sdk/linux/init/sys/cmdq_init.o

.ARM.exidx      0x0000000000000000     0x1ef0
 *(.ARM.exidx)
 .ARM.exidx     0x0000000000000000     0x1e20 /home/lixx/ZGCX/S1_Project/IFord_CLD00V2.0.0/SourceCode/S1_Project/sdk/linux/init/sys/../../obj/uclibc/9.1.0/sys.o
 .ARM.exidx     0x0000000000001e20       0xc0 /home/lixx/ZGCX/S1_Project/IFord_CLD00V2.0.0/SourceCode/S1_Project/sdk/linux/init/sys/sys_init.o
 .ARM.exidx     0x0000000000001ee0       0x10 /home/lixx/ZGCX/S1_Project/IFord_CLD00V2.0.0/SourceCode/S1_Project/sdk/linux/init/sys/cmdq_init.o

.eh_frame_hdr
 *(.eh_frame_hdr)

.eh_frame
 *(.eh_frame)

.gcc_except_table
 *(.gcc_except_table)

.gnu_extab
 *(.gnu_extab*)

.exception_ranges
 *(.exception_ranges)

.eh_frame
 *(.eh_frame)

.gnu_extab
 *(.gnu_extab)

.gcc_except_table
 *(.gcc_except_table)

.exception_ranges
 *(.exception_ranges)

.tdata
 *(.tdata)

.tbss
 *(.tbss)

.jcr
 *(.jcr)

.dynamic
 *(.dynamic)

.got
 *(.got)

.data           0x0000000000000000      0x788
 *(.data)
 .data          0x0000000000000000      0x77c /home/lixx/ZGCX/S1_Project/IFord_CLD00V2.0.0/SourceCode/S1_Project/sdk/linux/init/sys/../../obj/uclibc/9.1.0/sys.o
                0x00000000000001c0                sys_debug_level
                0x00000000000001c4                g_mi_sys_internal_apis
                0x0000000000000354                g_mmaAllocationOps
                0x0000000000000374                g_mmuCallbackRecord
                0x000000000000037c                g_mmaHeapList
                0x0000000000000384                g_bHwSupportMmu
                0x0000000000000388                g_mmaAllocatorOps
                0x000000000000039c                g_kprotectEnabled
                0x00000000000003a0                g_s32CmdqId
                0x00000000000003a8                g_stMiSysModRefDbgParam
                0x0000000000000508                dbgStrAffix
                0x0000000000000538                gstMiSysModParam
                0x0000000000000634                g_noJumpTimeout
                0x0000000000000648                g_cmdq_internal_apis
                0x00000000000006c8                g_halRegCmdCtlBase
                0x00000000000006e8                g_PollFileList
                0x0000000000000714                g_miCustAllocationOps
                0x0000000000000734                g_miCustAllocatorOps
                0x0000000000000748                meta_allocation_ops
                0x0000000000000768                meta_allocator_ops
 .data          0x000000000000077c        0xc /home/lixx/ZGCX/S1_Project/IFord_CLD00V2.0.0/SourceCode/S1_Project/sdk/linux/init/sys/sys_init.o
 .data          0x0000000000000788        0x0 /home/lixx/ZGCX/S1_Project/IFord_CLD00V2.0.0/SourceCode/S1_Project/sdk/linux/init/sys/cmdq_export.o
 .data          0x0000000000000788        0x0 /home/lixx/ZGCX/S1_Project/IFord_CLD00V2.0.0/SourceCode/S1_Project/sdk/linux/init/sys/cmdq_init.o

.data1
 *(.data1)

.bss            0x0000000000000000     0x871c
 *(.bss)
 .bss           0x0000000000000000     0x8718 /home/lixx/ZGCX/S1_Project/IFord_CLD00V2.0.0/SourceCode/S1_Project/sdk/linux/init/sys/../../obj/uclibc/9.1.0/sys.o
                0x0000000000000000                mi_sysApiCallRwsem
                0x0000000000000008                sys_debug_file
                0x0000000000000108                sys_debug_func
                0x0000000000000208                g_miSysInputtaskinfoCachep
                0x000000000000020c                g_miSysModuleOutputPriMmaHeapDevListMute
                0x00000000000002c4                g_miSysModuleOutputPriMmaHeapDevList
                0x0000000000000454                g_miSysDevPassIdr
                0x0000000000000458                g_miSysBufHandleIdrMutex
                0x000000000000045c                g_miSysBufHandleIdr
                0x0000000000000460                g_miSysUserGetbufInfoListMute
                0x0000000000000464                g_miSysUserGetbufInfoList
                0x000000000000046c                g_miSysBufrefCachep
                0x0000000000000470                g_miSysBufAllocationCachep
                0x0000000000000474                g_miSysOutputtaskinfoCachep
                0x000000000000048c                g_sysInitCount
                0x0000000000000490                g_miSysModulePriMmaHeapDevListMute
                0x0000000000000548                g_miSysDevPassIdrRWLock
                0x000000000000054c                g_miSysModulePriMmaHeapDevList
                0x00000000000006bc                g_u16PageMode
                0x00000000000006c4                g_mmu_entry_real_num
                0x00000000000006c8                gp_miSysPstChunkMgr
                0x00000000000006cc                g_bEnableMmuCbBugOn
                0x00000000000006d0                g_miSysMmaHeapPhyHashMutexlock
                0x00000000000006d4                g_miSysMmaAllocationCachep
                0x0000000000000ad8                g_mmuMmaEnable
                0x0000000000000adc                gp_kernelProtectClientId
                0x0000000000000ae0                g_miSysChunkCachep
                0x0000000000000b20                gp_miCmdqWorkQueue
                0x0000000000000b24                g_miSysRingpoolRecordCachep
                0x0000000000000b34                g_pCMPI_proc
                0x0000000000000b3c                g_pMma_proc
                0x0000000000000b48                g_pSigmastar_proc
                0x0000000000000b4c                gp_hSysDrv
                0x0000000000000b50                g_pLog_proc
                0x0000000000000b54                g_miHwTimerSpinlock
                0x0000000000000b5c                g_miHwTimerTsem
                0x0000000000000b60                g_miSysGlobalSramInfo
                0x0000000000000b64                g_miSysUserMapHashSemphore
                0x0000000000000f68                gp_miSysPstDirectBufAllocator
                0x0000000000000f6c                g_miSysDirectBufInfoListMute
                0x0000000000000f70                g_miSysDirectBufInfoList
                0x0000000000000f7c                g_bStrSuspendPreparing
                0x0000000000000f80                g_cmdqBufferInitDone
                0x0000000000001008                g_tCmdqDyTrigEvtMutex
                0x0000000000001654                g_initMemBufMutexDone
                0x0000000000001658                g_initMemBufMutex
                0x00000000000016a8                g_cmdqMemScriptPriv
                0x0000000000003ea8                g_cmdqMemScriptCtx
                0x00000000000076a8                g_tCmdqDbgParam
                0x00000000000085f0                g_stCmdqDynamicTrigEvt
                0x00000000000086f0                g_miSysSuspendedList
                0x00000000000086fc                g_miSysPmNotifyMutex
                0x000000000000870c                g_miSysCustAllocationCachep
                0x0000000000008710                g_miSysMetaAllocationCachep
 .bss           0x0000000000008718        0x4 /home/lixx/ZGCX/S1_Project/IFord_CLD00V2.0.0/SourceCode/S1_Project/sdk/linux/init/sys/sys_init.o
 .bss           0x000000000000871c        0x0 /home/lixx/ZGCX/S1_Project/IFord_CLD00V2.0.0/SourceCode/S1_Project/sdk/linux/init/sys/cmdq_export.o
 .bss           0x000000000000871c        0x0 /home/lixx/ZGCX/S1_Project/IFord_CLD00V2.0.0/SourceCode/S1_Project/sdk/linux/init/sys/cmdq_init.o

.stab
 *(.stab)

.stabstr
 *(.stabstr)

.stab.excl
 *(.stab.excl)

.stab.exclstr
 *(.stab.exclstr)

.stab.index
 *(.stab.index)

.stab.indexstr
 *(.stab.indexstr)

.comment        0x0000000000000000      0x484
 *(.comment)
 .comment       0x0000000000000000      0x41e /home/lixx/ZGCX/S1_Project/IFord_CLD00V2.0.0/SourceCode/S1_Project/sdk/linux/init/sys/../../obj/uclibc/9.1.0/sys.o
 .comment       0x000000000000041e       0x22 /home/lixx/ZGCX/S1_Project/IFord_CLD00V2.0.0/SourceCode/S1_Project/sdk/linux/init/sys/sys_init.o
 .comment       0x0000000000000440       0x22 /home/lixx/ZGCX/S1_Project/IFord_CLD00V2.0.0/SourceCode/S1_Project/sdk/linux/init/sys/cmdq_export.o
 .comment       0x0000000000000462       0x22 /home/lixx/ZGCX/S1_Project/IFord_CLD00V2.0.0/SourceCode/S1_Project/sdk/linux/init/sys/cmdq_init.o

.note.GNU-stack
                0x0000000000000000        0x0
 .note.GNU-stack
                0x0000000000000000        0x0 /home/lixx/ZGCX/S1_Project/IFord_CLD00V2.0.0/SourceCode/S1_Project/sdk/linux/init/sys/../../obj/uclibc/9.1.0/sys.o
 .note.GNU-stack
                0x0000000000000000        0x0 /home/lixx/ZGCX/S1_Project/IFord_CLD00V2.0.0/SourceCode/S1_Project/sdk/linux/init/sys/sys_init.o
 .note.GNU-stack
                0x0000000000000000        0x0 /home/lixx/ZGCX/S1_Project/IFord_CLD00V2.0.0/SourceCode/S1_Project/sdk/linux/init/sys/cmdq_export.o
 .note.GNU-stack
                0x0000000000000000        0x0 /home/lixx/ZGCX/S1_Project/IFord_CLD00V2.0.0/SourceCode/S1_Project/sdk/linux/init/sys/cmdq_init.o

.ARM.attributes
                0x0000000000000000       0x31
 .ARM.attributes
                0x0000000000000000       0x2f /home/lixx/ZGCX/S1_Project/IFord_CLD00V2.0.0/SourceCode/S1_Project/sdk/linux/init/sys/../../obj/uclibc/9.1.0/sys.o
 .ARM.attributes
                0x000000000000002f       0x2f /home/lixx/ZGCX/S1_Project/IFord_CLD00V2.0.0/SourceCode/S1_Project/sdk/linux/init/sys/sys_init.o
 .ARM.attributes
                0x000000000000005e       0x31 /home/lixx/ZGCX/S1_Project/IFord_CLD00V2.0.0/SourceCode/S1_Project/sdk/linux/init/sys/cmdq_export.o
 .ARM.attributes
                0x000000000000008f       0x2f /home/lixx/ZGCX/S1_Project/IFord_CLD00V2.0.0/SourceCode/S1_Project/sdk/linux/init/sys/cmdq_init.o

.gnu.build.attributes
 *(.gnu.build.attributes)

.debug
 *(.debug)

.line
 *(.line)

.debug_srcinfo
 *(.debug_srcinfo)

.debug_sfnames
 *(.debug_sfnames)

.debug_aranges  0x0000000000000000      0x450
 *(.debug_aranges)
 .debug_aranges
                0x0000000000000000      0x3e0 /home/lixx/ZGCX/S1_Project/IFord_CLD00V2.0.0/SourceCode/S1_Project/sdk/linux/init/sys/../../obj/uclibc/9.1.0/sys.o
 .debug_aranges
                0x00000000000003e0       0x38 /home/lixx/ZGCX/S1_Project/IFord_CLD00V2.0.0/SourceCode/S1_Project/sdk/linux/init/sys/sys_init.o
 .debug_aranges
                0x0000000000000418       0x18 /home/lixx/ZGCX/S1_Project/IFord_CLD00V2.0.0/SourceCode/S1_Project/sdk/linux/init/sys/cmdq_export.o
 .debug_aranges
                0x0000000000000430       0x20 /home/lixx/ZGCX/S1_Project/IFord_CLD00V2.0.0/SourceCode/S1_Project/sdk/linux/init/sys/cmdq_init.o

.debug_pubnames
 *(.debug_pubnames)

.debug_info     0x0000000000000000   0x1017e7
 *(.debug_info)
 .debug_info    0x0000000000000000    0xde3ab /home/lixx/ZGCX/S1_Project/IFord_CLD00V2.0.0/SourceCode/S1_Project/sdk/linux/init/sys/../../obj/uclibc/9.1.0/sys.o
 .debug_info    0x00000000000de3ab    0x165b0 /home/lixx/ZGCX/S1_Project/IFord_CLD00V2.0.0/SourceCode/S1_Project/sdk/linux/init/sys/sys_init.o
 .debug_info    0x00000000000f495b     0x41e6 /home/lixx/ZGCX/S1_Project/IFord_CLD00V2.0.0/SourceCode/S1_Project/sdk/linux/init/sys/cmdq_export.o
 .debug_info    0x00000000000f8b41     0x8ca6 /home/lixx/ZGCX/S1_Project/IFord_CLD00V2.0.0/SourceCode/S1_Project/sdk/linux/init/sys/cmdq_init.o

.debug_abbrev   0x0000000000000000     0x9f03
 *(.debug_abbrev)
 .debug_abbrev  0x0000000000000000     0x89cb /home/lixx/ZGCX/S1_Project/IFord_CLD00V2.0.0/SourceCode/S1_Project/sdk/linux/init/sys/../../obj/uclibc/9.1.0/sys.o
 .debug_abbrev  0x00000000000089cb      0xac2 /home/lixx/ZGCX/S1_Project/IFord_CLD00V2.0.0/SourceCode/S1_Project/sdk/linux/init/sys/sys_init.o
 .debug_abbrev  0x000000000000948d      0x42d /home/lixx/ZGCX/S1_Project/IFord_CLD00V2.0.0/SourceCode/S1_Project/sdk/linux/init/sys/cmdq_export.o
 .debug_abbrev  0x00000000000098ba      0x649 /home/lixx/ZGCX/S1_Project/IFord_CLD00V2.0.0/SourceCode/S1_Project/sdk/linux/init/sys/cmdq_init.o

.debug_line     0x0000000000000000    0x2f78a
 *(.debug_line)
 .debug_line    0x0000000000000000    0x2ce21 /home/lixx/ZGCX/S1_Project/IFord_CLD00V2.0.0/SourceCode/S1_Project/sdk/linux/init/sys/../../obj/uclibc/9.1.0/sys.o
 .debug_line    0x000000000002ce21     0x1a2e /home/lixx/ZGCX/S1_Project/IFord_CLD00V2.0.0/SourceCode/S1_Project/sdk/linux/init/sys/sys_init.o
 .debug_line    0x000000000002e84f      0x51c /home/lixx/ZGCX/S1_Project/IFord_CLD00V2.0.0/SourceCode/S1_Project/sdk/linux/init/sys/cmdq_export.o
 .debug_line    0x000000000002ed6b      0xa1f /home/lixx/ZGCX/S1_Project/IFord_CLD00V2.0.0/SourceCode/S1_Project/sdk/linux/init/sys/cmdq_init.o

.debug_frame    0x0000000000000000     0x952c
 *(.debug_frame)
 .debug_frame   0x0000000000000000     0x91b8 /home/lixx/ZGCX/S1_Project/IFord_CLD00V2.0.0/SourceCode/S1_Project/sdk/linux/init/sys/../../obj/uclibc/9.1.0/sys.o
 .debug_frame   0x00000000000091b8      0x30c /home/lixx/ZGCX/S1_Project/IFord_CLD00V2.0.0/SourceCode/S1_Project/sdk/linux/init/sys/sys_init.o
 .debug_frame   0x00000000000094c4       0x68 /home/lixx/ZGCX/S1_Project/IFord_CLD00V2.0.0/SourceCode/S1_Project/sdk/linux/init/sys/cmdq_init.o

.debug_str      0x0000000000000000    0xd5e7c
 *(.debug_str)
 .debug_str     0x0000000000000000    0xbe7c0 /home/lixx/ZGCX/S1_Project/IFord_CLD00V2.0.0/SourceCode/S1_Project/sdk/linux/init/sys/../../obj/uclibc/9.1.0/sys.o
 .debug_str     0x00000000000be7c0     0xf016 /home/lixx/ZGCX/S1_Project/IFord_CLD00V2.0.0/SourceCode/S1_Project/sdk/linux/init/sys/sys_init.o
 .debug_str     0x00000000000cd7d6     0x3025 /home/lixx/ZGCX/S1_Project/IFord_CLD00V2.0.0/SourceCode/S1_Project/sdk/linux/init/sys/cmdq_export.o
 .debug_str     0x00000000000d07fb     0x5681 /home/lixx/ZGCX/S1_Project/IFord_CLD00V2.0.0/SourceCode/S1_Project/sdk/linux/init/sys/cmdq_init.o

.debug_loc      0x0000000000000000    0x3d03f
 *(.debug_loc)
 .debug_loc     0x0000000000000000    0x3be93 /home/lixx/ZGCX/S1_Project/IFord_CLD00V2.0.0/SourceCode/S1_Project/sdk/linux/init/sys/../../obj/uclibc/9.1.0/sys.o
 .debug_loc     0x000000000003be93      0xfd6 /home/lixx/ZGCX/S1_Project/IFord_CLD00V2.0.0/SourceCode/S1_Project/sdk/linux/init/sys/sys_init.o
 .debug_loc     0x000000000003ce69      0x1d6 /home/lixx/ZGCX/S1_Project/IFord_CLD00V2.0.0/SourceCode/S1_Project/sdk/linux/init/sys/cmdq_init.o

.debug_macinfo
 *(.debug_macinfo)

.debug_weaknames
 *(.debug_weaknames)

.debug_funcnames
 *(.debug_funcnames)

.debug_typenames
 *(.debug_typenames)

.debug_varnames
 *(.debug_varnames)

.debug_pubtypes
 *(.debug_pubtypes)

.debug_ranges   0x0000000000000000     0x1cd0
 *(.debug_ranges)
 .debug_ranges  0x0000000000000000     0x1b08 /home/lixx/ZGCX/S1_Project/IFord_CLD00V2.0.0/SourceCode/S1_Project/sdk/linux/init/sys/../../obj/uclibc/9.1.0/sys.o
 .debug_ranges  0x0000000000001b08      0x1c8 /home/lixx/ZGCX/S1_Project/IFord_CLD00V2.0.0/SourceCode/S1_Project/sdk/linux/init/sys/sys_init.o

.debug_macro
 *(.debug_macro)

.debug_addr
 *(.debug_addr)

.gnu.attributes
 *(.gnu.attributes)

.note.gnu.arm.ident
 *(.note.gnu.arm.ident)
OUTPUT(/home/lixx/ZGCX/S1_Project/IFord_CLD00V2.0.0/SourceCode/S1_Project/sdk/linux/init/sys/mi_sys.o elf32-littlearm)
