
Memory Configuration

Name             Origin             Length             Attributes
*default*        0x0000000000000000 0xffffffffffffffff

Linker script and memory map

LOAD /home/lixx/ZGCX/S1_Project/IFord_CLD00V2.0.0/SourceCode/S1_Project/sdk/linux/init/scl/../../obj/uclibc/9.1.0/scl.o
LOAD /home/lixx/ZGCX/S1_Project/IFord_CLD00V2.0.0/SourceCode/S1_Project/sdk/linux/init/scl/scl_export.o
LOAD /home/lixx/ZGCX/S1_Project/IFord_CLD00V2.0.0/SourceCode/S1_Project/sdk/linux/init/scl/scl_init.o

.interp
 *(.interp)

.note.gnu.build-id
 *(.note.gnu.build-id)

.hash
 *(.hash)

.gnu.hash
 *(.gnu.hash)

.dynsym
 *(.dynsym)

.dynstr
 *(.dynstr)

.gnu.version
 *(.gnu.version)

.gnu.version_d
 *(.gnu.version_d)

.gnu.version_r
 *(.gnu.version_r)

.rel.init
 *(.rel.init)

.rela.init
 *(.rela.init)

.rel.text
 *(.rel.text)

.rela.text
 *(.rela.text)

.rel.fini
 *(.rel.fini)

.rela.fini
 *(.rela.fini)

.rel.rodata
 *(.rel.rodata)

.rela.rodata
 *(.rela.rodata)

.rel.data.rel.ro
 *(.rel.data.rel.ro)

.rela.data.rel.ro
 *(.rela.data.rel.ro)

.rel.data
 *(.rel.data)

.rela.data
 *(.rela.data)

.rel.tdata
 *(.rel.tdata)

.rela.tdata
 *(.rela.tdata)

.rel.tbss
 *(.rel.tbss)

.rela.tbss
 *(.rela.tbss)

.rel.ctors
 *(.rel.ctors)

.rela.ctors
 *(.rela.ctors)

.rel.dtors
 *(.rel.dtors)

.rela.dtors
 *(.rela.dtors)

.rel.got
 *(.rel.got)

.rela.got
 *(.rela.got)

.rel.bss
 *(.rel.bss)

.rela.bss
 *(.rela.bss)

.rel.iplt
 *(.rel.iplt)

.rela.iplt
 *(.rela.iplt)

.rel.plt
 *(.rel.plt)

.rela.plt
 *(.rela.plt)

.init
 *(SORT_NONE(.init))

.plt
 *(.plt)

.iplt
 *(.iplt)

.text           0x0000000000000000     0xec1c
 *(.text .stub)
 .text          0x0000000000000000     0xeba8 /home/lixx/ZGCX/S1_Project/IFord_CLD00V2.0.0/SourceCode/S1_Project/sdk/linux/init/scl/../../obj/uclibc/9.1.0/scl.o
                0x0000000000000000                MI_SCL_IOCTL_CreateDevice
                0x0000000000000070                MI_SCL_IOCTL_DestoryDevice
                0x00000000000000e8                MI_SCL_IOCTL_CreateChannel
                0x0000000000000164                MI_SCL_IOCTL_DestroyChannel
                0x00000000000001e8                MI_SCL_IOCTL_SetChnParam
                0x0000000000000210                MI_SCL_IOCTL_GetChnParam
                0x0000000000000238                MI_SCL_IOCTL_SetInputPortCrop
                0x0000000000000260                MI_SCL_IOCTL_GetInputPortCrop
                0x0000000000000288                MI_SCL_IOCTL_StartChannel
                0x00000000000002ac                MI_SCL_IOCTL_StopChannel
                0x00000000000002d0                MI_SCL_IOCTL_SetOutputPortParam
                0x00000000000002fc                MI_SCL_IOCTL_GetOutputPortParam
                0x0000000000000328                MI_SCL_IOCTL_EnableOutputPort
                0x0000000000000350                MI_SCL_IOCTL_DisableOutputPort
                0x0000000000000378                MI_SCL_IOCTL_StretchBuf
                0x00000000000003a4                MI_SCL_IOCTL_StretchBufOsd
                0x0000000000000500                MI_DEVICE_WrapperFunction_scl
                0x000000000000051c                IS_PRINT_MATCH_scl
                0x0000000000000584                MI_DEVICE_Instance_scl
                0x000000000000058c                MI_DEVICE_GetSelfDir_scl
                0x0000000000000598                AddUTIoctlTable
                0x000000000000059a                scl__module_init
                0x0000000000000664                scl__module_exit
                0x0000000000000744                MI_SCL_PASS_OnPmResumeNotify
                0x0000000000000a9c                MI_SCL_DRVCFG_ReadFence
                0x0000000000000b40                MI_SCL_DRVCFG_GetClkDescript
                0x0000000000000b60                MI_SCL_CHECK_DevChnCreate
                0x0000000000000c9c                MI_SCL_PASS_OnPmSuspendNotify
                0x0000000000000dd8                MI_SCL_DRVCFG_TsemDown
                0x0000000000000de4                MI_SCL_DRVCFG_TsemUp
                0x000000000000139c                MI_SCL_DRVCFG_PatgenConfig
                0x00000000000013e0                MI_SCL_IMPL_RegisterDbgCb
                0x000000000000144c                MI_SCL_IMPL_UnRegisterDbgCb
                0x00000000000014b8                MI_SCL_DRVCFG_SetClkCfg
                0x00000000000019b8                MI_SCL_IMPL_LockChn
                0x00000000000019d8                MI_SCL_IMPL_UnLockChn
                0x0000000000001e5c                MI_SCL_PASS_GetDebugProcfsOps
                0x0000000000001f14                MI_SCL_PASS_SetEnqueueMsg
                0x0000000000001f48                MI_SCL_IMPL_StartChannel
                0x0000000000001ff4                MI_SCL_IMPL_StopChannel
                0x00000000000020e0                MI_SCL_PASS_GetDropFifoEmptyNode
                0x0000000000002100                MI_SCL_PASS_PushDropFifo
                0x000000000000210e                MI_SCL_PASS_PopDropFifo
                0x00000000000021ec                MI_SCL_PASS_Lock
                0x0000000000002258                MI_SCL_PASS_UnLock
                0x00000000000022c4                MI_SCL_PASS_DequeueInputTask
                0x0000000000002338                MI_SCL_DRVGETCFG_DdaCfg
                0x00000000000024b4                MI_SCL_DRVGETCFG_HvspCfg
                0x0000000000002670                MI_SCL_DRVGETCFG_BufCfg
                0x00000000000028e0                MI_SCL_DRVCFG_TsemInit
                0x0000000000002900                MI_SCL_DRVCFG_TsemDeInit
                0x000000000000291c                MI_SCL_DRVCFG_GetRingLineCnt
                0x00000000000029e0                MI_SCL_DRVCFG_BufBlitPa
                0x0000000000002be4                MI_SCL_DRVCFG_RequestEnableIrq
                0x0000000000002d84                MI_SCL_DRVCFG_DisableFreeIrq
                0x0000000000002db8                MI_SCL_DRVCFG_ChnDetachScl
                0x0000000000002e38                MI_SCL_DRVCFG_InputBufferConfig
                0x0000000000002f64                MI_SCL_DRVCFG_OsdClearWmFbInfo
                0x0000000000003000                MI_SCL_DRVCFG_OutputBufferConfig
                0x00000000000031b4                MI_SCL_DRVCFG_SetDevSquenceNumber
                0x00000000000031b8                MI_SCL_DRVCFG_SendMsg
                0x00000000000031bc                MI_SCL_DRVCFG_WaitDone
                0x00000000000031d2                MI_SCL_DRVCFG_GetActiveBuff
                0x0000000000003278                MI_SCL_DRVCFG_GetQpHistogram
                0x0000000000003310                MI_SCL_PASS_DequeueOutputTask
                0x0000000000003408                MI_SCL_DRVCFG_CheckIrq
                0x0000000000003704                MI_SCL_DRVCFG_MapConfig
                0x0000000000003708                MI_SCL_DRVCFG_GetCMDQ
                0x0000000000003712                MI_SCL_DRVCFG_ReleaseCMDQ
                0x0000000000003716                MI_SCL_DRVCFG_UpdateAndKickOffPriCmdq
                0x000000000000371a                MI_SCL_DRVCFG_ChnInit
                0x0000000000003748                MI_SCL_DRVCFG_ChnDeInit
                0x0000000000003760                MI_SCL_DRVCFG_ClkSetEnable
                0x00000000000037b4                MI_SCL_DRVCFG_Suspend
                0x000000000000381c                MI_SCL_DRVCFG_DeInit
                0x0000000000003860                MI_SCL_DRVCFG_PlatformInit
                0x000000000000388c                MI_SCL_DRVCFG_PlatformDeInit
                0x00000000000038c0                MI_SCL_DRVCFG_SetHwAutoSyncLdcCfg
                0x00000000000038de                MI_SCL_PASS_OnBindInputPort
                0x0000000000003bc8                MI_SCL_PASS_OnUnBindInputPort
                0x0000000000003ccc                MI_SCL_DRVCFG_GetDvFifoFence
                0x0000000000003d34                MI_SCL_PASS_DvFifoInjecDropFifo
                0x0000000000003dbc                MI_SCL_CHECK_IsOutputRealTimeJpeg
                0x0000000000003dd6                MI_SCL_CHECK_IsOutputHWRingH26x
                0x0000000000003de6                MI_SCL_CHECK_IsYUV422SampeRate
                0x0000000000003e02                MI_SCL_CHECK_IsExternChn
                0x0000000000003e28                MI_SCL_CHECK_DoOsdStridePatch
                0x0000000000003e7c                MI_SCL_CHECK_InputAddrValid
                0x0000000000003eec                MI_SCL_CHECK_OutputAddrValid
                0x0000000000003f70                MI_SCL_CHECK_DevChnCreateOutPortSupport
                0x0000000000003fc0                MI_SCL_IMPL_GetOutputPortParam
                0x0000000000004014                MI_SCL_IMPL_EnableOutputPort
                0x000000000000412c                MI_SCL_CHECK_InputPhylayoutTypeVaild
                0x0000000000004160                MI_SCL_CHECK_CropValid
                0x0000000000004478                MI_SCL_CHECK_OutputPixelValid
                0x00000000000044b8                MI_SCL_CHECK_InputPixelValid
                0x0000000000004504                MI_SCL_CHECK_MirrorFlipVaild
                0x000000000000456c                MI_SCL_CHECK_InputSizeValid
                0x00000000000045d8                MI_SCL_CHECK_OutputSizeValid
                0x000000000000463c                MI_SCL_CHECK_DevAttr
                0x0000000000004668                MI_SCL_CHECK_DestroyDev
                0x00000000000046b0                MI_SCL_CHECK_ChnAttr
                0x0000000000004700                MI_SCL_CHECK_ChnParam
                0x000000000000473c                MI_SCL_CHECK_OutputCEValid
                0x0000000000004774                MI_SCL_CHECK_OutputParam
                0x0000000000004810                MI_SCL_CHECK_StretchParam
                0x00000000000049fc                _MI_SCL_CHECK_MultiRingOutPutParam
                0x0000000000004a30                MI_SCL_CHECK_OutputTaskAllRewind
                0x0000000000004a6c                MI_SCL_CHECK_OutputSizeAlign
                0x0000000000004bdc                MI_SCL_CHECK_InputModeValid
                0x0000000000004be6                MI_SCL_CHECK_LockJpeRealTimePixel
                0x0000000000004c30                MI_SCL_PASS_OnBindOutputPort
                0x0000000000004e00                MI_SCL_IMPL_SetOutputPortParam
                0x0000000000004f0c                MI_SCL_CHECK_UnLockJpeRealTimePixel
                0x0000000000004f28                MI_SCL_CHECK_InputOuputPixelCorresponding
                0x0000000000004f52                MI_SCL_TRANS_GetSclRamSize
                0x0000000000005024                MI_SCL_PASS_FindSclJpegRamMaxSize
                0x00000000000050fc                MI_SCL_PASS_UpdataSclJpegRamMaxSize
                0x000000000000523a                MI_SCL_PASS_OnUnBindOutputPort
                0x0000000000005400                MI_SCL_TRANS_SysOutputTaskToCommonBufferInfo
                0x0000000000005608                MI_SCL_IMPL_DisableOutputPort
                0x0000000000005718                MI_SCL_TRANS_PixelStorage
                0x000000000000574c                MI_SCL_TRANS_ByteWritePixelOffsetByte
                0x00000000000058cc                MI_SCL_TRANS_GetBuffStartAddr
                0x0000000000005914                MI_SCL_TRANS_PixelToBit
                0x0000000000005a60                MI_SCL_TRANS_MIPixelToMHal
                0x0000000000005aa0                MI_SCL_TRANS_StrideToWidth
                0x0000000000005ae4                MI_SCL_TRANS_MISclIdToMhalDmaPort
                0x0000000000005b48                MI_SCL_DRVCFG_ClearDvFifo
                0x0000000000005bd0                MI_SCL_DRVCFG_Reset
                0x0000000000005bea                MI_SCL_DRVCFG_ResetDev
                0x0000000000005c64                MI_SCL_PASS_ResetDevPass
                0x0000000000005cb0                MI_SCL_DRVCFG_Resume
                0x0000000000005d38                MI_SCL_DRVCFG_Init
                0x0000000000005d82                MI_SCL_TRANS_MhalDmaPortToRgnSclId
                0x0000000000005d8e                MI_SCL_TRANS_SclSrcSelectToRgnSrcType
                0x0000000000005dd2                MI_SCL_DRVCFG_RgnProcess
                0x0000000000005f64                MI_SCL_DRVCFG_RgnBarrier
                0x0000000000006050                MI_SCL_PASS_BarrierInputTask
                0x00000000000060fc                MI_SCL_DRVCFG_RgnNotifyDone
                0x0000000000006218                MI_SCL_PASS_CheckInputTaskStatus
                0x000000000000628c                MI_SCL_PASS_CheckOutputTaskStatus
                0x0000000000006364                MI_SCL_DRVCFG_RgnSuspend
                0x0000000000006464                MI_SCL_PASS_OnSuspend
                0x00000000000064d8                MI_SCL_DRVCFG_RgnResume
                0x00000000000065d8                MI_SCL_PASS_OnResume
                0x000000000000664c                MI_SCL_DRVCFG_RgnPassDeinit
                0x00000000000066f8                MI_SCL_TRANS_SysPixelToRgnPixel
                0x000000000000673c                MI_SCL_DRVCFG_OsdUpdateWmFbInfo
                0x000000000000684c                MI_SCL_TRANS_LayOutToBindMode
                0x0000000000006874                MI_SCL_CHECK_OutputBufferInfo
                0x000000000000694c                MI_SCL_TRANS_BindModeToDmaType
                0x00000000000069f8                MI_SCL_TRANS_BindModuleDevidToMhalDevId
                0x0000000000006a1a                MI_SCL_DRVCFG_InputConfig
                0x0000000000006ae8                MI_SCL_DRVCFG_PreOutputDmaConfig
                0x0000000000006bb2                MI_SCL_PASS_OnPrepareOutputTaskMetaInfo
                0x0000000000006ce8                MI_SCL_DRVCFG_OutputAttrConfig
                0x0000000000006f44                MI_SCL_TRANS_GetInputBufferValidStride
                0x0000000000006f60                MI_SCL_CHECK_InputBufferInfo
                0x00000000000070f4                MI_SCL_TRANS_SysInputTaskToCommonBufferInfo
                0x0000000000007258                MI_SCL_PASS_OnPreProcessInputTask
                0x0000000000007460                MI_SCL_TRANS_MIFiltertypeToMhal
                0x000000000000748c                MI_SCL_TRANS_GetPlaneNum
                0x00000000000074ce                MI_SCL_DRVCFG_Process
                0x000000000000760c                MI_SCL_PASS_EnqueueInputTask
                0x00000000000077cc                MI_SCL_DRVCFG_ChnAttachScl
                0x0000000000007904                MI_SCL_DRVCFG_ChangeMultiChnSrc
                0x0000000000007af0                MI_SCL_MODPARAM_ModuleDbgParamPrint
                0x0000000000007af2                MI_SCL_MODPARAM_HWSclDbgParamInit
                0x0000000000007d3c                MI_SCL_MODPARAM_DevDbgParamInit
                0x00000000000080e0                MI_SCL_MODPARAM_ModuleDbgParamInit
                0x0000000000008150                MI_SCL_MODPARAM_UpdateModuleDbg
                0x0000000000008178                MI_SCL_MODPARAM_AllocModuleDbg
                0x0000000000008308                MI_SCL_MODPARAM_ReleaseModuleDbg
                0x00000000000083d0                MI_SCL_IMPL_Insmod
                0x00000000000083f4                MI_SCL_IMPL_Rmmod
                0x0000000000008412                MI_SCL_IMPL_Init
                0x0000000000008478                MI_SCL_IMPL_CreateDevice
                0x0000000000008770                MI_SCL_IMPL_CreateChannel
                0x000000000000894c                MI_SCL_IMPL_DestroyChannel
                0x0000000000008b3c                MI_SCL_IMPL_DestroyDevice
                0x0000000000008c74                MI_SCL_IMPL_DeInit
                0x0000000000008dd8                MI_SCL_IMPL_SetChnParam
                0x0000000000008eb4                MI_SCL_IMPL_GetChnParam
                0x0000000000008ef8                MI_SCL_IMPL_SetInputPortCrop
                0x00000000000091cc                MI_SCL_IMPL_GetInputPortCrop
                0x0000000000009220                MI_SCL_IMPL_StretchBufByVdec
                0x00000000000095a0                MI_SCL_IMPL_StretchBuf
                0x0000000000009608                MI_SCL_IMPL_StretchBufOsd
                0x0000000000009760                HAL_SCL_PLATFORM_SupportRdmaCrop
                0x0000000000009782                HAL_SCL_PLATFORM_SupportOutputCrop
                0x000000000000978a                HAL_SCL_PLATFORM_DevSupportRot
                0x0000000000009790                HAL_SCL_PLATFORM_DevSupportInputCE
                0x000000000000979e                HAL_SCL_PLATFORM_SupportInputCE
                0x00000000000097ac                HAL_SCL_PLATFORM_SupportOutputCE
                0x00000000000097b4                HAL_SCL_PLATFORM_SupportInputBufferConfig
                0x00000000000097d0                HAL_SCL_PLATFORM_SupportInputImiEmiMode
                0x00000000000097ec                HAL_SCL_PLATFORM_SupportInputIspRealTime
                0x00000000000097f8                HAL_SCL_PLATFORM_SupportInputHvpRealTime
                0x00000000000097fc                HAL_SCL_PLATFORM_SupportInputYuvRealTime
                0x000000000000980e                HAL_SCL_PLATFORM_SupportInputRingMode
                0x0000000000009816                HAL_SCL_PLATFORM_SupportInputLowlatency
                0x0000000000009826                HAL_SCL_PLATFORM_SupportOutputTileMode
                0x000000000000982a                HAL_SCL_PLATFORM_GetOsdHwLimitStride
                0x0000000000009834                HAL_SCL_PLATFORM_SupportMirrorPixel
                0x000000000000984e                HAL_SCL_PLATFORM_GetOutputByteWriteAlign
                0x0000000000009898                HAL_SCL_PLATFORM_SupportOutputRing
                0x00000000000098b4                HAL_SCL_PLATFORM_SupportJpeRealTimePixel
                0x00000000000098ec                HAL_SCL_PLATFORM_GetFrameIndex
                0x0000000000009926                HAL_SCL_PLATFORM_GetInputWHAlign
                0x0000000000009a20                HAL_SCL_PLATFORM_GetBufferWinAlign
                0x0000000000009abc                HAL_SCL_PLATFORM_GetDevSrcSelectMask
                0x0000000000009ad8                HAL_SCL_PLATFORM_CalcSubDevSclHw
                0x0000000000009ae8                HAL_SCL_PLATFORM_MultiDevIdSupport
                0x0000000000009af2                HAL_SCL_PLATFORM_GetInputMaxWidth
                0x0000000000009b1a                HAL_SCL_PLATFORM_GetOutputMaxWidth
                0x0000000000009b38                HAL_SCL_PLATFORM_GetSourcePatternDev
                0x0000000000009b6c                HAL_SCL_PLATFORM_GetOutPutRealTimeRamType
                0x0000000000009b74                HAL_SCL_PLATFORM_SupportDDALineBufMd
                0x0000000000009b78                HAL_SCL_PLATFORM_SupportMultiRing
                0x0000000000009b7c                HAL_SCL_PLATFORM_SupportDfsClk
                0x0000000000009b80                HAL_SCL_PLATFORM_SupportMultiRingMirror
                0x0000000000009b88                HAL_SCL_PLATFORM_SupportMultiRingFlip
                0x0000000000009b8c                HAL_SCL_PLATFORM_SupportMultiRingPixel
                0x0000000000009b96                HAL_SCL_PLATFORM_GetHvspInWidthPixelAlign
                0x000000000000d746                HAL_SCL_CHIP_MirFlip
                0x000000000000d760                HAL_SCL_CHIP_Dma
                0x000000000000d842                HAL_SCL_CHIP_Size
                0x000000000000d87a                HAL_SCL_CHIP_Process
                0x000000000000d8b4                HAL_SCL_CHIP_CreateChannel
                0x000000000000d916                HAL_SCL_CHIP_WaitCmdqIdle
                0x000000000000d958                HAL_SCL_CHIP_HwClose
                0x000000000000dab4                HAL_SCL_CHIP_SwReset
                0x000000000000daf8                HAL_SCL_CHIP_WaitDone
                0x000000000000db3c                HAL_SCL_CHIP_GetQpHistogram
                0x000000000000db58                HAL_SCL_CHIP_SetFclkGate
                0x000000000000db7c                HAL_SCL_CHIP_McgEnCltr
                0x000000000000dc4c                HAL_SCL_CHIP_ModuResParamCfg
                0x000000000000dcb4                HAL_SCL_CHIP_HwInit
                0x000000000000def8                HAL_SCL_CHIP_HwDeinit
                0x000000000000df48                HAL_SCL_CHIP_SetPatGen
                0x000000000000e1e0                HAL_SCL_CHIP_GetProcessCnt
                0x000000000000e20c                HAL_SCL_CHIP_ClearScl2JpeLineCnt
                0x000000000000e294                HAL_SCL_CHIP_GetMultiRingHwInfo
                0x000000000000e2c0                HAL_SCL_CHIP_DvFifoClear
                0x000000000000e2dc                HAL_SCL_CHIP_DvFifoEmpty
                0x000000000000e2f0                HAL_SCL_CHIP_DvFifoPop
                0x000000000000e310                HAL_SCL_CHIP_DvFifoRead
                0x000000000000e320                HAL_SCL_CHIP_DvFifoWrite
                0x000000000000e3d4                HAL_SCL_IRQ_SetIrqMask
                0x000000000000e460                HAL_SCL_IRQ_GetIrqBit
                0x000000000000e4c0                HAL_SCL_IRQ_SetIrqClear
                0x000000000000e514                HAL_SCL_IRQ_ForceCmdqIrqEn
                0x000000000000e5a8                HAL_SCL_IRQ_CmdqIntMskEn
                0x000000000000e624                HAL_SCL_IRQ_GetFlag
                0x000000000000e668                HAL_SCL_IRQ_Init
                0x000000000000e6aa                HAL_SCL_IRQ_Deinit
                0x000000000000e6ae                HAL_SCL_IRQ_GetFenceId
                0x000000000000e944                HAL_SCL_UTILITY_W2BMsk
                0x000000000000e9e8                HAL_SCL_UTILITY_RegFire
                0x000000000000ea5c                HAL_SCL_UTILITY_PollWait
                0x000000000000eab4                HAL_SCL_UTILITY_GetTimeStamp
                0x000000000000eb04                HAL_SCL_UTILITY_Init
                0x000000000000eb74                HAL_SCL_UTILITY_Deinit
 .text          0x000000000000eba8        0x0 /home/lixx/ZGCX/S1_Project/IFord_CLD00V2.0.0/SourceCode/S1_Project/sdk/linux/init/scl/scl_export.o
 .text          0x000000000000eba8       0x74 /home/lixx/ZGCX/S1_Project/IFord_CLD00V2.0.0/SourceCode/S1_Project/sdk/linux/init/scl/scl_init.o
                0x000000000000eba8                HAL_SCL_MODULE_GetDevNodeHandle
                0x000000000000ebb8                HAL_SCL_MODULE_MatchIrqID
                0x000000000000ebfc                scl_mod_init
                0x000000000000ec0c                scl_mod_exit
 *(.gnu.warning)

.init.text      0x0000000000000000        0x4
 .init.text     0x0000000000000000        0x4 /home/lixx/ZGCX/S1_Project/IFord_CLD00V2.0.0/SourceCode/S1_Project/sdk/linux/init/scl/scl_init.o
                0x0000000000000000                init_module

.exit.text      0x0000000000000000        0x4
 .exit.text     0x0000000000000000        0x4 /home/lixx/ZGCX/S1_Project/IFord_CLD00V2.0.0/SourceCode/S1_Project/sdk/linux/init/scl/scl_init.o
                0x0000000000000000                cleanup_module

.fini
 *(SORT_NONE(.fini))

.rodata         0x0000000000000000      0x120
 *(.rodata)
 .rodata        0x0000000000000000       0xc3 /home/lixx/ZGCX/S1_Project/IFord_CLD00V2.0.0/SourceCode/S1_Project/sdk/linux/init/scl/../../obj/uclibc/9.1.0/scl.o
 *fill*         0x00000000000000c3        0x1 
 .rodata        0x00000000000000c4       0x5c /home/lixx/ZGCX/S1_Project/IFord_CLD00V2.0.0/SourceCode/S1_Project/sdk/linux/init/scl/scl_init.o

.rodata.cst4    0x0000000000000000      0x170
 .rodata.cst4   0x0000000000000000      0x170 /home/lixx/ZGCX/S1_Project/IFord_CLD00V2.0.0/SourceCode/S1_Project/sdk/linux/init/scl/../../obj/uclibc/9.1.0/scl.o

.rodata.str1.1  0x0000000000000000     0x1aea
 .rodata.str1.1
                0x0000000000000000     0x1ab8 /home/lixx/ZGCX/S1_Project/IFord_CLD00V2.0.0/SourceCode/S1_Project/sdk/linux/init/scl/../../obj/uclibc/9.1.0/scl.o
 .rodata.str1.1
                0x0000000000001ab8       0x32 /home/lixx/ZGCX/S1_Project/IFord_CLD00V2.0.0/SourceCode/S1_Project/sdk/linux/init/scl/scl_init.o

.ARM.extab.init.text
                0x0000000000000000        0x0
 .ARM.extab.init.text
                0x0000000000000000        0x0 /home/lixx/ZGCX/S1_Project/IFord_CLD00V2.0.0/SourceCode/S1_Project/sdk/linux/init/scl/scl_init.o

.ARM.exidx.init.text
                0x0000000000000000        0x8
 .ARM.exidx.init.text
                0x0000000000000000        0x8 /home/lixx/ZGCX/S1_Project/IFord_CLD00V2.0.0/SourceCode/S1_Project/sdk/linux/init/scl/scl_init.o

.ARM.extab.exit.text
                0x0000000000000000        0x0
 .ARM.extab.exit.text
                0x0000000000000000        0x0 /home/lixx/ZGCX/S1_Project/IFord_CLD00V2.0.0/SourceCode/S1_Project/sdk/linux/init/scl/scl_init.o

.ARM.exidx.exit.text
                0x0000000000000000        0x8
 .ARM.exidx.exit.text
                0x0000000000000000        0x8 /home/lixx/ZGCX/S1_Project/IFord_CLD00V2.0.0/SourceCode/S1_Project/sdk/linux/init/scl/scl_init.o

.modinfo        0x0000000000000000       0x81
 .modinfo       0x0000000000000000       0x81 /home/lixx/ZGCX/S1_Project/IFord_CLD00V2.0.0/SourceCode/S1_Project/sdk/linux/init/scl/scl_init.o

__param         0x0000000000000000       0x3c
 __param        0x0000000000000000       0x3c /home/lixx/ZGCX/S1_Project/IFord_CLD00V2.0.0/SourceCode/S1_Project/sdk/linux/init/scl/scl_init.o

.rodata1
 *(.rodata1)

.ARM.extab      0x0000000000000000       0xa8
 *(.ARM.extab)
 .ARM.extab     0x0000000000000000       0xa8 /home/lixx/ZGCX/S1_Project/IFord_CLD00V2.0.0/SourceCode/S1_Project/sdk/linux/init/scl/../../obj/uclibc/9.1.0/scl.o
 .ARM.extab     0x00000000000000a8        0x0 /home/lixx/ZGCX/S1_Project/IFord_CLD00V2.0.0/SourceCode/S1_Project/sdk/linux/init/scl/scl_init.o

.ARM.exidx      0x0000000000000000      0xdb0
 *(.ARM.exidx)
 .ARM.exidx     0x0000000000000000      0xd90 /home/lixx/ZGCX/S1_Project/IFord_CLD00V2.0.0/SourceCode/S1_Project/sdk/linux/init/scl/../../obj/uclibc/9.1.0/scl.o
 .ARM.exidx     0x0000000000000d90       0x20 /home/lixx/ZGCX/S1_Project/IFord_CLD00V2.0.0/SourceCode/S1_Project/sdk/linux/init/scl/scl_init.o

.eh_frame_hdr
 *(.eh_frame_hdr)

.eh_frame
 *(.eh_frame)

.gcc_except_table
 *(.gcc_except_table)

.gnu_extab
 *(.gnu_extab*)

.exception_ranges
 *(.exception_ranges)

.eh_frame
 *(.eh_frame)

.gnu_extab
 *(.gnu_extab)

.gcc_except_table
 *(.gcc_except_table)

.exception_ranges
 *(.exception_ranges)

.tdata
 *(.tdata)

.tbss
 *(.tbss)

.jcr
 *(.jcr)

.dynamic
 *(.dynamic)

.got
 *(.got)

.data           0x0000000000000000       0xcc
 *(.data)
 .data          0x0000000000000000       0xcc /home/lixx/ZGCX/S1_Project/IFord_CLD00V2.0.0/SourceCode/S1_Project/sdk/linux/init/scl/../../obj/uclibc/9.1.0/scl.o
                0x00000000000000c8                scl_debug_level
 .data          0x00000000000000cc        0x0 /home/lixx/ZGCX/S1_Project/IFord_CLD00V2.0.0/SourceCode/S1_Project/sdk/linux/init/scl/scl_export.o
 .data          0x00000000000000cc        0x0 /home/lixx/ZGCX/S1_Project/IFord_CLD00V2.0.0/SourceCode/S1_Project/sdk/linux/init/scl/scl_init.o

.data1
 *(.data1)

.bss            0x0000000000000000      0x9bc
 *(.bss)
 .bss           0x0000000000000000      0x9bc /home/lixx/ZGCX/S1_Project/IFord_CLD00V2.0.0/SourceCode/S1_Project/sdk/linux/init/scl/../../obj/uclibc/9.1.0/scl.o
                0x0000000000000000                mi_sclApiCallRwsem
                0x0000000000000004                scl_debug_file
                0x0000000000000104                scl_debug_func
                0x0000000000000208                g_stSclModRes
                0x00000000000009b8                gp_stSclModDbgParams
 .bss           0x00000000000009bc        0x0 /home/lixx/ZGCX/S1_Project/IFord_CLD00V2.0.0/SourceCode/S1_Project/sdk/linux/init/scl/scl_export.o
 .bss           0x00000000000009bc        0x0 /home/lixx/ZGCX/S1_Project/IFord_CLD00V2.0.0/SourceCode/S1_Project/sdk/linux/init/scl/scl_init.o

.stab
 *(.stab)

.stabstr
 *(.stabstr)

.stab.excl
 *(.stab.excl)

.stab.exclstr
 *(.stab.exclstr)

.stab.index
 *(.stab.index)

.stab.indexstr
 *(.stab.indexstr)

.comment        0x0000000000000000      0x132
 *(.comment)
 .comment       0x0000000000000000       0xee /home/lixx/ZGCX/S1_Project/IFord_CLD00V2.0.0/SourceCode/S1_Project/sdk/linux/init/scl/../../obj/uclibc/9.1.0/scl.o
 .comment       0x00000000000000ee       0x22 /home/lixx/ZGCX/S1_Project/IFord_CLD00V2.0.0/SourceCode/S1_Project/sdk/linux/init/scl/scl_export.o
 .comment       0x0000000000000110       0x22 /home/lixx/ZGCX/S1_Project/IFord_CLD00V2.0.0/SourceCode/S1_Project/sdk/linux/init/scl/scl_init.o

.note.GNU-stack
                0x0000000000000000        0x0
 .note.GNU-stack
                0x0000000000000000        0x0 /home/lixx/ZGCX/S1_Project/IFord_CLD00V2.0.0/SourceCode/S1_Project/sdk/linux/init/scl/../../obj/uclibc/9.1.0/scl.o
 .note.GNU-stack
                0x0000000000000000        0x0 /home/lixx/ZGCX/S1_Project/IFord_CLD00V2.0.0/SourceCode/S1_Project/sdk/linux/init/scl/scl_export.o
 .note.GNU-stack
                0x0000000000000000        0x0 /home/lixx/ZGCX/S1_Project/IFord_CLD00V2.0.0/SourceCode/S1_Project/sdk/linux/init/scl/scl_init.o

.ARM.attributes
                0x0000000000000000       0x31
 .ARM.attributes
                0x0000000000000000       0x31 /home/lixx/ZGCX/S1_Project/IFord_CLD00V2.0.0/SourceCode/S1_Project/sdk/linux/init/scl/../../obj/uclibc/9.1.0/scl.o
 .ARM.attributes
                0x0000000000000031       0x31 /home/lixx/ZGCX/S1_Project/IFord_CLD00V2.0.0/SourceCode/S1_Project/sdk/linux/init/scl/scl_export.o
 .ARM.attributes
                0x0000000000000062       0x2f /home/lixx/ZGCX/S1_Project/IFord_CLD00V2.0.0/SourceCode/S1_Project/sdk/linux/init/scl/scl_init.o

.gnu.build.attributes
 *(.gnu.build.attributes)

.debug
 *(.debug)

.line
 *(.line)

.debug_srcinfo
 *(.debug_srcinfo)

.debug_sfnames
 *(.debug_sfnames)

.debug_aranges  0x0000000000000000      0x120
 *(.debug_aranges)
 .debug_aranges
                0x0000000000000000       0xd8 /home/lixx/ZGCX/S1_Project/IFord_CLD00V2.0.0/SourceCode/S1_Project/sdk/linux/init/scl/../../obj/uclibc/9.1.0/scl.o
 .debug_aranges
                0x00000000000000d8       0x18 /home/lixx/ZGCX/S1_Project/IFord_CLD00V2.0.0/SourceCode/S1_Project/sdk/linux/init/scl/scl_export.o
 .debug_aranges
                0x00000000000000f0       0x30 /home/lixx/ZGCX/S1_Project/IFord_CLD00V2.0.0/SourceCode/S1_Project/sdk/linux/init/scl/scl_init.o

.debug_pubnames
 *(.debug_pubnames)

.debug_info     0x0000000000000000    0x4e459
 *(.debug_info)
 .debug_info    0x0000000000000000    0x45392 /home/lixx/ZGCX/S1_Project/IFord_CLD00V2.0.0/SourceCode/S1_Project/sdk/linux/init/scl/../../obj/uclibc/9.1.0/scl.o
 .debug_info    0x0000000000045392       0x33 /home/lixx/ZGCX/S1_Project/IFord_CLD00V2.0.0/SourceCode/S1_Project/sdk/linux/init/scl/scl_export.o
 .debug_info    0x00000000000453c5     0x9094 /home/lixx/ZGCX/S1_Project/IFord_CLD00V2.0.0/SourceCode/S1_Project/sdk/linux/init/scl/scl_init.o

.debug_abbrev   0x0000000000000000     0x25c8
 *(.debug_abbrev)
 .debug_abbrev  0x0000000000000000     0x1f50 /home/lixx/ZGCX/S1_Project/IFord_CLD00V2.0.0/SourceCode/S1_Project/sdk/linux/init/scl/../../obj/uclibc/9.1.0/scl.o
 .debug_abbrev  0x0000000000001f50       0x1b /home/lixx/ZGCX/S1_Project/IFord_CLD00V2.0.0/SourceCode/S1_Project/sdk/linux/init/scl/scl_export.o
 .debug_abbrev  0x0000000000001f6b      0x65d /home/lixx/ZGCX/S1_Project/IFord_CLD00V2.0.0/SourceCode/S1_Project/sdk/linux/init/scl/scl_init.o

.debug_line     0x0000000000000000    0x11d0e
 *(.debug_line)
 .debug_line    0x0000000000000000    0x112a4 /home/lixx/ZGCX/S1_Project/IFord_CLD00V2.0.0/SourceCode/S1_Project/sdk/linux/init/scl/../../obj/uclibc/9.1.0/scl.o
 .debug_line    0x00000000000112a4       0x1d /home/lixx/ZGCX/S1_Project/IFord_CLD00V2.0.0/SourceCode/S1_Project/sdk/linux/init/scl/scl_export.o
 .debug_line    0x00000000000112c1      0xa4d /home/lixx/ZGCX/S1_Project/IFord_CLD00V2.0.0/SourceCode/S1_Project/sdk/linux/init/scl/scl_init.o

.debug_frame    0x0000000000000000     0x4058
 *(.debug_frame)
 .debug_frame   0x0000000000000000     0x3fc0 /home/lixx/ZGCX/S1_Project/IFord_CLD00V2.0.0/SourceCode/S1_Project/sdk/linux/init/scl/../../obj/uclibc/9.1.0/scl.o
 .debug_frame   0x0000000000003fc0       0x98 /home/lixx/ZGCX/S1_Project/IFord_CLD00V2.0.0/SourceCode/S1_Project/sdk/linux/init/scl/scl_init.o

.debug_str      0x0000000000000000    0x3dc8f
 *(.debug_str)
 .debug_str     0x0000000000000000    0x37705 /home/lixx/ZGCX/S1_Project/IFord_CLD00V2.0.0/SourceCode/S1_Project/sdk/linux/init/scl/../../obj/uclibc/9.1.0/scl.o
 .debug_str     0x0000000000037705      0x276 /home/lixx/ZGCX/S1_Project/IFord_CLD00V2.0.0/SourceCode/S1_Project/sdk/linux/init/scl/scl_export.o
 .debug_str     0x000000000003797b     0x6314 /home/lixx/ZGCX/S1_Project/IFord_CLD00V2.0.0/SourceCode/S1_Project/sdk/linux/init/scl/scl_init.o

.debug_loc      0x0000000000000000    0x1d799
 *(.debug_loc)
 .debug_loc     0x0000000000000000    0x1d65e /home/lixx/ZGCX/S1_Project/IFord_CLD00V2.0.0/SourceCode/S1_Project/sdk/linux/init/scl/../../obj/uclibc/9.1.0/scl.o
 .debug_loc     0x000000000001d65e      0x13b /home/lixx/ZGCX/S1_Project/IFord_CLD00V2.0.0/SourceCode/S1_Project/sdk/linux/init/scl/scl_init.o

.debug_macinfo
 *(.debug_macinfo)

.debug_weaknames
 *(.debug_weaknames)

.debug_funcnames
 *(.debug_funcnames)

.debug_typenames
 *(.debug_typenames)

.debug_varnames
 *(.debug_varnames)

.debug_pubtypes
 *(.debug_pubtypes)

.debug_ranges   0x0000000000000000      0x8e8
 *(.debug_ranges)
 .debug_ranges  0x0000000000000000      0x8c8 /home/lixx/ZGCX/S1_Project/IFord_CLD00V2.0.0/SourceCode/S1_Project/sdk/linux/init/scl/../../obj/uclibc/9.1.0/scl.o
 .debug_ranges  0x00000000000008c8       0x20 /home/lixx/ZGCX/S1_Project/IFord_CLD00V2.0.0/SourceCode/S1_Project/sdk/linux/init/scl/scl_init.o

.debug_macro
 *(.debug_macro)

.debug_addr
 *(.debug_addr)

.gnu.attributes
 *(.gnu.attributes)

.note.gnu.arm.ident
 *(.note.gnu.arm.ident)
OUTPUT(/home/lixx/ZGCX/S1_Project/IFord_CLD00V2.0.0/SourceCode/S1_Project/sdk/linux/init/scl/mi_scl.o elf32-littlearm)
