
Memory Configuration

Name             Origin             Length             Attributes
*default*        0x0000000000000000 0xffffffffffffffff

Linker script and memory map

LOAD /home/lixx/ZGCX/S1_Project/IFord_CLD00V2.0.0/SourceCode/S1_Project/sdk/linux/init/disp/../../obj/uclibc/9.1.0/disp.o
LOAD /home/lixx/ZGCX/S1_Project/IFord_CLD00V2.0.0/SourceCode/S1_Project/sdk/linux/init/disp/disp_init.o

.interp
 *(.interp)

.note.gnu.build-id
 *(.note.gnu.build-id)

.hash
 *(.hash)

.gnu.hash
 *(.gnu.hash)

.dynsym
 *(.dynsym)

.dynstr
 *(.dynstr)

.gnu.version
 *(.gnu.version)

.gnu.version_d
 *(.gnu.version_d)

.gnu.version_r
 *(.gnu.version_r)

.rel.init
 *(.rel.init)

.rela.init
 *(.rela.init)

.rel.text
 *(.rel.text)

.rela.text
 *(.rela.text)

.rel.fini
 *(.rel.fini)

.rela.fini
 *(.rela.fini)

.rel.rodata
 *(.rel.rodata)

.rela.rodata
 *(.rela.rodata)

.rel.data.rel.ro
 *(.rel.data.rel.ro)

.rela.data.rel.ro
 *(.rela.data.rel.ro)

.rel.data
 *(.rel.data)

.rela.data
 *(.rela.data)

.rel.tdata
 *(.rel.tdata)

.rela.tdata
 *(.rela.tdata)

.rel.tbss
 *(.rel.tbss)

.rela.tbss
 *(.rela.tbss)

.rel.ctors
 *(.rel.ctors)

.rela.ctors
 *(.rela.ctors)

.rel.dtors
 *(.rel.dtors)

.rela.dtors
 *(.rela.dtors)

.rel.got
 *(.rel.got)

.rela.got
 *(.rela.got)

.rel.bss
 *(.rel.bss)

.rela.bss
 *(.rela.bss)

.rel.iplt
 *(.rel.iplt)

.rela.iplt
 *(.rela.iplt)

.rel.plt
 *(.rel.plt)

.rela.plt
 *(.rela.plt)

.init
 *(SORT_NONE(.init))

.plt
 *(.plt)

.iplt
 *(.iplt)

.text           0x0000000000000000    0x1465c
 *(.text .stub)
 .text          0x0000000000000000    0x14314 /home/lixx/ZGCX/S1_Project/IFord_CLD00V2.0.0/SourceCode/S1_Project/sdk/linux/init/disp/../../obj/uclibc/9.1.0/disp.o
                0x0000000000000cc0                MI_DEVICE_WrapperFunction_disp
                0x0000000000000cd8                IS_PRINT_MATCH_disp
                0x0000000000000d40                MI_DEVICE_Instance_disp
                0x0000000000000d48                MI_DEVICE_GetSelfDir_disp
                0x0000000000000d54                AddUTIoctlTable
                0x0000000000000d56                disp__module_init
                0x0000000000000e20                disp__module_exit
                0x0000000000001654                MI_DISP_PASS_SuspendNotify
                0x0000000000001794                MI_DISP_PASS_Suspend
                0x0000000000001820                MI_DISP_PASS_Resume
                0x00000000000018cc                MI_DISP_PASS_ResumeNotify
                0x00000000000018d0                MI_DISP_PASS_GetDevMaxPortCnt
                0x00000000000018e0                MI_DISP_PASS_NeedIndividualWorkThread
                0x00000000000018e4                MI_DISP_PASS_BarrierByPass
                0x00000000000018e8                MI_DISP_PASS_RejectCmdq
                0x0000000000001912                MI_DISP_PASS_OnConfigSramBuf
                0x0000000000001964                MI_DISP_PASS_OnAllowMoveableSram
                0x0000000000001968                MI_DISP_PASS_OnPreProcessInputTask
                0x000000000000196e                MI_DISP_PASS_EnqueueInputTask
                0x0000000000001a8c                MI_DISP_PASS_BarrierInputTask
                0x0000000000001aa8                MI_DISP_PASS_CheckInputTaskStatus
                0x0000000000001b78                MI_DISP_PASS_DequeueInputTask
                0x0000000000001b7c                MI_DISP_PASS_CheckOutputTaskStatus
                0x0000000000001b80                MI_DISP_PASS_DequeueOutputTask
                0x0000000000001b82                MI_DISP_PASS_OnGetInputPortBindCapability
                0x0000000000001b98                MI_DISP_PASS_OnGetOutputPortBindCapability
                0x0000000000001bae                MI_DISP_PASS_OnBindInputPort
                0x0000000000001be4                MI_DISP_PASS_OnUnBindInputPort
                0x0000000000001c14                MI_DISP_PASS_OnBindOutputPort
                0x0000000000001c18                MI_DISP_PASS_OnUnBindOutputPort
                0x0000000000001c1c                MI_DISP_PASS_OnSyncDevConfig
                0x0000000000001d74                MI_DISP_PASS_WakeUpBySelf
                0x0000000000001d78                MI_DISP_PASS_OnCusFrcChanged
                0x0000000000001f4a                MI_DISP_IMPL_GetVgaParam
                0x0000000000003154                MI_DISP_IMPL_GetLcdParam
                0x00000000000032b0                MI_DISP_IMPL_SetVideoLayerRotateMode
                0x0000000000003af4                MI_DISP_IMPL_BindVideoLayer
                0x0000000000003d14                MI_DISP_IMPL_PauseInputPort
                0x0000000000003e1c                MI_DISP_IMPL_ResumeInputPort
                0x0000000000003f24                MI_DISP_IMPL_StepInputPort
                0x000000000000402c                MI_DISP_IMPL_ClearInputPortBuffer
                0x0000000000004140                MI_DISP_IMPL_SetZoomInWindow
                0x0000000000004448                MI_DISP_IMPL_ShowInputPort
                0x000000000000456c                MI_DISP_IMPL_HideInputPort
                0x0000000000004690                MI_DISP_IMPL_SetLcdParam
                0x0000000000004794                MI_DISP_IMPL_DeviceSetColorTempeture
                0x0000000000004814                MI_DISP_IMPL_SetCvbsParam
                0x0000000000004816                MI_DISP_IMPL_GetCvbsParam
                0x0000000000004818                MI_DISP_IMPL_SetHdmiParam
                0x000000000000481a                MI_DISP_IMPL_GetHdmiParam
                0x000000000000481c                MI_DISP_IMPL_SetVgaParam
                0x000000000000481e                MI_DISP_IMPL_Insmod
                0x0000000000004838                MI_DISP_IMPL_Rmmod
                0x000000000000483c                MI_DISP_IMPL_Init
                0x0000000000004878                MI_DISP_IMPL_DeInit
                0x00000000000048e0                MI_DISP_IMPL_Enable
                0x0000000000004988                MI_DISP_IMPL_Disable
                0x0000000000004b04                MI_DISP_IMPL_SetPubAttr
                0x0000000000004c60                MI_DISP_IMPL_GetPubAttr
                0x0000000000004cac                MI_DISP_IMPL_EnableVideoLayer
                0x0000000000004d3c                MI_DISP_IMPL_DisableVideoLayer
                0x0000000000004e38                MI_DISP_IMPL_SetVideoLayerAttr
                0x0000000000004ec8                MI_DISP_IMPL_GetVideoLayerAttr
                0x0000000000004f18                MI_DISP_IMPL_SetVideoLayerAttrBatchBegin
                0x0000000000004f9c                MI_DISP_IMPL_SetVideoLayerAttrBatchEnd
                0x0000000000005078                MI_DISP_IMPL_UnBindVideoLayer
                0x0000000000005208                MI_DISP_IMPL_SetPlayToleration
                0x000000000000520c                MI_DISP_IMPL_GetPlayToleration
                0x0000000000005210                MI_DISP_IMPL_GetOutputTiming
                0x000000000000529c                MI_DISP_IMPL_SetInputPortAttr
                0x00000000000053a4                MI_DISP_IMPL_GetInputPortAttr
                0x00000000000053fc                MI_DISP_IMPL_EnableInputPort
                0x00000000000055c8                MI_DISP_IMPL_DisableInputPort
                0x00000000000056d0                MI_DISP_IMPL_SetInputPortDispPos
                0x0000000000005854                MI_DISP_IMPL_GetInputPortDispPos
                0x0000000000005938                MI_DISP_IMPL_SetInputPortSyncMode
                0x0000000000005a54                MI_DISP_IMPL_QueryInputPortStat
                0x0000000000005b38                MI_DISP_IMPL_GetCurrentPts
                0x0000000000005bfc                MI_DISP_IMPL_DeviceGetColorTempeture
                0x0000000000005c68                MI_DISP_IMPL_DeviceSetGammaParam
                0x0000000000005db8                MI_DISP_IMPL_SetPowerConfig
                0x0000000000005e80                MI_DISP_IMPL_WriteMipiDsiCmd
                0x0000000000005e84                MI_DISP_IMPL_ReadMipiDsiCmd
                0x0000000000005ef0                MI_DISP_COMMON_GetTimestamp
                0x0000000000005f4c                MI_DISP_COMMON_PrintPnlInfo
                0x0000000000005f4e                MI_DISP_COMMON_GetArraySize
                0x0000000000005f5e                MI_DISP_COMMON_GetStr
                0x0000000000005f6e                MI_DISP_COMMON_GetIntWithExist
                0x00000000000064c0                MI_DISP_COMMON_GetFileSize
                0x000000000000652c                MI_DISP_COMMON_ReadFile
                0x00000000000065c0                MI_DISP_COMMON_ParseToIntArray
                0x0000000000006674                MI_DISP_COMMON_ParseToU8Array
                0x0000000000006720                MI_DISP_COMMON_LoadPanelInfo
                0x00000000000067f4                MI_DISP_COMMON_ParseMiscInfo
                0x0000000000006854                MI_DISP_COMMON_LoadMiscInfo
                0x00000000000068a0                MI_DISP_COMMON_ParsePQInfo
                0x000000000000691c                MI_DISP_COMMON_GetPqDataSize
                0x0000000000006974                MI_DISP_COMMON_LoadPQInfo
                0x00000000000069a8                MI_DISP_COMMON_GetPanelInfoCnt
                0x0000000000006a00                MI_DISP_COMMON_GetMiscInfoCnt
                0x0000000000006a20                MI_DISP_COMMON_Init
                0x0000000000006ae8                MI_DISP_COMMON_DeInit
                0x0000000000006b44                MI_DISP_COMMON_GetPanelInfo
                0x0000000000006b58                MI_DISP_COMMON_ConvertTimingToRes
                0x0000000000006c9c                MI_DISP_COMMON_GetLayerCapability
                0x0000000000006cd8                MI_DISP_COMMON_GetInputPortBufConfig
                0x0000000000006d34                MI_DISP_COMMON_IsValidLayerId
                0x0000000000006d4c                MI_DISP_COMMON_EnableInputPort
                0x0000000000006dd8                MI_DISP_COMMON_GetVideoLayerType
                0x0000000000006de0                MI_DISP_COMMON_GetLayerPortCnt
                0x0000000000006df4                MI_DISP_COMMON_EnsureDoubleBufFired
                0x0000000000006e52                MI_DISP_COMMON_SetChnRotateMode
                0x0000000000006ed4                MI_DISP_COMMON_InputVideoMute
                0x0000000000006f50                MI_DISP_COMMON_WaitCleanInputPortTaskDone
                0x0000000000006fc4                MI_DISP_COMMON_DisableInputPort
                0x000000000000705c                MI_DISP_COMMON_OpenFile
                0x00000000000070ac                MI_DISP_COMMON_WriteFile
                0x00000000000070d8                MI_DISP_COMMON_CloseFile
                0x00000000000070fc                MI_DISP_COMMON_DumpFrameToFile
                0x0000000000007164                MI_DISP_COMMON_CheckPreStreamStop
                0x00000000000071b8                MI_DISP_COMMON_CheckFrameBufIsValid
                0x0000000000007248                MI_DISP_COMMON_CheckFenceDone
                0x0000000000007260                MI_DISP_COMMON_CheckChnTaskDone
                0x00000000000072d8                MI_DISP_COMMON_PortStatusToChnStatus
                0x0000000000007330                MI_DISP_COMMON_PerfStatistics
                0x0000000000007430                MI_DISP_COMMON_GetDevRes
                0x000000000000746c                MI_DISP_COMMON_GetLayerRes
                0x0000000000007498                MI_DISP_COMMON_CreateVideoLayerRes
                0x0000000000007550                MI_DISP_COMMON_GetChnRes
                0x0000000000007586                MI_DISP_COMMON_DeviceSetBackGroundColor
                0x000000000000758a                MI_DISP_COMMON_VideoLayerSetPriority
                0x000000000000758e                MI_DISP_COMMON_GetWbcDevRes
                0x00000000000075cc                MI_DISP_COMMON_IsFrameSyncMode
                0x00000000000075ec                MI_DISP_PLATFORM_SupportCmdq
                0x00000000000075f0                MI_DISP_PLATFORM_SupportInterface
                0x0000000000007602                MI_DISP_PLATFORM_SetSupportTiming
                0x0000000000007634                MI_DISP_MODPARAM_Init
                0x0000000000007720                MI_DISP_MODPARAM_DeInit
                0x0000000000007724                DRV_DISP_OS_Printf
                0x0000000000007788                DRV_DISP_OS_GetSystemTimeStamp
                0x00000000000077d8                DRV_DISP_OS_Split
                0x0000000000007834                DRV_DISP_OS_SplitByToken
                0x0000000000007842                DRV_DISP_OS_StrCmp
                0x000000000000785c                DRV_DISP_OS_CreateMutex
                0x000000000000788c                DRV_DISP_OS_DestroyMutex
                0x00000000000078b8                DRV_DISP_OS_ObtainMutex
                0x00000000000078dc                DRV_DISP_OS_ReleaseMutex
                0x0000000000007900                DRV_DISP_OS_StrToL
                0x0000000000007912                DRV_DISP_OS_MathDivU64
                0x0000000000007920                DRV_DISP_OS_PadMuxGetMode
                0x00000000000079c8                DRV_DISP_OS_GpioPadModeToPadIndex
                0x00000000000079cc                DRV_DISP_OS_GpioDrvSet
                0x00000000000079d0                DRV_DISP_OS_GpioDrvGet
                0x0000000000008b04                DRV_DISP_IF_GetClk
                0x0000000000008b9c                DRV_DISP_IF_SetClk
                0x0000000000008dc8                DRV_DISP_IF_InitPanelConfig
                0x0000000000008f98                DRV_DISP_IF_SetRegAccessConfig
                0x0000000000008fe4                DRV_DISP_IF_SetRegFlipConfig
                0x0000000000009028                DRV_DISP_IF_SetRegWaitDoneConfig
                0x0000000000009074                DRV_DISP_IF_SetCmdqInterfaceConfig
                0x00000000000090c4                DRV_DISP_IF_DeviceCreateInstance
                0x0000000000009184                DRV_DISP_IF_DeviceDestroyInstance
                0x0000000000009238                DRV_DISP_IF_DeviceEnable
                0x000000000000928c                DRV_DISP_IF_DeviceSetBackGroundColor
                0x00000000000092dc                DRV_DISP_IF_DeviceAddOutInterface
                0x000000000000932c                DRV_DISP_IF_DeviceSetOutputTiming
                0x0000000000009388                DRV_DISP_IF_DeviceSetColortemp
                0x00000000000093d4                DRV_DISP_IF_DeviceSetCvbsParam
                0x0000000000009434                DRV_DISP_IF_DeviceGetCvbsParam
                0x00000000000094a0                DRV_DISP_IF_DeviceSetHdmiParam
                0x0000000000009500                DRV_DISP_IF_DeviceGetHdmiParam
                0x000000000000956c                DRV_DISP_IF_DeviceSetLcdParam
                0x00000000000095cc                DRV_DISP_IF_DeviceGetLcdParam
                0x0000000000009638                DRV_DISP_IF_DeviceSetVgaParam
                0x0000000000009698                DRV_DISP_IF_DeviceGetVgaParam
                0x0000000000009704                DRV_DISP_IF_DeviceSetGammaParam
                0x0000000000009750                DRV_DISP_IF_DeviceAttach
                0x00000000000097ac                DRV_DISP_IF_DeviceDetach
                0x0000000000009808                DRV_DISP_IF_DeviceGetTimeZone
                0x0000000000009858                DRV_DISP_IF_DeviceSetTimeZoneConfig
                0x00000000000098a4                DRV_DISP_IF_DeviceGetDisplayInfo
                0x00000000000098f8                DRV_DISP_IF_DeviceGetInstance
                0x0000000000009934                DRV_DISP_IF_DeviceSetPqConfig
                0x0000000000009994                DRV_DISP_IF_DeviceGetHwCount
                0x00000000000099f4                DRV_DISP_IF_SetDeviceConfig
                0x0000000000009a64                DRV_DISP_IF_GetDeviceConfig
                0x0000000000009ad4                DRV_DISP_IF_DeviceGetCapabilityConfig
                0x0000000000009b30                DRV_DISP_IF_DeviceGetInterfaceCapabilityConfig
                0x0000000000009b8c                DRV_DISP_IF_VideoLayerCreateInstance
                0x0000000000009c68                DRV_DISP_IF_VideoLayerDestoryInstance
                0x0000000000009c98                DRV_DISP_IF_VideoLayerEnable
                0x0000000000009ce4                DRV_DISP_IF_VideoLayerBind
                0x0000000000009d28                DRV_DISP_IF_VideoLayerUnBind
                0x0000000000009d6c                DRV_DISP_IF_VideoLayerSetAttr
                0x0000000000009db0                DRV_DISP_IF_VideoLayerBufferFire
                0x0000000000009df4                DRV_DISP_IF_VideoLayerCheckBufferFired
                0x0000000000009e38                DRV_DISP_IF_VideoLayerSetCompress
                0x0000000000009e84                DRV_DISP_IF_VideoLayerSetPriority
                0x0000000000009ecc                DRV_DISP_IF_VideoLayerGetCapabilityConfig
                0x0000000000009f34                DRV_DISP_IF_InputPortCreateInstance
                0x0000000000009fb8                DRV_DISP_IF_InputPortDestroyInstance
                0x0000000000009fe8                DRV_DISP_IF_InputPortRotate
                0x000000000000a02c                DRV_DISP_IF_InputPortSetCropAttr
                0x000000000000a070                DRV_DISP_IF_InputPortFlip
                0x000000000000a0b4                DRV_DISP_IF_InputPortSetRingBuffAttr
                0x000000000000a0f8                DRV_DISP_IF_InputPortEnable
                0x000000000000a1ac                DRV_DISP_IF_InputPortSetAttr
                0x000000000000a1f0                DRV_DISP_IF_InputPortShow
                0x000000000000a234                DRV_DISP_IF_InputPortHide
                0x000000000000a278                DRV_DISP_IF_InputPortAttrBegin
                0x000000000000a2bc                DRV_DISP_IF_InputPortAttrEnd
                0x000000000000a300                DRV_DISP_IF_InputPortSetImiAddr
                0x000000000000a344                DRV_DISP_IF_SetDbgLevel
                0x000000000000a370                DRV_DISP_IF_DmaCreateInstance
                0x000000000000a3f4                DRV_DISP_IF_DmaDestoryInstance
                0x000000000000a478                DRV_DISP_IF_DmaBind
                0x000000000000a4bc                DRV_DISP_IF_DmaUnBind
                0x000000000000a500                DRV_DISP_IF_DmaSetAttr
                0x000000000000a54c                DRV_DISP_IF_DmaSetBufferAttr
                0x000000000000a598                DRV_DISP_IF_DmaGetHwCount
                0x000000000000a5f8                DRV_DISP_IF_DmaGetCapabilityConfig
                0x000000000000a658                DRV_DISP_IF_ClkOn
                0x000000000000a6a8                DRV_DISP_IF_ClkOff
                0x000000000000a6f8                DRV_DISP_IF_Suspend
                0x000000000000a820                DRV_DISP_IF_Resume
                0x000000000000a8a4                DRV_DISP_IF_SetPnlUnifiedParamConfig
                0x000000000000a8f4                DRV_DISP_IF_GetPnlUnifiedParamConfig
                0x000000000000a948                DRV_DISP_IF_SetPnlPowerConfig
                0x000000000000a994                DRV_DISP_IF_SetPnlMipiDsiWriteCmdConfig
                0x000000000000a9e0                DRV_DISP_IF_SetPnlMipiDsiReadCmdConfig
                0x000000000000aa2c                DRV_DISP_IF_GetFpllLockStatus
                0x000000000000b1ac                DRV_DISP_CTX_GetDeviceContainIdx
                0x000000000000b1b0                DRV_DISP_CTX_ListAddList
                0x000000000000b1f0                DRV_DISP_CTX_ListDelList
                0x000000000000b200                DRV_DISP_CTX_Init
                0x000000000000b28c                DRV_DISP_CTX_DeInit
                0x000000000000b2f0                DRV_DISP_CTX_Allocate
                0x000000000000b38c                DRV_DISP_CTX_Free
                0x000000000000b434                DRV_DISP_CTX_IsLastDeviceCtx
                0x000000000000b444                DRV_DISP_CTX_IsAllFree
                0x000000000000b45c                DRV_DISP_CTX_SetCurCtx
                0x000000000000b4cc                DRV_DISP_CTX_GetDeviceCurCtx
                0x000000000000b50c                DRV_DISP_IRQ_Init
                0x000000000000b528                DRV_DISP_IRQ_SetIsrNum
                0x000000000000b57c                DRV_DISP_IRQ_GetIsrNumByDevId
                0x000000000000b62c                DRV_DISP_IRQ_GetIsrNum
                0x000000000000b770                DRV_DISP_IRQ_Enable
                0x000000000000b8cc                DRV_DISP_IRQ_GetFlag
                0x000000000000b95c                DRV_DISP_IRQ_Clear
                0x000000000000b9f0                DRV_DISP_IRQ_GetLcdIsrNum
                0x000000000000bad4                DRV_DISP_IRQ_EnableLcd
                0x000000000000bbfc                DRV_DISP_IRQ_GetLcdFlag
                0x000000000000bc88                DRV_DISP_IRQ_ClearLcd
                0x000000000000bd10                DRV_DISP_IRQ_CreateInternalIsr
                0x000000000000bd1c                DRV_DISP_IRQ_DestroyInternalIsr
                0x000000000000bd20                DRV_DISP_IRQ_Str
                0x000000000000bd70                DRV_DISP_IRQ_GetIrqCount
                0x000000000000bd74                DRV_DISP_DEBUG_GetClk
                0x000000000000bdc4                DRV_DISP_DEBUG_SetClk
                0x000000000000bef4                DRV_DISP_DEBUG_SetDbgmgFlag
                0x000000000000bf06                DRV_DISP_DEBUG_GetDeviceInstance
                0x000000000000bf0a                DRV_DISP_DEBUG_GetDbgmgFlag
                0x000000000000bf74                DRV_DISP_DEBUG_SetFunc
                0x000000000000bfc0                DRV_DISP_DEBUG_GetFunc
                0x000000000000bfc4                DRV_DISP_DEBUG_SetTurnDrv
                0x000000000000c07c                DRV_DISP_DEBUG_GetTurnDrv
                0x000000000000c104                DRV_DISP_DEBUG_GetIrqHist
                0x000000000000c11c                DRV_DISP_DEBUG_GetHalProcfsOps
                0x000000000000c128                DRV_DISP_DEBUG_GetCrc16
                0x000000000000c140                DRV_DISP_DEBUG_GetAffCnt
                0x000000000000c158                DRV_DISP_DEBUG_Str
                0x000000000000c500                HAL_DISP_COLOR_InitVar
                0x000000000000c5dc                HAL_DISP_UTILITY_Init
                0x000000000000c6b0                HAL_DISP_UTILITY_DeInit
                0x000000000000c708                HAL_DISP_UTILITY_GetCmdqContext
                0x000000000000c73c                HAL_DISP_UTILITY_SetCmdqInf
                0x000000000000c750                HAL_DISP_UTILITY_R2BYTEDirect
                0x000000000000c75a                HAL_DISP_UTILITY_R2BYTEMaskDirect
                0x000000000000c8bc                HAL_DISP_UTILITY_W2BYTEDirect
                0x000000000000c970                HAL_DISP_UTILITY_W2BYTEMSKDirect
                0x000000000000cc9c                HAL_DISP_UTILITY_AddW2BYTEMSK
                0x000000000000cd24                HAL_DISP_UTILITY_KickoffCmdq
                0x000000000000cd30                HAL_DISP_UTILITY_PollWait
                0x000000000000ce24                HAL_DISP_UTILITY_AddDelayCmd
                0x000000000000ce64                HAL_DISP_UTILITY_CheckCmdqIdle
                0x000000000000cea0                HAL_DISP_UTILITY_ReadBankCpyToBuffer
                0x000000000000cebc                HAL_DISP_UTILITY_SetRegAccessMode
                0x000000000000cecc                HAL_DISP_UTILITY_GetRegAccessMode
                0x000000000000cedc                HAL_DISP_UTILITY_W2BYTEMSKDirectCmdq
                0x000000000000cf64                HAL_DISP_UTILITY_W2BYTE
                0x000000000000cf92                HAL_DISP_UTILITY_W2BYTEMSK
                0x000000000000cfbe                HAL_DISP_UTILITY_W2BYTEMSKByType
                0x000000000000cfec                HAL_DISP_UTILITY_WritePollCmd
                0x000000000000d07c                HAL_DISP_UTILITY_WritePollCmdByType
                0x000000000000d0ca                HAL_DISP_UTILITY_WriteDelayCmd
                0x000000000000d138                HAL_DISP_UTILITY_AddWaitCmd
                0x000000000000d2d0                HAL_DISP_UTILITY_W2BYTEMSKDirectCmdqWrite
                0x000000000000d4c0                HAL_DISP_CLK_GetClkMuxAttr
                0x000000000000d4c8                HAL_DISP_CLK_GetClkDispPixel0
                0x000000000000d4e8                HAL_DISP_CLK_SetClkDispPixel0
                0x000000000000d550                HAL_DISP_CLK_MapBasicClkgenToIdx
                0x000000000000d578                HAL_DISP_CLK_MapBasicClkgenToRate
                0x000000000000d610                HAL_DISP_CLK_GetBasicClkgen
                0x000000000000d69c                HAL_DISP_CLK_SetBasicClkgen
                0x000000000000d724                HAL_DISP_CLK_InitGpCtrlCfg
                0x000000000000d760                HAL_DISP_CLK_DeInitGpCtrlCfg
                0x000000000000d782                HAL_DISP_CLK_SetGpCtrlCfg
                0x000000000000d878                HAL_DISP_CLK_Init
                0x000000000000d87a                HAL_DISP_PICTURE_TransNonLinear
                0x000000000000da58                HAL_DISP_PICTURE_IsPqUpdate
                0x000000000000da84                HAL_DISP_PICTURE_SetPqConfig
                0x000000000000dba4                HAL_DISP_GetUtilityIdByDevId
                0x000000000000dd5c                HAL_DISP_GetCmdqByCtx
                0x000000000000de44                HAL_DISP_COLOR_SetColorMatrixEn
                0x000000000000de90                HAL_DISP_COLOR_SetColorMatrixMd
                0x000000000000df50                HAL_DISP_GetDeviceId
                0x000000000000df6c                HAL_DISP_COLOR_SetColorCorrectMatrix
                0x000000000000e050                HAL_DISP_COLOR_SeletYuvToRgbMatrix
                0x000000000000e16c                HAL_DISP_COLOR_AdjustBrightness
                0x000000000000e32c                HAL_DISP_COLOR_AdjustHCS
                0x000000000000e3d4                HAL_DISP_PICTURE_SetConfig
                0x000000000000e460                HAL_DISP_COLOR_AdjustVideoRGB
                0x000000000000e500                HAL_DISP_PICTURE_ApplyPqConfig
                0x000000000000e5a8                HAL_DISP_GetDeviceTimeGenStart
                0x000000000000e5fc                HAL_DISP_SetTimeGenStartFlag
                0x000000000000e660                HAL_DISP_SetSwReset
                0x000000000000e6a8                HAL_DISP_SetInterCfgDispPat
                0x000000000000e700                HAL_DISP_SetTgenFwVtt
                0x000000000000e744                HAL_DISP_GetTgenHtt
                0x000000000000e784                HAL_DISP_GetTgenVtt
                0x000000000000e7c4                HAL_DISP_SetTgenHtt
                0x000000000000e808                HAL_DISP_SetTgenVtt
                0x000000000000e84c                HAL_DISP_SetTgenHsyncSt
                0x000000000000e890                HAL_DISP_SetTgenHsyncEnd
                0x000000000000e8d4                HAL_DISP_SetTgenVsyncSt
                0x000000000000e918                HAL_DISP_SetTgenVsyncEnd
                0x000000000000e95c                HAL_DISP_SetTgenHfdeSt
                0x000000000000e9a0                HAL_DISP_SetTgenHfdeEnd
                0x000000000000e9e4                HAL_DISP_SetTgenVfdeSt
                0x000000000000ea28                HAL_DISP_SetTgenVfdeEnd
                0x000000000000ea6c                HAL_DISP_SetTgenHdeSt
                0x000000000000eab0                HAL_DISP_SetTgenHdeEnd
                0x000000000000eaf4                HAL_DISP_SetTgenVdeSt
                0x000000000000eb38                HAL_DISP_SetTgenVdeEnd
                0x000000000000eb7c                HAL_DISP_SetFrameColor
                0x000000000000ebe4                HAL_DISP_SetFrameColorForce
                0x000000000000ec34                HAL_DISP_SetFixedCsc
                0x000000000000ed40                HAL_DISP_SetInputPortCrop
                0x000000000000edfc                HAL_DISP_SetDispMux
                0x000000000000ee64                HAL_DISP_SetRdmaPatTgHtt
                0x000000000000eea8                HAL_DISP_SetRdmaPatTgVtt
                0x000000000000eeec                HAL_DISP_SetRdmaPatTgHsyncSt
                0x000000000000ef30                HAL_DISP_SetRdmaPatTgHsyncEnd
                0x000000000000ef74                HAL_DISP_SetRdmaPatTgVsyncSt
                0x000000000000efb8                HAL_DISP_SetRdmaPatTgVsyncEnd
                0x000000000000effc                HAL_DISP_SetRdmaPatTgHfdeSt
                0x000000000000f040                HAL_DISP_SetRdmaPatTgHfdeEnd
                0x000000000000f084                HAL_DISP_SetRdmaPatTgVfdeSt
                0x000000000000f0c8                HAL_DISP_SetRdmaPatTgVfdeEnd
                0x000000000000f10c                HAL_DISP_SetRdmaPatTgHdeSt
                0x000000000000f150                HAL_DISP_SetRdmaPatTgHdeEnd
                0x000000000000f194                HAL_DISP_SetRdmaPatTgVdeSt
                0x000000000000f1d8                HAL_DISP_SetTgenModeEn
                0x000000000000f1dc                HAL_DISP_SetRdmaPatTgVdeEnd
                0x000000000000f220                HAL_DISP_SetSgRdmaCfg
                0x000000000000f3f0                HAL_DISP_SetSgRdmaSize
                0x000000000000f548                HAL_DISP_SetSgRdmaBufConfig
                0x000000000000f630                HAL_DISP_SetSgRdmaEn
                0x000000000000f778                HAL_DISP_SetSgRdmaFifoPush
                0x000000000000f7d4                HAL_DISP_SetCmdqIntMask
                0x000000000000f818                HAL_DISP_SetCmdqIntClear
                0x000000000000f85c                HAL_DISP_LpllSetTbl
                0x000000000000f870                HAL_DISP_LcdSetUnifiedPrototypeConfig
                0x000000000000f8e8                HAL_DISP_LcdSetUnifiedPolarityConfig
                0x000000000000f944                HAL_DISP_LcdSetUnifiedSwapChnConfig
                0x000000000000f9a0                HAL_DISP_LpllSetSscEn
                0x000000000000f9a4                HAL_DISP_LpllSetSscConfigEx
                0x000000000000f9e0                HAL_DISP_LcdSetUnifiedRgbDeltaMode
                0x000000000000fb38                HAL_DISP_LcdSetPadMux
                0x000000000000fcd0                HAL_DISP_WaitDeviceVdeStm
                0x000000000000fd54                HAL_DISP_CheckCmdqIdle
                0x000000000000fd98                HAL_DISP_ClearCmdq
                0x0000000000013724                HAL_DISP_IF_SetUnifiedLpllConfig
                0x00000000000139a8                HAL_DISP_IF_Init
                0x0000000000013d7c                HAL_DISP_IF_DeInit
                0x0000000000013db4                HAL_DISP_IF_Query
                0x0000000000013de8                HAL_DISP_IF_ParseFunc
                0x0000000000014078                HAL_DISP_IRQ_SetDevIntClr
                0x000000000001409c                HAL_DISP_IRQ_IoCtl
                0x0000000000014310                HAL_DISP_IRQ_Init
 .text          0x0000000000014314      0x348 /home/lixx/ZGCX/S1_Project/IFord_CLD00V2.0.0/SourceCode/S1_Project/sdk/linux/init/disp/disp_init.o
                0x0000000000014314                DRV_DISP_GetDeviceInstance
                0x0000000000014318                DRV_DISP_OS_SetClkOn
                0x00000000000143fc                DRV_DISP_OS_SetClkOff
                0x00000000000144d0                DRV_DISP_OS_SetLpllClkConfig
                0x000000000001456c                DRV_DISP_ModuleDeviceInit
                0x000000000001460c                DRV_DISP_ModuleDeviceDeInit
                0x000000000001463c                disp_mod_init
                0x000000000001464c                disp_mod_exit
 *(.gnu.warning)

.init.text      0x0000000000000000        0x4
 .init.text     0x0000000000000000        0x4 /home/lixx/ZGCX/S1_Project/IFord_CLD00V2.0.0/SourceCode/S1_Project/sdk/linux/init/disp/disp_init.o
                0x0000000000000000                init_module

.exit.text      0x0000000000000000        0x4
 .exit.text     0x0000000000000000        0x4 /home/lixx/ZGCX/S1_Project/IFord_CLD00V2.0.0/SourceCode/S1_Project/sdk/linux/init/disp/disp_init.o
                0x0000000000000000                cleanup_module

.fini
 *(SORT_NONE(.fini))

.rodata         0x0000000000000000     0x1a7d
 *(.rodata)
 .rodata        0x0000000000000000     0x19d7 /home/lixx/ZGCX/S1_Project/IFord_CLD00V2.0.0/SourceCode/S1_Project/sdk/linux/init/disp/../../obj/uclibc/9.1.0/disp.o
 *fill*         0x00000000000019d7        0x1 
 .rodata        0x00000000000019d8       0xa5 /home/lixx/ZGCX/S1_Project/IFord_CLD00V2.0.0/SourceCode/S1_Project/sdk/linux/init/disp/disp_init.o

.rodata.cst4    0x0000000000000000      0x3d8
 .rodata.cst4   0x0000000000000000      0x3d8 /home/lixx/ZGCX/S1_Project/IFord_CLD00V2.0.0/SourceCode/S1_Project/sdk/linux/init/disp/../../obj/uclibc/9.1.0/disp.o

.rodata.str1.1  0x0000000000000000     0x5364
 .rodata.str1.1
                0x0000000000000000     0x5248 /home/lixx/ZGCX/S1_Project/IFord_CLD00V2.0.0/SourceCode/S1_Project/sdk/linux/init/disp/../../obj/uclibc/9.1.0/disp.o
 .rodata.str1.1
                0x0000000000005248      0x11c /home/lixx/ZGCX/S1_Project/IFord_CLD00V2.0.0/SourceCode/S1_Project/sdk/linux/init/disp/disp_init.o

__ksymtab_strings
                0x0000000000000000       0x9a
 __ksymtab_strings
                0x0000000000000000       0x9a /home/lixx/ZGCX/S1_Project/IFord_CLD00V2.0.0/SourceCode/S1_Project/sdk/linux/init/disp/disp_init.o

.ARM.extab.init.text
                0x0000000000000000        0x0
 .ARM.extab.init.text
                0x0000000000000000        0x0 /home/lixx/ZGCX/S1_Project/IFord_CLD00V2.0.0/SourceCode/S1_Project/sdk/linux/init/disp/disp_init.o

.ARM.exidx.init.text
                0x0000000000000000        0x8
 .ARM.exidx.init.text
                0x0000000000000000        0x8 /home/lixx/ZGCX/S1_Project/IFord_CLD00V2.0.0/SourceCode/S1_Project/sdk/linux/init/disp/disp_init.o

.ARM.extab.exit.text
                0x0000000000000000        0x0
 .ARM.extab.exit.text
                0x0000000000000000        0x0 /home/lixx/ZGCX/S1_Project/IFord_CLD00V2.0.0/SourceCode/S1_Project/sdk/linux/init/disp/disp_init.o

.ARM.exidx.exit.text
                0x0000000000000000        0x8
 .ARM.exidx.exit.text
                0x0000000000000000        0x8 /home/lixx/ZGCX/S1_Project/IFord_CLD00V2.0.0/SourceCode/S1_Project/sdk/linux/init/disp/disp_init.o

.modinfo        0x0000000000000000       0xc8
 .modinfo       0x0000000000000000       0xc8 /home/lixx/ZGCX/S1_Project/IFord_CLD00V2.0.0/SourceCode/S1_Project/sdk/linux/init/disp/disp_init.o

___ksymtab+DRV_DISP_GetDeviceInstance
                0x0000000000000000        0xc
 ___ksymtab+DRV_DISP_GetDeviceInstance
                0x0000000000000000        0xc /home/lixx/ZGCX/S1_Project/IFord_CLD00V2.0.0/SourceCode/S1_Project/sdk/linux/init/disp/disp_init.o

___ksymtab+DRV_DISP_IF_DeviceGetDisplayInfo
                0x0000000000000000        0xc
 ___ksymtab+DRV_DISP_IF_DeviceGetDisplayInfo
                0x0000000000000000        0xc /home/lixx/ZGCX/S1_Project/IFord_CLD00V2.0.0/SourceCode/S1_Project/sdk/linux/init/disp/disp_init.o

___ksymtab+DRV_DISP_IF_DeviceGetHwCount
                0x0000000000000000        0xc
 ___ksymtab+DRV_DISP_IF_DeviceGetHwCount
                0x0000000000000000        0xc /home/lixx/ZGCX/S1_Project/IFord_CLD00V2.0.0/SourceCode/S1_Project/sdk/linux/init/disp/disp_init.o

___ksymtab+DRV_DISP_IF_DeviceGetInstance
                0x0000000000000000        0xc
 ___ksymtab+DRV_DISP_IF_DeviceGetInstance
                0x0000000000000000        0xc /home/lixx/ZGCX/S1_Project/IFord_CLD00V2.0.0/SourceCode/S1_Project/sdk/linux/init/disp/disp_init.o

___ksymtab+DRV_DISP_IRQ_GetIsrNumByDevId
                0x0000000000000000        0xc
 ___ksymtab+DRV_DISP_IRQ_GetIsrNumByDevId
                0x0000000000000000        0xc /home/lixx/ZGCX/S1_Project/IFord_CLD00V2.0.0/SourceCode/S1_Project/sdk/linux/init/disp/disp_init.o

__param         0x0000000000000000       0x3c
 __param        0x0000000000000000       0x3c /home/lixx/ZGCX/S1_Project/IFord_CLD00V2.0.0/SourceCode/S1_Project/sdk/linux/init/disp/disp_init.o

.rodata1
 *(.rodata1)

.ARM.extab      0x0000000000000000      0x168
 *(.ARM.extab)
 .ARM.extab     0x0000000000000000      0x15c /home/lixx/ZGCX/S1_Project/IFord_CLD00V2.0.0/SourceCode/S1_Project/sdk/linux/init/disp/../../obj/uclibc/9.1.0/disp.o
 .ARM.extab     0x000000000000015c        0xc /home/lixx/ZGCX/S1_Project/IFord_CLD00V2.0.0/SourceCode/S1_Project/sdk/linux/init/disp/disp_init.o

.ARM.exidx      0x0000000000000000     0x16b8
 *(.ARM.exidx)
 .ARM.exidx     0x0000000000000000     0x1678 /home/lixx/ZGCX/S1_Project/IFord_CLD00V2.0.0/SourceCode/S1_Project/sdk/linux/init/disp/../../obj/uclibc/9.1.0/disp.o
 .ARM.exidx     0x0000000000001678       0x40 /home/lixx/ZGCX/S1_Project/IFord_CLD00V2.0.0/SourceCode/S1_Project/sdk/linux/init/disp/disp_init.o

.eh_frame_hdr
 *(.eh_frame_hdr)

.eh_frame
 *(.eh_frame)

.gcc_except_table
 *(.gcc_except_table)

.gnu_extab
 *(.gnu_extab*)

.exception_ranges
 *(.exception_ranges)

.eh_frame
 *(.eh_frame)

.gnu_extab
 *(.gnu_extab)

.gcc_except_table
 *(.gcc_except_table)

.exception_ranges
 *(.exception_ranges)

.tdata
 *(.tdata)

.tbss
 *(.tbss)

.jcr
 *(.jcr)

.dynamic
 *(.dynamic)

.got
 *(.got)

.data           0x0000000000000000      0x6f8
 *(.data)
 .data          0x0000000000000000      0x4ec /home/lixx/ZGCX/S1_Project/IFord_CLD00V2.0.0/SourceCode/S1_Project/sdk/linux/init/disp/../../obj/uclibc/9.1.0/disp.o
                0x00000000000001f0                disp_debug_level
                0x0000000000000208                g_stDispProcfsApi
                0x0000000000000230                g_stPictureNonLinearSetting
                0x0000000000000280                g_lpllSettingTbl
                0x0000000000000408                g_eDispRegAccessMode
                0x000000000000040c                g_stPicturePqCfg
                0x0000000000000436                g_stSDTVYuv2rgb
                0x0000000000000448                g_stByPassYuv2rgb
                0x000000000000045a                g_stHDTVYuv2rgb
                0x000000000000046c                g_u32DispClkDispPllId
                0x0000000000000470                g_u32DispClkNum
                0x0000000000000474                g_u16LpllLoopGainDsi
                0x0000000000000482                g_u16LpllLoopGain
                0x0000000000000490                g_u16LpllLoopDivDsi
                0x000000000000049e                g_u16LpllLoopDiv
                0x00000000000004ac                g_stVideoColorCorrectionMatrix
 *fill*         0x00000000000004ec        0x4 
 .data          0x00000000000004f0      0x208 /home/lixx/ZGCX/S1_Project/IFord_CLD00V2.0.0/SourceCode/S1_Project/sdk/linux/init/disp/disp_init.o

.data1
 *(.data1)

.bss            0x0000000000000000     0x224c
 *(.bss)
 .bss           0x0000000000000000     0x2241 /home/lixx/ZGCX/S1_Project/IFord_CLD00V2.0.0/SourceCode/S1_Project/sdk/linux/init/disp/../../obj/uclibc/9.1.0/disp.o
                0x0000000000000008                disp_debug_file
                0x0000000000000108                disp_debug_func
                0x0000000000000208                g_stDispModRes
                0x0000000000000778                gp_pstDispModRefOpsParam
                0x0000000000000780                g_stDispHalAlloc
                0x0000000000001b98                g_stModuleParam
                0x0000000000001c70                g_stDispDevTimingCfg
                0x0000000000001c78                g_u32DispDbgLevel
                0x0000000000001c7c                g_stDispCtxContainTbl
                0x0000000000001ca4                g_bDispCtxInit
                0x0000000000001ca8                g_pastCurDispDevCtx
                0x0000000000001cac                g_pastCurVidLayerCtx
                0x0000000000001cb0                g_pastCurInputPortCtx
                0x0000000000001cb4                g_pastCurDmaCtx
                0x0000000000001cb8                g_stDispIrqHist
                0x0000000000001e30                g_stDispIrqCfg
                0x0000000000001e3c                g_u32DispUtilityCmdqInitFlag
                0x0000000000001e40                g_tColorCfg
                0x0000000000001ebc                g_stDispUtilityCmdqCtx
                0x0000000000001ee0                g_stDispClkGpCtrlCfg
                0x0000000000001ee8                g_pDispCbTbl
                0x0000000000002224                g_stInterCfg
                0x0000000000002240                g_bDispHwIfInit
 *fill*         0x0000000000002241        0x3 
 .bss           0x0000000000002244        0x8 /home/lixx/ZGCX/S1_Project/IFord_CLD00V2.0.0/SourceCode/S1_Project/sdk/linux/init/disp/disp_init.o

.stab
 *(.stab)

.stabstr
 *(.stabstr)

.stab.excl
 *(.stab.excl)

.stab.exclstr
 *(.stab.exclstr)

.stab.index
 *(.stab.index)

.stab.indexstr
 *(.stab.indexstr)

.comment        0x0000000000000000      0x1fe
 *(.comment)
 .comment       0x0000000000000000      0x1dc /home/lixx/ZGCX/S1_Project/IFord_CLD00V2.0.0/SourceCode/S1_Project/sdk/linux/init/disp/../../obj/uclibc/9.1.0/disp.o
 .comment       0x00000000000001dc       0x22 /home/lixx/ZGCX/S1_Project/IFord_CLD00V2.0.0/SourceCode/S1_Project/sdk/linux/init/disp/disp_init.o

.note.GNU-stack
                0x0000000000000000        0x0
 .note.GNU-stack
                0x0000000000000000        0x0 /home/lixx/ZGCX/S1_Project/IFord_CLD00V2.0.0/SourceCode/S1_Project/sdk/linux/init/disp/../../obj/uclibc/9.1.0/disp.o
 .note.GNU-stack
                0x0000000000000000        0x0 /home/lixx/ZGCX/S1_Project/IFord_CLD00V2.0.0/SourceCode/S1_Project/sdk/linux/init/disp/disp_init.o

.ARM.attributes
                0x0000000000000000       0x2f
 .ARM.attributes
                0x0000000000000000       0x2f /home/lixx/ZGCX/S1_Project/IFord_CLD00V2.0.0/SourceCode/S1_Project/sdk/linux/init/disp/../../obj/uclibc/9.1.0/disp.o
 .ARM.attributes
                0x000000000000002f       0x2f /home/lixx/ZGCX/S1_Project/IFord_CLD00V2.0.0/SourceCode/S1_Project/sdk/linux/init/disp/disp_init.o

.gnu.build.attributes
 *(.gnu.build.attributes)

.debug
 *(.debug)

.line
 *(.line)

.debug_srcinfo
 *(.debug_srcinfo)

.debug_sfnames
 *(.debug_sfnames)

.debug_aranges  0x0000000000000000      0x1f0
 *(.debug_aranges)
 .debug_aranges
                0x0000000000000000      0x1c0 /home/lixx/ZGCX/S1_Project/IFord_CLD00V2.0.0/SourceCode/S1_Project/sdk/linux/init/disp/../../obj/uclibc/9.1.0/disp.o
 .debug_aranges
                0x00000000000001c0       0x30 /home/lixx/ZGCX/S1_Project/IFord_CLD00V2.0.0/SourceCode/S1_Project/sdk/linux/init/disp/disp_init.o

.debug_pubnames
 *(.debug_pubnames)

.debug_info     0x0000000000000000    0x9390c
 *(.debug_info)
 .debug_info    0x0000000000000000    0x8594f /home/lixx/ZGCX/S1_Project/IFord_CLD00V2.0.0/SourceCode/S1_Project/sdk/linux/init/disp/../../obj/uclibc/9.1.0/disp.o
 .debug_info    0x000000000008594f     0xdfbd /home/lixx/ZGCX/S1_Project/IFord_CLD00V2.0.0/SourceCode/S1_Project/sdk/linux/init/disp/disp_init.o

.debug_abbrev   0x0000000000000000     0x4885
 *(.debug_abbrev)
 .debug_abbrev  0x0000000000000000     0x40be /home/lixx/ZGCX/S1_Project/IFord_CLD00V2.0.0/SourceCode/S1_Project/sdk/linux/init/disp/../../obj/uclibc/9.1.0/disp.o
 .debug_abbrev  0x00000000000040be      0x7c7 /home/lixx/ZGCX/S1_Project/IFord_CLD00V2.0.0/SourceCode/S1_Project/sdk/linux/init/disp/disp_init.o

.debug_line     0x0000000000000000    0x1a79b
 *(.debug_line)
 .debug_line    0x0000000000000000    0x197fa /home/lixx/ZGCX/S1_Project/IFord_CLD00V2.0.0/SourceCode/S1_Project/sdk/linux/init/disp/../../obj/uclibc/9.1.0/disp.o
 .debug_line    0x00000000000197fa      0xfa1 /home/lixx/ZGCX/S1_Project/IFord_CLD00V2.0.0/SourceCode/S1_Project/sdk/linux/init/disp/disp_init.o

.debug_frame    0x0000000000000000     0x6a88
 *(.debug_frame)
 .debug_frame   0x0000000000000000     0x6928 /home/lixx/ZGCX/S1_Project/IFord_CLD00V2.0.0/SourceCode/S1_Project/sdk/linux/init/disp/../../obj/uclibc/9.1.0/disp.o
 .debug_frame   0x0000000000006928      0x160 /home/lixx/ZGCX/S1_Project/IFord_CLD00V2.0.0/SourceCode/S1_Project/sdk/linux/init/disp/disp_init.o

.debug_str      0x0000000000000000    0x89b0e
 *(.debug_str)
 .debug_str     0x0000000000000000    0x80e7f /home/lixx/ZGCX/S1_Project/IFord_CLD00V2.0.0/SourceCode/S1_Project/sdk/linux/init/disp/../../obj/uclibc/9.1.0/disp.o
 .debug_str     0x0000000000080e7f     0x8c8f /home/lixx/ZGCX/S1_Project/IFord_CLD00V2.0.0/SourceCode/S1_Project/sdk/linux/init/disp/disp_init.o

.debug_loc      0x0000000000000000    0x276d1
 *(.debug_loc)
 .debug_loc     0x0000000000000000    0x26d88 /home/lixx/ZGCX/S1_Project/IFord_CLD00V2.0.0/SourceCode/S1_Project/sdk/linux/init/disp/../../obj/uclibc/9.1.0/disp.o
 .debug_loc     0x0000000000026d88      0x949 /home/lixx/ZGCX/S1_Project/IFord_CLD00V2.0.0/SourceCode/S1_Project/sdk/linux/init/disp/disp_init.o

.debug_macinfo
 *(.debug_macinfo)

.debug_weaknames
 *(.debug_weaknames)

.debug_funcnames
 *(.debug_funcnames)

.debug_typenames
 *(.debug_typenames)

.debug_varnames
 *(.debug_varnames)

.debug_pubtypes
 *(.debug_pubtypes)

.debug_ranges   0x0000000000000000      0xf98
 *(.debug_ranges)
 .debug_ranges  0x0000000000000000      0xf48 /home/lixx/ZGCX/S1_Project/IFord_CLD00V2.0.0/SourceCode/S1_Project/sdk/linux/init/disp/../../obj/uclibc/9.1.0/disp.o
 .debug_ranges  0x0000000000000f48       0x50 /home/lixx/ZGCX/S1_Project/IFord_CLD00V2.0.0/SourceCode/S1_Project/sdk/linux/init/disp/disp_init.o

.debug_macro
 *(.debug_macro)

.debug_addr
 *(.debug_addr)

.gnu.attributes
 *(.gnu.attributes)

.note.gnu.arm.ident
 *(.note.gnu.arm.ident)
OUTPUT(/home/lixx/ZGCX/S1_Project/IFord_CLD00V2.0.0/SourceCode/S1_Project/sdk/linux/init/disp/mi_disp.o elf32-littlearm)
