
Memory Configuration

Name             Origin             Length             Attributes
*default*        0x0000000000000000 0xffffffffffffffff

Linker script and memory map

LOAD /home/lixx/ZGCX/S1_Project/IFord_CLD00V2.0.0/SourceCode/S1_Project/sdk/linux/init/debug/../../obj/uclibc/9.1.0/debug.o
LOAD /home/lixx/ZGCX/S1_Project/IFord_CLD00V2.0.0/SourceCode/S1_Project/sdk/linux/init/debug/debug_init.o

.interp
 *(.interp)

.note.gnu.build-id
 *(.note.gnu.build-id)

.hash
 *(.hash)

.gnu.hash
 *(.gnu.hash)

.dynsym
 *(.dynsym)

.dynstr
 *(.dynstr)

.gnu.version
 *(.gnu.version)

.gnu.version_d
 *(.gnu.version_d)

.gnu.version_r
 *(.gnu.version_r)

.rel.init
 *(.rel.init)

.rela.init
 *(.rela.init)

.rel.text
 *(.rel.text)

.rela.text
 *(.rela.text)

.rel.fini
 *(.rel.fini)

.rela.fini
 *(.rela.fini)

.rel.rodata
 *(.rel.rodata)

.rela.rodata
 *(.rela.rodata)

.rel.data.rel.ro
 *(.rel.data.rel.ro)

.rela.data.rel.ro
 *(.rela.data.rel.ro)

.rel.data
 *(.rel.data)

.rela.data
 *(.rela.data)

.rel.tdata
 *(.rel.tdata)

.rela.tdata
 *(.rela.tdata)

.rel.tbss
 *(.rel.tbss)

.rela.tbss
 *(.rela.tbss)

.rel.ctors
 *(.rel.ctors)

.rela.ctors
 *(.rela.ctors)

.rel.dtors
 *(.rel.dtors)

.rela.dtors
 *(.rela.dtors)

.rel.got
 *(.rel.got)

.rela.got
 *(.rela.got)

.rel.bss
 *(.rel.bss)

.rela.bss
 *(.rela.bss)

.rel.iplt
 *(.rel.iplt)

.rela.iplt
 *(.rela.iplt)

.rel.plt
 *(.rel.plt)

.rela.plt
 *(.rela.plt)

.init
 *(SORT_NONE(.init))

.plt
 *(.plt)

.iplt
 *(.iplt)

.text           0x0000000000000000    0x27784
 *(.text .stub)
 .text          0x0000000000000000    0x27724 /home/lixx/ZGCX/S1_Project/IFord_CLD00V2.0.0/SourceCode/S1_Project/sdk/linux/init/debug/../../obj/uclibc/9.1.0/debug.o
                0x000000000000003c                MI_DEVICE_WrapperFunction_debug
                0x0000000000000040                IS_PRINT_MATCH_debug
                0x00000000000000a0                MI_DEVICE_Instance_debug
                0x00000000000000a8                MI_DEVICE_GetSelfDir_debug
                0x00000000000000b4                AddUTIoctlTable
                0x00000000000000b6                debug__module_init
                0x0000000000000180                debug__module_exit
                0x000000000000066c                MI_SYS_Cmd_DumpInputportFrcInfo
                0x0000000000000990                MI_SYS_Cmd_DumpOutputportFrcInfo
                0x0000000000000e1c                MI_SYS_Proc_DevDumpInputportCommonInfo
                0x0000000000001280                MI_SYS_Proc_DevDumpOutputportEarlyInitBufInfo
                0x000000000000128e                MI_SYS_Proc_DevDumpOutputportCommonInfo
                0x0000000000001864                MI_SYS_Proc_DevDumpDevCommonInfo
                0x0000000000001ca0                MI_SYS_Proc_DevDumpChnCommonInfo
                0x000000000000213c                MI_SYS_Stop_Dump_Queuebuf
                0x00000000000021a4                MI_SYS_Dump_Frc_Inputport
                0x000000000000221c                MI_SYS_Dump_Frc_Outputport
                0x000000000000228c                MI_SYS_Dump_Common_Info_Init
                0x00000000000022c0                MI_SYS_Dump_Common_Info_DeInit
                0x0000000000004378                _MI_SYS_Cmd_GetInputPortFromArg
                0x0000000000004488                _MI_SYS_Cmd_DebugFrc
                0x000000000000465c                MI_DEBUG_RegisterMoniter
                0x0000000000004754                MI_DEBUG_UnRegisterMoniter
                0x00000000000047b0                MI_DEBUG_Sys_Init
                0x0000000000004864                MI_DEBUG_Sys_DeInit
                0x0000000000004a3a                MI_SYS_Proc_DevOnPrintOutVprintk
                0x0000000000004ab4                MI_SYS_Proc_DevOnPrintOutSeqWrite
                0x0000000000004bb6                MI_SYS_Meta_AllocatorProcExecCmd
                0x0000000000004e04                _MI_SYS_IMPL_FreeLxMem_write
                0x00000000000050f8                _MI_SYS_IMPL_file_show
                0x0000000000006748                MI_SYS_Proc_Debug_Register
                0x00000000000067c4                MI_SYS_Proc_Debug_UnRegister
                0x0000000000006804                MI_SYS_Mma_HeapInfoShow
                0x0000000000006860                MI_SYS_Proc_Debug_Init
                0x0000000000006910                MI_SYS_Proc_Debug_Deinit
                0x0000000000006954                MI_SYS_Proc_Debug_WriteFile
                0x00000000000083dc                CmdqProcInit
                0x0000000000008580                CmdqProcDeInit
                0x0000000000008624                mi_debug_init
                0x000000000000866e                mi_debug_exit
                0x000000000000941c                MI_SNR_DEBUG_ProcOnExecCmd
                0x000000000000949c                MI_DEBUG_Sensor_Init
                0x000000000000954c                MI_DEBUG_Sensor_DeInit
                0x0000000000009b10                HalSensorProcInit
                0x0000000000009ca0                HalSensorProcDeInit
                0x0000000000009d12                MI_VIF_DEBUG_OnDumpChannelAttr
                0x0000000000009e80                MI_VIF_DEBUG_OnDumpInputPortAttr
                0x0000000000009e8e                MI_VIF_DEBUG_ProcFroceFifoFullCallBack
                0x0000000000009e9c                MI_VIF_DEBUG_OnDumpDevAttr
                0x000000000000a2ac                MI_VIF_DEBUG_OnDumpOutPortAttr
                0x000000000000a79c                MI_VIF_DEBUG_SetDevInitAtom
                0x000000000000a808                MI_VIF_DEBUG_EraseBuffer
                0x000000000000a874                MI_VIF_DEBUG_ProcMaskVif
                0x000000000000a8f4                MI_VIF_DEBUG_ProcEnVifPort
                0x000000000000a984                MI_VIF_DEBUG_ProcCfgVifPort
                0x000000000000aac8                MI_VIF_DEBUG_ProcHwReset
                0x000000000000ab68                MI_VIF_DEBUG_ProcSetFpsThreshold
                0x000000000000abec                MI_VIF_DEBUG_ProcSetPtsThreshold
                0x000000000000ac70                MI_VIF_DEBUG_ProcSetCrcMode
                0x000000000000ad08                MI_VIF_DEBUG_ProcSetDevDebugLv
                0x000000000000ad68                MI_VIF_DEBUG_ProcDataGen
                0x000000000000add0                MI_VIF_DEBUG_ProcChangeBuf
                0x000000000000af5c                MI_VIF_DEBUG_ProcOffSnrResumeOnce
                0x000000000000b0a0                MI_VIF_DEBUG_ProcDumpFrame
                0x000000000000b19c                MI_VIF_DEBUG_ProcPatternGen
                0x000000000000b338                MI_VIF_DEBUG_OnHelp
                0x000000000000b354                MI_VIF_DEBUG_ProcOnExecCmd
                0x000000000000b3e4                MI_DEBUG_VIF_Init
                0x000000000000b49c                MI_DEBUG_VIF_DeInit
                0x000000000000b68c                HalVifProcInit
                0x000000000000b854                HalVifProcDeInit
                0x000000000000b8d4                MI_ISP_DEBUG_OnDumpInputPortAttr
                0x000000000000b8e2                MI_ISP_DEBUG_OnDumpDevAttr
                0x000000000000bae0                MI_ISP_DEBUG_DebugResetDev
                0x000000000000bbbc                MI_ISP_DEBUG_SetInitAtom
                0x000000000000bc9c                MI_ISP_DEBUG_DebugClearBuf
                0x000000000000bdb0                MI_ISP_DEBUG_DebugLv
                0x000000000000be90                MI_ISP_DEBUG_DebugEnablePort
                0x000000000000bf50                MI_ISP_DEBUG_DebugSendOneFrame
                0x000000000000c008                MI_ISP_DEBUG_DebugSkipFrame
                0x000000000000c0a4                MI_ISP_DEBUG_ProcClearBindQ
                0x000000000000c160                MI_ISP_DEBUG_ProcSetFpsThreshold
                0x000000000000c250                MI_ISP_DEBUG_ProcSetPtsThreshold
                0x000000000000c34c                MI_ISP_DEBUG_DebugSet3DNROnOff
                0x000000000000c420                MI_ISP_DEBUG_ProcSetOutputCRCEn
                0x000000000000c4c4                MI_ISP_DEBUG_DebugDataGen
                0x000000000000c5c0                MI_ISP_DEBUG_DebugSetModuleTotalPlaneNum
                0x000000000000c600                MI_ISP_DEBUG_DebugStopChnl
                0x000000000000c6d4                MI_ISP_DEBUG_DebugOutputParam
                0x000000000000c8dc                MI_ISP_DEBUG_DebugSetChnParam
                0x000000000000caf4                MI_ISP_DEBUG_DumpTaskFile
                0x000000000000cc14                MI_ISP_DEBUG_SetSensorPadSort
                0x000000000000ccc4                MI_ISP_DEBUG_SetCmdqTimeOutInfo
                0x000000000000cd78                MI_ISP_TRANS_BayerIdToString
                0x000000000000ce24                MI_ISP_TRANS_PixelDataPrecToString
                0x000000000000ce7c                MI_ISP_TRANS_PixelToString
                0x000000000000d004                MI_ISP_DEBUG_OnDumpChannelAttr
                0x000000000000d6c4                MI_ISP_TRANS_BindTypeToString
                0x000000000000d708                MI_ISP_DEBUG_OnDumpOutPortAttr
                0x000000000000d9a0                MI_ISP_DEBUG_OnHelp
                0x000000000000d9bc                MI_ISP_DEBUG_ProcOnExecCmd
                0x000000000000da44                MI_ISP_DEBUG_AibnrCtrlParam
                0x000000000000db48                MI_DEBUG_Isp_Init
                0x000000000000dc04                MI_DEBUG_Isp_DeInit
                0x000000000000dc1c                HalIspIntsProcShow
                0x000000000000e096                _HAL_ISP_COMMON_IspInfoShow
                0x000000000000e2be                _HAL_ISP_COMMON_IspClkShow
                0x000000000000e3ee                _HAL_ISP_COMMON_IspClkStore
                0x000000000000e4e8                _HAL_ISP_COMMON_IspResetShow
                0x000000000000e4fe                _HAL_ISP_COMMON_IspResetStore
                0x000000000000e5b0                _HAL_ISP_COMMON_IspFileWriteStore
                0x000000000000ed50                _HAL_ISP_COMMON_IspRootShow
                0x000000000000ed8e                _HAL_ISP_COMMON_IspRootStore
                0x000000000000ee48                _HAL_ISP_COMMON_MloadInfoShow
                0x000000000000eef2                _HAL_ISP_COMMON_MloadFileWriteStore
                0x000000000000f04c                HalIspProcInit
                0x000000000000f22c                HalIspProcDeInit
                0x000000000000f394                MI_SCL_DEBUG_PrepareOutTaskMetaInfo
                0x000000000000f3b4                MI_SCL_DEBUG_OnDumpInputPortAttr
                0x000000000000f408                MI_SCL_DEBUG_OnDumpDevAttr
                0x000000000000f648                MI_SCL_DEBUG_EnqueOutputTask
                0x000000000000f6bc                MI_SCL_DEBUG_BarrierInputTask
                0x000000000000f880                MI_SCL_DEBUG_DequeOutputTask
                0x000000000000f984                MI_SCL_DEBUG_CallBackEnterFuncDbg
                0x000000000000fab4                MI_SCL_DEBUG_PrepareInputTask
                0x000000000000fb80                MI_SCL_DEBUG_PrintMultringInfo
                0x0000000000010034                MI_SCL_DEBUG_CheckOutputTask
                0x0000000000010066                MI_SCL_DEBUG_DumpCmdqTimeOutInfo
                0x0000000000010170                MI_SCL_DEBUG_ReadHvspFilterTblByPath
                0x0000000000010174                MI_SCL_DEBUG_StopChnl
                0x0000000000010254                MI_SCL_DEBUG_SetInitAtom
                0x00000000000102ac                MI_SCL_DEBUG_ClearBuf
                0x0000000000010360                MI_SCL_DEBUG_Level
                0x0000000000010408                MI_SCL_DEBUG_EnablePort
                0x00000000000104cc                MI_SCL_DEBUG_ClearBindQ
                0x0000000000010550                MI_SCL_DEBUG_SetFpsThreshold
                0x00000000000105fc                MI_SCL_DEBUG_SetPtsThreshold
                0x00000000000106c8                MI_SCL_DEBUG_ResetDev
                0x0000000000010784                MI_SCL_DEBUG_CMDQDelay
                0x00000000000107b8                MI_SCL_DEBUG_OutputParam
                0x0000000000010a48                MI_SCL_DEBUG_SetOutputCRCEn
                0x0000000000010aec                MI_SCL_DEBUG_SetByteWrite
                0x0000000000010bac                MI_SCL_DEBUG_DebugPatenGen
                0x0000000000010cd8                MI_SCL_DEBUG_SetCmdqTimeOutInfo
                0x0000000000010d88                MI_SCL_DEBUG_SetOutputFilterType
                0x0000000000010e2c                MI_SCL_DEBUG_DoubleVsyncDrop
                0x0000000000010e98                MI_SCL_DEBUG_SetOutbufFailRet
                0x0000000000010f1c                MI_SCL_DEBUG_SetRingLineCnt
                0x0000000000010fb8                MI_SCL_DEBUG_AvgMode
                0x0000000000011034                MI_SCL_DEBUG_DumpTaskFile
                0x0000000000011120                MI_SCL_DEBUG_MultiringDbgEn
                0x00000000000117e4                MI_SCL_DEBUG_DequeInputTask
                0x000000000001180c                MI_SCL_DEBUG_DumpTaskThread
                0x000000000001188c                MI_SCL_DEBUG_BindTypeToString
                0x00000000000118d4                MI_SCL_DEBUG_PixelToString
                0x00000000000119f4                MI_SCL_DEBUG_OnDumpChannelAttr
                0x0000000000011e04                MI_SCL_DEBUG_OnDumpOutPortAttr
                0x00000000000120f8                MI_SCL_DEBUG_ReleaseFilterTbl
                0x000000000001215c                MI_SCL_DEBUG_RemoveHvspFilterTbl
                0x0000000000012194                MI_SCL_DEBUG_AllocFilterTbl
                0x000000000001220c                MI_SCL_DEBUG_LoadHvspFilterTbl
                0x00000000000122e4                MI_SCL_DEBUG_GetProcessCnt
                0x0000000000012318                MI_SCL_DEBUG_GetIrqStat
                0x0000000000012350                MI_SCL_DEBUG_SetFuncVal
                0x0000000000012380                MI_SCL_DEBUG_GetFuncVal
                0x00000000000123b4                MI_SCL_DEBUG_SetDbgMsgLv
                0x00000000000123e0                MI_SCL_DEBUG_GetDbgMsgLv
                0x0000000000012410                MI_SCL_DEBUG_SetLimitRange
                0x000000000001243c                MI_SCL_DEBUG_GetLimitRange
                0x000000000001246c                MI_SCL_DEBUG_SetClkCfg
                0x00000000000124a0                MI_SCL_DEBUG_GetClkDescript
                0x00000000000124d4                MI_SCL_DEBUG_SetDbgReg
                0x0000000000012544                MI_SCL_DEBUG_SetDoubleVsyncDrop
                0x0000000000012578                MI_SCL_DEBUG_GetDoubleVsyncDrop
                0x0000000000012598                MI_SCL_DEBUG_OnHelp
                0x00000000000125b4                MI_SCL_DEBUG_ProcOnExecCmd
                0x000000000001263c                MI_SCL_DEBUG_SetProtectPort
                0x000000000001264a                MI_DEBUG_Scl_Init
                0x00000000000127b8                MI_DEBUG_Scl_DeInit
                0x0000000000013b7e                HAL_SCL_DEBUG_DumpCmdqTimeOutBankInfo
                0x0000000000013bf0                _HAL_SCL_DEBUG_SplitString
                0x0000000000013ed0                HAL_SCL_DEBUG_ReadHvspFilterTblByPath
                0x0000000000014080                HAL_SCL_DEBUG_Init
                0x00000000000141f8                HAL_SCL_DEBUG_DeInit
                0x000000000001612c                MI_DEBUG_Ai_Init
                0x00000000000161b4                MI_DEBUG_Ai_DeInit
                0x00000000000178f0                MI_DEBUG_Ao_Init
                0x0000000000017970                MI_DEBUG_Ao_DeInit
                0x0000000000019870                MI_DEBUG_Ldc_Init
                0x000000000001992c                MI_DEBUG_Ldc_DeInit
                0x0000000000019b58                HalLdcProcInit
                0x0000000000019ba4                HalLdcProcDeInit
                0x000000000001d17c                MI_DEBUG_Rgn_Init
                0x000000000001d200                MI_DEBUG_Rgn_DeInit
                0x000000000001db9c                HAL_RGN_Debug_Init
                0x000000000001dc40                HAL_RGN_Debug_Deinit
                0x000000000001dc92                _MI_DISP_DEBUG_ShowPanelParam
                0x000000000001dcb8                _MI_DISP_DEBUG_SetBgColor
                0x000000000001dd18                _MI_DISP_DEBUG_SetRotateMode
                0x000000000001dd88                _MI_DISP_DEBUG_SetInputPortCrop
                0x000000000001de34                _MI_DISP_DEBUG_HideInputPort
                0x000000000001de88                _MI_DISP_DEBUG_ShowInputPort
                0x000000000001dedc                _MI_DISP_DEBUG_PauseInputPort
                0x000000000001df30                _MI_DISP_DEBUG_ResumeInputPort
                0x000000000001df84                _MI_DISP_DEBUG_StepInputPort
                0x000000000001dfd8                _MI_DISP_DEBUG_ClearInputPort
                0x000000000001e0d4                _MI_DISP_DEBUG_StopGetInBuff
                0x000000000001e190                _MI_DISP_DEBUG_SetCsc
                0x000000000001e3b0                _MI_DISP_DEBUG_SetColorTempInfo
                0x000000000001e474                _MI_DISP_DEBUG_SetDecompressMode
                0x000000000001e544                _MI_DISP_DEBUG_SetBufExtraSize
                0x000000000001e628                _MI_DISP_DEBUG_SetStatDuration
                0x000000000001e6f0                _MI_DISP_DEBUG_TraceOnOff
                0x000000000001e7a8                _MI_DISP_DEBUG_SetVideoLayerPriority
                0x000000000001f6a4                _MI_DISP_DEBUG_DumpFrameFromChn
                0x000000000001f7d0                _MI_DISP_DEBUG_DumpFrame
                0x000000000001f85c                _MI_DISP_DEBUG_OnHelp
                0x000000000001f86a                MI_DEBUG_Disp_Init
                0x000000000001f928                MI_DEBUG_Disp_DeInit
                0x0000000000020840                HAL_DISP_DEBUG_Init
                0x000000000002094c                HAL_DISP_DEBUG_DeInit
                0x00000000000209a8                MI_WBC_DEBUG_TraceOnOff
                0x00000000000209d4                MI_WBC_DEBUG_SetCompressMode
                0x0000000000020a98                MI_WBC_DEBUG_SetCrcType
                0x0000000000020b00                MI_WBC_DEBUG_SetStatDuration
                0x0000000000020b60                MI_WBC_DEBUG_OnDumpDevAttr
                0x0000000000020ed4                MI_WBC_DEBUG_OnDumpOutPortAttr
                0x0000000000020ee0                MI_WBC_DEBUG_OnDumpInputPortAttr
                0x0000000000020eec                MI_WBC_DEBUG_OnDumpChannelAttr
                0x0000000000020ef8                MI_WBC_DEBUG_DumpFrameFromDevRes
                0x000000000002100c                MI_WBC_DEBUG_DumpFrame
                0x00000000000210a0                MI_WBC_DEBUG_OnHelp
                0x00000000000210ae                MI_DEBUG_Wbc_Init
                0x0000000000021140                MI_DEBUG_Wbc_DeInit
                0x0000000000024244                MI_DEBUG_Venc_Init
                0x00000000000242e8                MI_DEBUG_Venc_DeInit
                0x0000000000025484                HalVencProcInit
                0x00000000000254f0                HalVencProcDeInit
                0x000000000002673c                MI_DEBUG_Fb_Init
                0x00000000000267bc                MI_DEBUG_Fb_DeInit
                0x0000000000026804                MI_DEBUG_VDISP_OnDumpDevAttr
                0x00000000000268c8                MI_DEBUG_VDISP_OnDumpInputPortAttr
                0x0000000000026ab0                MI_DEBUG_VDISP_OnDumpOutPortAttr
                0x0000000000026bb4                MI_DEBUG_VDISP_SetChnStatusProc
                0x0000000000026c38                MI_DEBUG_VDISP_SetChnPauseProc
                0x0000000000026cbc                MI_DEBUG_VDISP_SetChnToTopProc
                0x0000000000026d1c                MI_DEBUG_VDISP_SetDevPauseProc
                0x0000000000026d90                MI_DEBUG_VDISP_DumpInProc
                0x0000000000026ec4                MI_DEBUG_VDISP_DumpOutProc
                0x0000000000026fe0                MI_DEBUG_VDISP_OnHelp
                0x0000000000027098                _MI_VDISP_DEBUG_ProcOnExecCmd
                0x0000000000027128                MI_DEBUG_VDISP_Init
                0x00000000000271c4                MI_DEBUG_VDISP_DeInit
                0x0000000000027688                MI_IPU_Debug_Init
                0x000000000002770c                MI_IPU_Debug_DeInit
 .text          0x0000000000027724       0x60 /home/lixx/ZGCX/S1_Project/IFord_CLD00V2.0.0/SourceCode/S1_Project/sdk/linux/init/debug/debug_init.o
                0x0000000000027724                MI_Debug_FreeReservedArea
                0x0000000000027764                debug_mod_init
                0x0000000000027774                debug_mod_exit
 *(.gnu.warning)

.init.text      0x0000000000000000        0x4
 .init.text     0x0000000000000000        0x4 /home/lixx/ZGCX/S1_Project/IFord_CLD00V2.0.0/SourceCode/S1_Project/sdk/linux/init/debug/debug_init.o
                0x0000000000000000                init_module

.exit.text      0x0000000000000000        0x4
 .exit.text     0x0000000000000000        0x4 /home/lixx/ZGCX/S1_Project/IFord_CLD00V2.0.0/SourceCode/S1_Project/sdk/linux/init/debug/debug_init.o
                0x0000000000000000                cleanup_module

.fini
 *(SORT_NONE(.fini))

.rodata         0x0000000000000000      0xc0a
 *(.rodata)
 .rodata        0x0000000000000000      0xbc0 /home/lixx/ZGCX/S1_Project/IFord_CLD00V2.0.0/SourceCode/S1_Project/sdk/linux/init/debug/../../obj/uclibc/9.1.0/debug.o
 .rodata        0x0000000000000bc0       0x4a /home/lixx/ZGCX/S1_Project/IFord_CLD00V2.0.0/SourceCode/S1_Project/sdk/linux/init/debug/debug_init.o

.rodata.str1.1  0x0000000000000000    0x14b5c
 .rodata.str1.1
                0x0000000000000000    0x14b11 /home/lixx/ZGCX/S1_Project/IFord_CLD00V2.0.0/SourceCode/S1_Project/sdk/linux/init/debug/../../obj/uclibc/9.1.0/debug.o
 *fill*         0x0000000000014b11        0x1 
 .rodata.str1.1
                0x0000000000014b12       0x4a /home/lixx/ZGCX/S1_Project/IFord_CLD00V2.0.0/SourceCode/S1_Project/sdk/linux/init/debug/debug_init.o

.rodata.cst4    0x0000000000000000      0x378
 .rodata.cst4   0x0000000000000000      0x378 /home/lixx/ZGCX/S1_Project/IFord_CLD00V2.0.0/SourceCode/S1_Project/sdk/linux/init/debug/../../obj/uclibc/9.1.0/debug.o

.pv_table       0x0000000000000000        0x8
 .pv_table      0x0000000000000000        0x8 /home/lixx/ZGCX/S1_Project/IFord_CLD00V2.0.0/SourceCode/S1_Project/sdk/linux/init/debug/debug_init.o

.ARM.extab.init.text
                0x0000000000000000        0x0
 .ARM.extab.init.text
                0x0000000000000000        0x0 /home/lixx/ZGCX/S1_Project/IFord_CLD00V2.0.0/SourceCode/S1_Project/sdk/linux/init/debug/debug_init.o

.ARM.exidx.init.text
                0x0000000000000000        0x8
 .ARM.exidx.init.text
                0x0000000000000000        0x8 /home/lixx/ZGCX/S1_Project/IFord_CLD00V2.0.0/SourceCode/S1_Project/sdk/linux/init/debug/debug_init.o

.ARM.extab.exit.text
                0x0000000000000000        0x0
 .ARM.extab.exit.text
                0x0000000000000000        0x0 /home/lixx/ZGCX/S1_Project/IFord_CLD00V2.0.0/SourceCode/S1_Project/sdk/linux/init/debug/debug_init.o

.ARM.exidx.exit.text
                0x0000000000000000        0x8
 .ARM.exidx.exit.text
                0x0000000000000000        0x8 /home/lixx/ZGCX/S1_Project/IFord_CLD00V2.0.0/SourceCode/S1_Project/sdk/linux/init/debug/debug_init.o

.modinfo        0x0000000000000000       0x87
 .modinfo       0x0000000000000000       0x87 /home/lixx/ZGCX/S1_Project/IFord_CLD00V2.0.0/SourceCode/S1_Project/sdk/linux/init/debug/debug_init.o

__param         0x0000000000000000       0x3c
 __param        0x0000000000000000       0x3c /home/lixx/ZGCX/S1_Project/IFord_CLD00V2.0.0/SourceCode/S1_Project/sdk/linux/init/debug/debug_init.o

.rodata1
 *(.rodata1)

.ARM.extab      0x0000000000000000      0x1d4
 *(.ARM.extab)
 .ARM.extab     0x0000000000000000      0x1d4 /home/lixx/ZGCX/S1_Project/IFord_CLD00V2.0.0/SourceCode/S1_Project/sdk/linux/init/debug/../../obj/uclibc/9.1.0/debug.o
 .ARM.extab     0x00000000000001d4        0x0 /home/lixx/ZGCX/S1_Project/IFord_CLD00V2.0.0/SourceCode/S1_Project/sdk/linux/init/debug/debug_init.o

.ARM.exidx      0x0000000000000000     0x1538
 *(.ARM.exidx)
 .ARM.exidx     0x0000000000000000     0x1520 /home/lixx/ZGCX/S1_Project/IFord_CLD00V2.0.0/SourceCode/S1_Project/sdk/linux/init/debug/../../obj/uclibc/9.1.0/debug.o
 .ARM.exidx     0x0000000000001520       0x18 /home/lixx/ZGCX/S1_Project/IFord_CLD00V2.0.0/SourceCode/S1_Project/sdk/linux/init/debug/debug_init.o

.eh_frame_hdr
 *(.eh_frame_hdr)

.eh_frame
 *(.eh_frame)

.gcc_except_table
 *(.gcc_except_table)

.gnu_extab
 *(.gnu_extab*)

.exception_ranges
 *(.exception_ranges)

.eh_frame
 *(.eh_frame)

.gnu_extab
 *(.gnu_extab)

.gcc_except_table
 *(.gcc_except_table)

.exception_ranges
 *(.exception_ranges)

.tdata
 *(.tdata)

.tbss
 *(.tbss)

.jcr
 *(.jcr)

.dynamic
 *(.dynamic)

.got
 *(.got)

.data           0x0000000000000000      0x220
 *(.data)
 .data          0x0000000000000000      0x220 /home/lixx/ZGCX/S1_Project/IFord_CLD00V2.0.0/SourceCode/S1_Project/sdk/linux/init/debug/../../obj/uclibc/9.1.0/debug.o
                0x0000000000000048                debug_debug_level
                0x000000000000004c                g_pstFreeLxMemCmdTbl
 .data          0x0000000000000220        0x0 /home/lixx/ZGCX/S1_Project/IFord_CLD00V2.0.0/SourceCode/S1_Project/sdk/linux/init/debug/debug_init.o

.data1
 *(.data1)

.bss            0x0000000000000000      0x5e0
 *(.bss)
 .bss           0x0000000000000000      0x5e0 /home/lixx/ZGCX/S1_Project/IFord_CLD00V2.0.0/SourceCode/S1_Project/sdk/linux/init/debug/../../obj/uclibc/9.1.0/debug.o
                0x0000000000000000                debug_debug_file
                0x0000000000000100                debug_debug_func
                0x0000000000000210                gp_miSysprocWorkQueue
                0x0000000000000228                g_stDebugFrc
                0x0000000000000240                g_pstSysModRefDbgParam
                0x00000000000004b4                g_cmdqDumEngine
                0x00000000000004b8                g_cmdqPara
                0x00000000000004c8                g_cmdqProcTimeoutPara
                0x00000000000004d0                g_pRootCmdqDir
                0x00000000000004d4                g_initCmdqProc
                0x00000000000004d8                g_pstSnrModDbgParam
                0x00000000000004dc                g_miSensorDeBugHandle
                0x00000000000004e0                g_pRootSensorHalDir
                0x00000000000004e4                g_initHalSensorProc
                0x00000000000004e8                g_pstVifModDbgParam
                0x00000000000004ec                g_pRootVifHalDir
                0x00000000000004f0                g_initHalVifProc
                0x00000000000004f4                g_pRootVifCoreDir
                0x00000000000004f8                g_pstIspModDbgParam
                0x00000000000004fc                g_miIspDeBugHandle
                0x0000000000000500                g_pRootIspHalDir
                0x0000000000000504                g_initHalIspProc
                0x0000000000000508                g_pstSclModDbgParam
                0x0000000000000514                g_miSclDeBugHandle
                0x0000000000000518                g_pstAiModRefDbgParam
                0x000000000000051c                g_pstAoModRefDbgParam
                0x0000000000000520                gp_stLdcDbgRes
                0x0000000000000524                g_pRootHalLdcDir
                0x0000000000000528                g_initHalLdcProc
                0x000000000000052c                gp_stRgnModRefDbgParam
                0x0000000000000530                g_stRgnCapablity
                0x0000000000000560                g_ppstDispModRefOpsParam
                0x0000000000000564                g_u32DispDbgmgLevel
                0x000000000000056c                g_bInitDispHalProc
                0x0000000000000570                gp_stWbcModRefOpsParam
                0x0000000000000578                g_ppstVencModuleParam
                0x00000000000005bc                g_pstVencDevProcfsOps
                0x00000000000005c8                gp_stFbModRefDbgParam
                0x00000000000005cc                g_miFbDeBugHandle
 .bss           0x00000000000005e0        0x0 /home/lixx/ZGCX/S1_Project/IFord_CLD00V2.0.0/SourceCode/S1_Project/sdk/linux/init/debug/debug_init.o

.stab
 *(.stab)

.stabstr
 *(.stabstr)

.stab.excl
 *(.stab.excl)

.stab.exclstr
 *(.stab.exclstr)

.stab.index
 *(.stab.index)

.stab.indexstr
 *(.stab.indexstr)

.comment        0x0000000000000000      0x3fc
 *(.comment)
 .comment       0x0000000000000000      0x3da /home/lixx/ZGCX/S1_Project/IFord_CLD00V2.0.0/SourceCode/S1_Project/sdk/linux/init/debug/../../obj/uclibc/9.1.0/debug.o
 .comment       0x00000000000003da       0x22 /home/lixx/ZGCX/S1_Project/IFord_CLD00V2.0.0/SourceCode/S1_Project/sdk/linux/init/debug/debug_init.o

.note.GNU-stack
                0x0000000000000000        0x0
 .note.GNU-stack
                0x0000000000000000        0x0 /home/lixx/ZGCX/S1_Project/IFord_CLD00V2.0.0/SourceCode/S1_Project/sdk/linux/init/debug/../../obj/uclibc/9.1.0/debug.o
 .note.GNU-stack
                0x0000000000000000        0x0 /home/lixx/ZGCX/S1_Project/IFord_CLD00V2.0.0/SourceCode/S1_Project/sdk/linux/init/debug/debug_init.o

.ARM.attributes
                0x0000000000000000       0x31
 .ARM.attributes
                0x0000000000000000       0x31 /home/lixx/ZGCX/S1_Project/IFord_CLD00V2.0.0/SourceCode/S1_Project/sdk/linux/init/debug/../../obj/uclibc/9.1.0/debug.o
 .ARM.attributes
                0x0000000000000031       0x2f /home/lixx/ZGCX/S1_Project/IFord_CLD00V2.0.0/SourceCode/S1_Project/sdk/linux/init/debug/debug_init.o

.gnu.build.attributes
 *(.gnu.build.attributes)

.debug
 *(.debug)

.line
 *(.line)

.debug_srcinfo
 *(.debug_srcinfo)

.debug_sfnames
 *(.debug_sfnames)

.debug_aranges  0x0000000000000000      0x3c8
 *(.debug_aranges)
 .debug_aranges
                0x0000000000000000      0x398 /home/lixx/ZGCX/S1_Project/IFord_CLD00V2.0.0/SourceCode/S1_Project/sdk/linux/init/debug/../../obj/uclibc/9.1.0/debug.o
 .debug_aranges
                0x0000000000000398       0x30 /home/lixx/ZGCX/S1_Project/IFord_CLD00V2.0.0/SourceCode/S1_Project/sdk/linux/init/debug/debug_init.o

.debug_pubnames
 *(.debug_pubnames)

.debug_info     0x0000000000000000   0x154b6e
 *(.debug_info)
 .debug_info    0x0000000000000000   0x149488 /home/lixx/ZGCX/S1_Project/IFord_CLD00V2.0.0/SourceCode/S1_Project/sdk/linux/init/debug/../../obj/uclibc/9.1.0/debug.o
 .debug_info    0x0000000000149488     0xb6e6 /home/lixx/ZGCX/S1_Project/IFord_CLD00V2.0.0/SourceCode/S1_Project/sdk/linux/init/debug/debug_init.o

.debug_abbrev   0x0000000000000000     0x99cd
 *(.debug_abbrev)
 .debug_abbrev  0x0000000000000000     0x92dc /home/lixx/ZGCX/S1_Project/IFord_CLD00V2.0.0/SourceCode/S1_Project/sdk/linux/init/debug/../../obj/uclibc/9.1.0/debug.o
 .debug_abbrev  0x00000000000092dc      0x6f1 /home/lixx/ZGCX/S1_Project/IFord_CLD00V2.0.0/SourceCode/S1_Project/sdk/linux/init/debug/debug_init.o

.debug_line     0x0000000000000000    0x2a4dd
 *(.debug_line)
 .debug_line    0x0000000000000000    0x2996d /home/lixx/ZGCX/S1_Project/IFord_CLD00V2.0.0/SourceCode/S1_Project/sdk/linux/init/debug/../../obj/uclibc/9.1.0/debug.o
 .debug_line    0x000000000002996d      0xb70 /home/lixx/ZGCX/S1_Project/IFord_CLD00V2.0.0/SourceCode/S1_Project/sdk/linux/init/debug/debug_init.o

.debug_frame    0x0000000000000000     0x78b8
 *(.debug_frame)
 .debug_frame   0x0000000000000000     0x7830 /home/lixx/ZGCX/S1_Project/IFord_CLD00V2.0.0/SourceCode/S1_Project/sdk/linux/init/debug/../../obj/uclibc/9.1.0/debug.o
 .debug_frame   0x0000000000007830       0x88 /home/lixx/ZGCX/S1_Project/IFord_CLD00V2.0.0/SourceCode/S1_Project/sdk/linux/init/debug/debug_init.o

.debug_str      0x0000000000000000   0x1375ad
 *(.debug_str)
 .debug_str     0x0000000000000000   0x1301b3 /home/lixx/ZGCX/S1_Project/IFord_CLD00V2.0.0/SourceCode/S1_Project/sdk/linux/init/debug/../../obj/uclibc/9.1.0/debug.o
 .debug_str     0x00000000001301b3     0x73fa /home/lixx/ZGCX/S1_Project/IFord_CLD00V2.0.0/SourceCode/S1_Project/sdk/linux/init/debug/debug_init.o

.debug_loc      0x0000000000000000    0x31f29
 *(.debug_loc)
 .debug_loc     0x0000000000000000    0x31dfd /home/lixx/ZGCX/S1_Project/IFord_CLD00V2.0.0/SourceCode/S1_Project/sdk/linux/init/debug/../../obj/uclibc/9.1.0/debug.o
 .debug_loc     0x0000000000031dfd      0x12c /home/lixx/ZGCX/S1_Project/IFord_CLD00V2.0.0/SourceCode/S1_Project/sdk/linux/init/debug/debug_init.o

.debug_macinfo
 *(.debug_macinfo)

.debug_weaknames
 *(.debug_weaknames)

.debug_funcnames
 *(.debug_funcnames)

.debug_typenames
 *(.debug_typenames)

.debug_varnames
 *(.debug_varnames)

.debug_pubtypes
 *(.debug_pubtypes)

.debug_ranges   0x0000000000000000     0x1148
 *(.debug_ranges)
 .debug_ranges  0x0000000000000000     0x1110 /home/lixx/ZGCX/S1_Project/IFord_CLD00V2.0.0/SourceCode/S1_Project/sdk/linux/init/debug/../../obj/uclibc/9.1.0/debug.o
 .debug_ranges  0x0000000000001110       0x38 /home/lixx/ZGCX/S1_Project/IFord_CLD00V2.0.0/SourceCode/S1_Project/sdk/linux/init/debug/debug_init.o

.debug_macro
 *(.debug_macro)

.debug_addr
 *(.debug_addr)

.gnu.attributes
 *(.gnu.attributes)

.note.gnu.arm.ident
 *(.note.gnu.arm.ident)
OUTPUT(/home/lixx/ZGCX/S1_Project/IFord_CLD00V2.0.0/SourceCode/S1_Project/sdk/linux/init/debug/mi_debug.o elf32-littlearm)
